<!doctype html public "-//w3c//dtd html 4.0 transitional//en">
<html><head>
<title>Static Call Graph - [.\output\mini2451_led.axf]</title></head>
<body><HR>
<H1>Static Call Graph for image .\output\mini2451_led.axf</H1><HR>
<BR><P>#&#060CALLGRAPH&#062# ARM Linker, 5.03 [Build 24]: Last Updated: Sat Aug 20 19:56:15 2016
<BR><P>
<H3>Maximum Stack Usage =        312 bytes + Unknown(Functions without stacksize, Cycles, Untraceable Function Pointers)</H3><H3>
Call chain for Maximum Stack Depth:</H3>
_printf_f &rArr; _printf_fp_dec &rArr; _printf_fp_dec_real &rArr; _fp_digits &rArr; _btod_etento &rArr; _btod_emul &rArr; _e2e
<P>
<H3>
Functions with no stack information
</H3><UL>
 <LI><a href="#[5]">delay</a>
 <LI><a href="#[ad]">EnterCritical</a>
 <LI><a href="#[ae]">ExitCritical</a>
 <LI><a href="#[af]">SET_IF</a>
 <LI><a href="#[b0]">WR_IF</a>
 <LI><a href="#[b1]">CLR_IF</a>
 <LI><a href="#[b2]">outportw</a>
 <LI><a href="#[b3]">inportw</a>
 <LI><a href="#[66]">MMU_EnableICache</a>
 <LI><a href="#[5b]">MMU_DisableICache</a>
 <LI><a href="#[67]">MMU_EnableDCache</a>
 <LI><a href="#[5a]">MMU_DisableDCache</a>
 <LI><a href="#[64]">MMU_EnableAlignFault</a>
 <LI><a href="#[b4]">MMU_DisableAlignFault</a>
 <LI><a href="#[65]">MMU_EnableMMU</a>
 <LI><a href="#[5e]">MMU_DisableMMU</a>
 <LI><a href="#[b5]">MMU_SetFastBusMode</a>
 <LI><a href="#[b6]">MMU_SetAsyncBusMode</a>
 <LI><a href="#[61]">MMU_SetTTBase</a>
 <LI><a href="#[62]">MMU_SetDomain</a>
 <LI><a href="#[b7]">MMU_InvalidateIDCache</a>
 <LI><a href="#[5d]">MMU_InvalidateICache</a>
 <LI><a href="#[b8]">MMU_InvalidateICacheMVA</a>
 <LI><a href="#[b9]">MMU_PrefetchICacheMVA</a>
 <LI><a href="#[ba]">MMU_InvalidateDCache</a>
 <LI><a href="#[bb]">MMU_InvalidateDCacheMVA</a>
 <LI><a href="#[bc]">MMU_CleanDCacheMVA</a>
 <LI><a href="#[bd]">MMU_CleanInvalidateDCacheMVA</a>
 <LI><a href="#[be]">MMU_CleanDCacheIndex</a>
 <LI><a href="#[5c]">MMU_CleanInvalidateDCacheIndex</a>
 <LI><a href="#[bf]">MMU_WaitForInterrupt</a>
 <LI><a href="#[5f]">MMU_InvalidateTLB</a>
 <LI><a href="#[c0]">MMU_InvalidateITLB</a>
 <LI><a href="#[c1]">MMU_InvalidateITLBMVA</a>
 <LI><a href="#[c2]">MMU_InvalidateDTLB</a>
 <LI><a href="#[c3]">MMU_InvalidateDTLBMVA</a>
 <LI><a href="#[c4]">MMU_SetDCacheLockdownBase</a>
 <LI><a href="#[c5]">MMU_SetICacheLockdownBase</a>
 <LI><a href="#[c6]">MMU_SetDTLBLockdown</a>
 <LI><a href="#[c7]">MMU_SetITLBLockdown</a>
 <LI><a href="#[63]">MMU_SetProcessId</a>
</UL>
</UL>
<P>
<H3>
Mutually Recursive functions
</H3> <LI><a href="#[5]">delay</a>&nbsp;&nbsp;&nbsp;&rArr;&nbsp;&nbsp;&nbsp;<a href="#[5]">delay</a><BR>
</UL>
<P>
<H3>
Function Pointers
</H3><UL>
 <LI><a href="#[2]">_get_lc_ctype</a> from lc_ctype_c.o(locale$$code) referenced from rt_ctype_table.o(.text)
 <LI><a href="#[4]">_printf_input_char</a> from _printf_char_common.o(.text) referenced from _printf_char_common.o(.text)
 <LI><a href="#[3]">_sputc</a> from _sputc.o(.text) referenced from vsprintf.o(.text)
</UL>
<P>
<H3>
Global Symbols
</H3>
<P><STRONG><a name="[5]"></a>delay</STRONG> (ARM, 0 bytes, Stack size unknown bytes, min2451_led.o(Init), UNUSED, KEPT)
<BR><BR>[Stack]<UL><LI>Max Depth = 1184 + Unknown Stack Size
 + In Cycle
<LI>Call Chain = delay &rArr;  delay (Cycle)
</UL>
<BR>[Calls]<UL><LI><a href="#[6]">&gt;&gt;</a>&nbsp;&nbsp;&nbsp;do_irq
<LI><a href="#[5]">&gt;&gt;</a>&nbsp;&nbsp;&nbsp;delay
</UL>
<BR>[Called By]<UL><LI><a href="#[5]">&gt;&gt;</a>&nbsp;&nbsp;&nbsp;delay
</UL>

<P><STRONG><a name="[7]"></a>_printf_n</STRONG> (ARM, 0 bytes, Stack size unknown bytes, _printf_n.o(.ARM.Collect$$_printf_percent$$00000001))
<BR><BR>[Calls]<UL><LI><a href="#[8]">&gt;&gt;</a>&nbsp;&nbsp;&nbsp;_printf_charcount (via Veneer)
</UL>

<P><STRONG><a name="[82]"></a>_printf_percent</STRONG> (ARM, 0 bytes, Stack size unknown bytes, _printf_percent.o(.ARM.Collect$$_printf_percent$$00000000))
<BR><BR>[Called By]<UL><LI><a href="#[7b]">&gt;&gt;</a>&nbsp;&nbsp;&nbsp;__printf (via BLX)
</UL>

<P><STRONG><a name="[9]"></a>_printf_p</STRONG> (ARM, 0 bytes, Stack size unknown bytes, _printf_p.o(.ARM.Collect$$_printf_percent$$00000002))
<BR><BR>[Stack]<UL><LI>Max Depth = 88 + Unknown Stack Size
<LI>Call Chain = _printf_p &rArr; _printf_hex_ptr &rArr; _printf_longlong_hex &rArr; _printf_int_common &rArr; _printf_post_padding
</UL>
<BR>[Calls]<UL><LI><a href="#[a]">&gt;&gt;</a>&nbsp;&nbsp;&nbsp;_printf_hex_ptr (via Veneer)
</UL>

<P><STRONG><a name="[b]"></a>_printf_f</STRONG> (ARM, 0 bytes, Stack size unknown bytes, _printf_f.o(.ARM.Collect$$_printf_percent$$00000003))
<BR><BR>[Stack]<UL><LI>Max Depth = 312 + Unknown Stack Size
<LI>Call Chain = _printf_f &rArr; _printf_fp_dec &rArr; _printf_fp_dec_real &rArr; _fp_digits &rArr; _btod_etento &rArr; _btod_emul &rArr; _e2e
</UL>
<BR>[Calls]<UL><LI><a href="#[c]">&gt;&gt;</a>&nbsp;&nbsp;&nbsp;_printf_fp_dec
</UL>

<P><STRONG><a name="[d]"></a>_printf_e</STRONG> (ARM, 0 bytes, Stack size unknown bytes, _printf_e.o(.ARM.Collect$$_printf_percent$$00000004))
<BR><BR>[Stack]<UL><LI>Max Depth = 312 + Unknown Stack Size
<LI>Call Chain = _printf_e &rArr; _printf_fp_dec &rArr; _printf_fp_dec_real &rArr; _fp_digits &rArr; _btod_etento &rArr; _btod_emul &rArr; _e2e
</UL>
<BR>[Calls]<UL><LI><a href="#[c]">&gt;&gt;</a>&nbsp;&nbsp;&nbsp;_printf_fp_dec
</UL>

<P><STRONG><a name="[e]"></a>_printf_g</STRONG> (ARM, 0 bytes, Stack size unknown bytes, _printf_g.o(.ARM.Collect$$_printf_percent$$00000005))
<BR><BR>[Stack]<UL><LI>Max Depth = 312 + Unknown Stack Size
<LI>Call Chain = _printf_g &rArr; _printf_fp_dec &rArr; _printf_fp_dec_real &rArr; _fp_digits &rArr; _btod_etento &rArr; _btod_emul &rArr; _e2e
</UL>
<BR>[Calls]<UL><LI><a href="#[c]">&gt;&gt;</a>&nbsp;&nbsp;&nbsp;_printf_fp_dec
</UL>

<P><STRONG><a name="[f]"></a>_printf_a</STRONG> (ARM, 0 bytes, Stack size unknown bytes, _printf_a.o(.ARM.Collect$$_printf_percent$$00000006))
<BR><BR>[Stack]<UL><LI>Max Depth = 112 + Unknown Stack Size
<LI>Call Chain = _printf_a &rArr; _printf_fp_hex &rArr; _printf_fp_hex_real &rArr; _printf_fp_infnan &rArr; _printf_post_padding
</UL>
<BR>[Calls]<UL><LI><a href="#[10]">&gt;&gt;</a>&nbsp;&nbsp;&nbsp;_printf_fp_hex
</UL>

<P><STRONG><a name="[9a]"></a>_printf_ll</STRONG> (ARM, 0 bytes, Stack size unknown bytes, _printf_ll.o(.ARM.Collect$$_printf_percent$$00000007))

<P><STRONG><a name="[11]"></a>_printf_i</STRONG> (ARM, 0 bytes, Stack size unknown bytes, _printf_i.o(.ARM.Collect$$_printf_percent$$00000008))
<BR><BR>[Stack]<UL><LI>Max Depth = 88 + Unknown Stack Size
<LI>Call Chain = _printf_i &rArr; _printf_int_dec &rArr; _printf_int_common &rArr; _printf_post_padding
</UL>
<BR>[Calls]<UL><LI><a href="#[12]">&gt;&gt;</a>&nbsp;&nbsp;&nbsp;_printf_int_dec (via Veneer)
</UL>

<P><STRONG><a name="[13]"></a>_printf_d</STRONG> (ARM, 0 bytes, Stack size unknown bytes, _printf_d.o(.ARM.Collect$$_printf_percent$$00000009))
<BR><BR>[Stack]<UL><LI>Max Depth = 88 + Unknown Stack Size
<LI>Call Chain = _printf_d &rArr; _printf_int_dec &rArr; _printf_int_common &rArr; _printf_post_padding
</UL>
<BR>[Calls]<UL><LI><a href="#[12]">&gt;&gt;</a>&nbsp;&nbsp;&nbsp;_printf_int_dec (via Veneer)
</UL>

<P><STRONG><a name="[14]"></a>_printf_u</STRONG> (ARM, 0 bytes, Stack size unknown bytes, _printf_u.o(.ARM.Collect$$_printf_percent$$0000000A))
<BR><BR>[Stack]<UL><LI>Max Depth = 88 + Unknown Stack Size
<LI>Call Chain = _printf_u &rArr; _printf_int_dec &rArr; _printf_int_common &rArr; _printf_post_padding
</UL>
<BR>[Calls]<UL><LI><a href="#[12]">&gt;&gt;</a>&nbsp;&nbsp;&nbsp;_printf_int_dec (via Veneer)
</UL>

<P><STRONG><a name="[15]"></a>_printf_o</STRONG> (ARM, 0 bytes, Stack size unknown bytes, _printf_o.o(.ARM.Collect$$_printf_percent$$0000000B))
<BR><BR>[Stack]<UL><LI>Max Depth = 80 + Unknown Stack Size
<LI>Call Chain = _printf_o &rArr; _printf_int_oct &rArr; _printf_longlong_oct &rArr; _printf_int_common &rArr; _printf_post_padding
</UL>
<BR>[Calls]<UL><LI><a href="#[16]">&gt;&gt;</a>&nbsp;&nbsp;&nbsp;_printf_int_oct (via Veneer)
</UL>

<P><STRONG><a name="[17]"></a>_printf_x</STRONG> (ARM, 0 bytes, Stack size unknown bytes, _printf_x.o(.ARM.Collect$$_printf_percent$$0000000C))
<BR><BR>[Stack]<UL><LI>Max Depth = 96 + Unknown Stack Size
<LI>Call Chain = _printf_x &rArr; _printf_int_hex &rArr; _printf_longlong_hex &rArr; _printf_int_common &rArr; _printf_post_padding
</UL>
<BR>[Calls]<UL><LI><a href="#[18]">&gt;&gt;</a>&nbsp;&nbsp;&nbsp;_printf_int_hex (via Veneer)
</UL>

<P><STRONG><a name="[19]"></a>_printf_lli</STRONG> (ARM, 0 bytes, Stack size unknown bytes, _printf_lli.o(.ARM.Collect$$_printf_percent$$0000000D))
<BR><BR>[Stack]<UL><LI>Max Depth = 88 + Unknown Stack Size
<LI>Call Chain = _printf_lli &rArr; _printf_longlong_dec &rArr; _printf_int_common &rArr; _printf_post_padding
</UL>
<BR>[Calls]<UL><LI><a href="#[1a]">&gt;&gt;</a>&nbsp;&nbsp;&nbsp;_printf_longlong_dec (via Veneer)
</UL>

<P><STRONG><a name="[1b]"></a>_printf_lld</STRONG> (ARM, 0 bytes, Stack size unknown bytes, _printf_lld.o(.ARM.Collect$$_printf_percent$$0000000E))
<BR><BR>[Stack]<UL><LI>Max Depth = 88 + Unknown Stack Size
<LI>Call Chain = _printf_lld &rArr; _printf_longlong_dec &rArr; _printf_int_common &rArr; _printf_post_padding
</UL>
<BR>[Calls]<UL><LI><a href="#[1a]">&gt;&gt;</a>&nbsp;&nbsp;&nbsp;_printf_longlong_dec (via Veneer)
</UL>

<P><STRONG><a name="[1c]"></a>_printf_llu</STRONG> (ARM, 0 bytes, Stack size unknown bytes, _printf_llu.o(.ARM.Collect$$_printf_percent$$0000000F))
<BR><BR>[Stack]<UL><LI>Max Depth = 88 + Unknown Stack Size
<LI>Call Chain = _printf_llu &rArr; _printf_longlong_dec &rArr; _printf_int_common &rArr; _printf_post_padding
</UL>
<BR>[Calls]<UL><LI><a href="#[1a]">&gt;&gt;</a>&nbsp;&nbsp;&nbsp;_printf_longlong_dec (via Veneer)
</UL>

<P><STRONG><a name="[1d]"></a>_printf_llo</STRONG> (ARM, 0 bytes, Stack size unknown bytes, _printf_llo.o(.ARM.Collect$$_printf_percent$$00000010))
<BR><BR>[Stack]<UL><LI>Max Depth = 72 + Unknown Stack Size
<LI>Call Chain = _printf_llo &rArr; _printf_ll_oct &rArr; _printf_longlong_oct &rArr; _printf_int_common &rArr; _printf_post_padding
</UL>
<BR>[Calls]<UL><LI><a href="#[1e]">&gt;&gt;</a>&nbsp;&nbsp;&nbsp;_printf_ll_oct (via Veneer)
</UL>

<P><STRONG><a name="[1f]"></a>_printf_llx</STRONG> (ARM, 0 bytes, Stack size unknown bytes, _printf_llx.o(.ARM.Collect$$_printf_percent$$00000011))
<BR><BR>[Stack]<UL><LI>Max Depth = 80 + Unknown Stack Size
<LI>Call Chain = _printf_llx &rArr; _printf_ll_hex &rArr; _printf_longlong_hex &rArr; _printf_int_common &rArr; _printf_post_padding
</UL>
<BR>[Calls]<UL><LI><a href="#[20]">&gt;&gt;</a>&nbsp;&nbsp;&nbsp;_printf_ll_hex (via Veneer)
</UL>

<P><STRONG><a name="[9b]"></a>_printf_l</STRONG> (ARM, 0 bytes, Stack size unknown bytes, _printf_l.o(.ARM.Collect$$_printf_percent$$00000012))

<P><STRONG><a name="[21]"></a>_printf_c</STRONG> (ARM, 0 bytes, Stack size unknown bytes, _printf_c.o(.ARM.Collect$$_printf_percent$$00000013))
<BR><BR>[Stack]<UL><LI>Max Depth = 40 + Unknown Stack Size
<LI>Call Chain = _printf_c &rArr; _printf_char &rArr; _printf_cs_common &rArr; _printf_str &rArr; _printf_post_padding
</UL>
<BR>[Calls]<UL><LI><a href="#[22]">&gt;&gt;</a>&nbsp;&nbsp;&nbsp;_printf_char (via Veneer)
</UL>

<P><STRONG><a name="[23]"></a>_printf_s</STRONG> (ARM, 0 bytes, Stack size unknown bytes, _printf_s.o(.ARM.Collect$$_printf_percent$$00000014))
<BR><BR>[Stack]<UL><LI>Max Depth = 40 + Unknown Stack Size
<LI>Call Chain = _printf_s &rArr; _printf_string &rArr; _printf_cs_common &rArr; _printf_str &rArr; _printf_post_padding
</UL>
<BR>[Calls]<UL><LI><a href="#[24]">&gt;&gt;</a>&nbsp;&nbsp;&nbsp;_printf_string (via Veneer)
</UL>

<P><STRONG><a name="[25]"></a>_printf_lc</STRONG> (ARM, 0 bytes, Stack size unknown bytes, _printf_lc.o(.ARM.Collect$$_printf_percent$$00000015))
<BR><BR>[Stack]<UL><LI>Max Depth = 88 + Unknown Stack Size
<LI>Call Chain = _printf_lc &rArr; _printf_wchar &rArr; _printf_lcs_common &rArr; _printf_wctomb &rArr; _wcrtomb &rArr; __rt_ctype_table
</UL>
<BR>[Calls]<UL><LI><a href="#[26]">&gt;&gt;</a>&nbsp;&nbsp;&nbsp;_printf_wchar (via Veneer)
</UL>

<P><STRONG><a name="[27]"></a>_printf_ls</STRONG> (ARM, 0 bytes, Stack size unknown bytes, _printf_ls.o(.ARM.Collect$$_printf_percent$$00000016))
<BR><BR>[Stack]<UL><LI>Max Depth = 88 + Unknown Stack Size
<LI>Call Chain = _printf_ls &rArr; _printf_wstring &rArr; _printf_lcs_common &rArr; _printf_wctomb &rArr; _wcrtomb &rArr; __rt_ctype_table
</UL>
<BR>[Calls]<UL><LI><a href="#[28]">&gt;&gt;</a>&nbsp;&nbsp;&nbsp;_printf_wstring (via Veneer)
</UL>

<P><STRONG><a name="[9c]"></a>_printf_percent_end</STRONG> (ARM, 0 bytes, Stack size unknown bytes, _printf_percent_end.o(.ARM.Collect$$_printf_percent$$00000017))

<P><STRONG><a name="[29]"></a>Main</STRONG> (ARM, 720 bytes, Stack size 0 bytes, main.o(.text), UNUSED)
<BR><BR>[Calls]<UL><LI><a href="#[2b]">&gt;&gt;</a>&nbsp;&nbsp;&nbsp;uart_init
<LI><a href="#[33]">&gt;&gt;</a>&nbsp;&nbsp;&nbsp;time_set
<LI><a href="#[30]">&gt;&gt;</a>&nbsp;&nbsp;&nbsp;time0_init
<LI><a href="#[31]">&gt;&gt;</a>&nbsp;&nbsp;&nbsp;my_printf
<LI><a href="#[32]">&gt;&gt;</a>&nbsp;&nbsp;&nbsp;led_flag
<LI><a href="#[2c]">&gt;&gt;</a>&nbsp;&nbsp;&nbsp;lcd_init
<LI><a href="#[35]">&gt;&gt;</a>&nbsp;&nbsp;&nbsp;lcd_dis_pic_time_model
<LI><a href="#[34]">&gt;&gt;</a>&nbsp;&nbsp;&nbsp;lcd_dis_pic
<LI><a href="#[2e]">&gt;&gt;</a>&nbsp;&nbsp;&nbsp;key_init
<LI><a href="#[2d]">&gt;&gt;</a>&nbsp;&nbsp;&nbsp;chear_test
<LI><a href="#[37]">&gt;&gt;</a>&nbsp;&nbsp;&nbsp;change_photo_style_two
<LI><a href="#[36]">&gt;&gt;</a>&nbsp;&nbsp;&nbsp;change_photo_set
<LI><a href="#[38]">&gt;&gt;</a>&nbsp;&nbsp;&nbsp;change_photo_display
<LI><a href="#[2f]">&gt;&gt;</a>&nbsp;&nbsp;&nbsp;Uart0_Interrupt_Init
<LI><a href="#[2a]">&gt;&gt;</a>&nbsp;&nbsp;&nbsp;MMU_Init
</UL>

<P><STRONG><a name="[9d]"></a>__rt_lib_init_lc_ctype_2</STRONG> (Thumb, 0 bytes, Stack size 0 bytes, libinit2.o(.ARM.Collect$$libinit$$00000011))

<P><STRONG><a name="[9e]"></a>__rt_lib_init_lc_numeric_2</STRONG> (Thumb, 0 bytes, Stack size 0 bytes, libinit2.o(.ARM.Collect$$libinit$$00000015))

<P><STRONG><a name="[9f]"></a>clock_init</STRONG> (ARM, 40 bytes, Stack size 0 bytes, clock.o(.text), UNUSED)

<P><STRONG><a name="[2b]"></a>uart_init</STRONG> (ARM, 68 bytes, Stack size 0 bytes, uart.o(.text), UNUSED)
<BR><BR>[Called By]<UL><LI><a href="#[29]">&gt;&gt;</a>&nbsp;&nbsp;&nbsp;Main
</UL>

<P><STRONG><a name="[3a]"></a>putchar</STRONG> (ARM, 32 bytes, Stack size 0 bytes, uart.o(.text), UNUSED, KEPT)
<BR><BR>[Called By]<UL><LI><a href="#[3d]">&gt;&gt;</a>&nbsp;&nbsp;&nbsp;my_scanf
<LI><a href="#[31]">&gt;&gt;</a>&nbsp;&nbsp;&nbsp;my_printf
</UL>

<P><STRONG><a name="[3e]"></a>getchar</STRONG> (ARM, 32 bytes, Stack size 0 bytes, uart.o(.text), UNUSED)
<BR><BR>[Called By]<UL><LI><a href="#[3d]">&gt;&gt;</a>&nbsp;&nbsp;&nbsp;my_scanf
</UL>

<P><STRONG><a name="[31]"></a>my_printf</STRONG> (ARM, 104 bytes, Stack size 1056 bytes, printf.o(.text), UNUSED, KEPT)
<BR><BR>[Stack]<UL><LI>Max Depth = 1168 + Unknown Stack Size
<LI>Call Chain = my_printf &rArr; vsprintf &rArr; _printf_char_common &rArr; __printf
</UL>
<BR>[Calls]<UL><LI><a href="#[3c]">&gt;&gt;</a>&nbsp;&nbsp;&nbsp;__aeabi_memclr4
<LI><a href="#[3b]">&gt;&gt;</a>&nbsp;&nbsp;&nbsp;strlen (via BLX)
<LI><a href="#[39]">&gt;&gt;</a>&nbsp;&nbsp;&nbsp;vsprintf (via BLX)
<LI><a href="#[3a]">&gt;&gt;</a>&nbsp;&nbsp;&nbsp;putchar
</UL>
<BR>[Called By]<UL><LI><a href="#[55]">&gt;&gt;</a>&nbsp;&nbsp;&nbsp;uart_interrpt
<LI><a href="#[33]">&gt;&gt;</a>&nbsp;&nbsp;&nbsp;time_set
<LI><a href="#[29]">&gt;&gt;</a>&nbsp;&nbsp;&nbsp;Main
</UL>

<P><STRONG><a name="[3d]"></a>my_scanf</STRONG> (ARM, 140 bytes, Stack size 1056 bytes, printf.o(.text), UNUSED)
<BR><BR>[Calls]<UL><LI><a href="#[3c]">&gt;&gt;</a>&nbsp;&nbsp;&nbsp;__aeabi_memclr4
<LI><a href="#[3f]">&gt;&gt;</a>&nbsp;&nbsp;&nbsp;my_vsscanf
<LI><a href="#[3e]">&gt;&gt;</a>&nbsp;&nbsp;&nbsp;getchar
<LI><a href="#[3a]">&gt;&gt;</a>&nbsp;&nbsp;&nbsp;putchar
</UL>

<P><STRONG><a name="[43]"></a>is_digit</STRONG> (ARM, 36 bytes, Stack size 0 bytes, my_vsprintf.o(.text), UNUSED)
<BR><BR>[Called By]<UL><LI><a href="#[44]">&gt;&gt;</a>&nbsp;&nbsp;&nbsp;my_simple_strtoull
<LI><a href="#[40]">&gt;&gt;</a>&nbsp;&nbsp;&nbsp;my_simple_strtoul
<LI><a href="#[47]">&gt;&gt;</a>&nbsp;&nbsp;&nbsp;my_skip_atoi
<LI><a href="#[3f]">&gt;&gt;</a>&nbsp;&nbsp;&nbsp;my_vsscanf
</UL>

<P><STRONG><a name="[42]"></a>is_xdigit</STRONG> (ARM, 68 bytes, Stack size 0 bytes, my_vsprintf.o(.text), UNUSED)
<BR><BR>[Called By]<UL><LI><a href="#[44]">&gt;&gt;</a>&nbsp;&nbsp;&nbsp;my_simple_strtoull
<LI><a href="#[40]">&gt;&gt;</a>&nbsp;&nbsp;&nbsp;my_simple_strtoul
<LI><a href="#[3f]">&gt;&gt;</a>&nbsp;&nbsp;&nbsp;my_vsscanf
</UL>

<P><STRONG><a name="[49]"></a>iss_pace</STRONG> (ARM, 72 bytes, Stack size 12 bytes, my_vsprintf.o(.text), UNUSED)
<BR><BR>[Called By]<UL><LI><a href="#[3f]">&gt;&gt;</a>&nbsp;&nbsp;&nbsp;my_vsscanf
</UL>

<P><STRONG><a name="[40]"></a>my_simple_strtoul</STRONG> (ARM, 236 bytes, Stack size 24 bytes, my_vsprintf.o(.text), UNUSED)
<BR><BR>[Calls]<UL><LI><a href="#[41]">&gt;&gt;</a>&nbsp;&nbsp;&nbsp;toupper (via BLX)
<LI><a href="#[42]">&gt;&gt;</a>&nbsp;&nbsp;&nbsp;is_xdigit
<LI><a href="#[43]">&gt;&gt;</a>&nbsp;&nbsp;&nbsp;is_digit
</UL>
<BR>[Called By]<UL><LI><a href="#[48]">&gt;&gt;</a>&nbsp;&nbsp;&nbsp;my_simple_strtol
<LI><a href="#[3f]">&gt;&gt;</a>&nbsp;&nbsp;&nbsp;my_vsscanf
</UL>

<P><STRONG><a name="[44]"></a>my_simple_strtoull</STRONG> (ARM, 320 bytes, Stack size 32 bytes, my_vsprintf.o(.text), UNUSED)
<BR><BR>[Calls]<UL><LI><a href="#[41]">&gt;&gt;</a>&nbsp;&nbsp;&nbsp;toupper (via BLX)
<LI><a href="#[45]">&gt;&gt;</a>&nbsp;&nbsp;&nbsp;__rt_ctype_table
<LI><a href="#[42]">&gt;&gt;</a>&nbsp;&nbsp;&nbsp;is_xdigit
<LI><a href="#[43]">&gt;&gt;</a>&nbsp;&nbsp;&nbsp;is_digit
</UL>
<BR>[Called By]<UL><LI><a href="#[46]">&gt;&gt;</a>&nbsp;&nbsp;&nbsp;my_simple_strtoll
<LI><a href="#[3f]">&gt;&gt;</a>&nbsp;&nbsp;&nbsp;my_vsscanf
</UL>

<P><STRONG><a name="[46]"></a>my_simple_strtoll</STRONG> (ARM, 76 bytes, Stack size 16 bytes, my_vsprintf.o(.text), UNUSED)
<BR><BR>[Calls]<UL><LI><a href="#[44]">&gt;&gt;</a>&nbsp;&nbsp;&nbsp;my_simple_strtoull
</UL>
<BR>[Called By]<UL><LI><a href="#[3f]">&gt;&gt;</a>&nbsp;&nbsp;&nbsp;my_vsscanf
</UL>

<P><STRONG><a name="[48]"></a>my_simple_strtol</STRONG> (ARM, 72 bytes, Stack size 16 bytes, my_vsprintf.o(.text), UNUSED)
<BR><BR>[Calls]<UL><LI><a href="#[40]">&gt;&gt;</a>&nbsp;&nbsp;&nbsp;my_simple_strtoul
</UL>
<BR>[Called By]<UL><LI><a href="#[3f]">&gt;&gt;</a>&nbsp;&nbsp;&nbsp;my_vsscanf
</UL>

<P><STRONG><a name="[3f]"></a>my_vsscanf</STRONG> (ARM, 1944 bytes, Stack size 56 bytes, my_vsprintf.o(.text), UNUSED)
<BR><BR>[Calls]<UL><LI><a href="#[48]">&gt;&gt;</a>&nbsp;&nbsp;&nbsp;my_simple_strtol
<LI><a href="#[46]">&gt;&gt;</a>&nbsp;&nbsp;&nbsp;my_simple_strtoll
<LI><a href="#[44]">&gt;&gt;</a>&nbsp;&nbsp;&nbsp;my_simple_strtoull
<LI><a href="#[40]">&gt;&gt;</a>&nbsp;&nbsp;&nbsp;my_simple_strtoul
<LI><a href="#[49]">&gt;&gt;</a>&nbsp;&nbsp;&nbsp;iss_pace
<LI><a href="#[42]">&gt;&gt;</a>&nbsp;&nbsp;&nbsp;is_xdigit
<LI><a href="#[43]">&gt;&gt;</a>&nbsp;&nbsp;&nbsp;is_digit
<LI><a href="#[47]">&gt;&gt;</a>&nbsp;&nbsp;&nbsp;my_skip_atoi
</UL>
<BR>[Called By]<UL><LI><a href="#[3d]">&gt;&gt;</a>&nbsp;&nbsp;&nbsp;my_scanf
</UL>

<P><STRONG><a name="[2c]"></a>lcd_init</STRONG> (ARM, 292 bytes, Stack size 0 bytes, lcd.o(.text), UNUSED)
<BR><BR>[Called By]<UL><LI><a href="#[29]">&gt;&gt;</a>&nbsp;&nbsp;&nbsp;Main
</UL>

<P><STRONG><a name="[2d]"></a>chear_test</STRONG> (ARM, 64 bytes, Stack size 0 bytes, lcd.o(.text), UNUSED)
<BR><BR>[Called By]<UL><LI><a href="#[29]">&gt;&gt;</a>&nbsp;&nbsp;&nbsp;Main
</UL>

<P><STRONG><a name="[6e]"></a>lcd_dis_pic_time</STRONG> (ARM, 116 bytes, Stack size 12 bytes, lcd.o(.text), UNUSED)
<BR><BR>[Called By]<UL><LI><a href="#[38]">&gt;&gt;</a>&nbsp;&nbsp;&nbsp;change_photo_display
</UL>

<P><STRONG><a name="[34]"></a>lcd_dis_pic</STRONG> (ARM, 116 bytes, Stack size 12 bytes, lcd.o(.text), UNUSED)
<BR><BR>[Called By]<UL><LI><a href="#[29]">&gt;&gt;</a>&nbsp;&nbsp;&nbsp;Main
</UL>

<P><STRONG><a name="[35]"></a>lcd_dis_pic_time_model</STRONG> (ARM, 128 bytes, Stack size 24 bytes, lcd.o(.text), UNUSED)
<BR><BR>[Calls]<UL><LI><a href="#[4a]">&gt;&gt;</a>&nbsp;&nbsp;&nbsp;RTC_Time_model_display
</UL>
<BR>[Called By]<UL><LI><a href="#[29]">&gt;&gt;</a>&nbsp;&nbsp;&nbsp;Main
</UL>

<P><STRONG><a name="[a0]"></a>lcd_draw_cline</STRONG> (ARM, 76 bytes, Stack size 12 bytes, lcd.o(.text), UNUSED)

<P><STRONG><a name="[a1]"></a>lcd_draw_squ</STRONG> (ARM, 264 bytes, Stack size 24 bytes, lcd.o(.text), UNUSED)

<P><STRONG><a name="[4b]"></a>lcd_draw_char</STRONG> (ARM, 288 bytes, Stack size 96 bytes, lcd.o(.text), UNUSED)
<BR><BR>[Calls]<UL><LI><a href="#[4c]">&gt;&gt;</a>&nbsp;&nbsp;&nbsp;__aeabi_memcpy4
</UL>
<BR>[Called By]<UL><LI><a href="#[50]">&gt;&gt;</a>&nbsp;&nbsp;&nbsp;lcd_draw_ch_en_str
<LI><a href="#[4d]">&gt;&gt;</a>&nbsp;&nbsp;&nbsp;lcd_draw_str
</UL>

<P><STRONG><a name="[4d]"></a>lcd_draw_str</STRONG> (ARM, 120 bytes, Stack size 32 bytes, lcd.o(.text), UNUSED)
<BR><BR>[Calls]<UL><LI><a href="#[4b]">&gt;&gt;</a>&nbsp;&nbsp;&nbsp;lcd_draw_char
</UL>

<P><STRONG><a name="[4e]"></a>lcd_draw_chinese</STRONG> (ARM, 492 bytes, Stack size 88 bytes, lcd.o(.text), UNUSED)
<BR><BR>[Calls]<UL><LI><a href="#[4c]">&gt;&gt;</a>&nbsp;&nbsp;&nbsp;__aeabi_memcpy4
</UL>
<BR>[Called By]<UL><LI><a href="#[50]">&gt;&gt;</a>&nbsp;&nbsp;&nbsp;lcd_draw_ch_en_str
<LI><a href="#[4f]">&gt;&gt;</a>&nbsp;&nbsp;&nbsp;lcd_draw_chinese_str
</UL>

<P><STRONG><a name="[4f]"></a>lcd_draw_chinese_str</STRONG> (ARM, 196 bytes, Stack size 40 bytes, lcd.o(.text), UNUSED)
<BR><BR>[Calls]<UL><LI><a href="#[4e]">&gt;&gt;</a>&nbsp;&nbsp;&nbsp;lcd_draw_chinese
</UL>

<P><STRONG><a name="[50]"></a>lcd_draw_ch_en_str</STRONG> (ARM, 280 bytes, Stack size 40 bytes, lcd.o(.text), UNUSED)
<BR><BR>[Calls]<UL><LI><a href="#[4e]">&gt;&gt;</a>&nbsp;&nbsp;&nbsp;lcd_draw_chinese
<LI><a href="#[4b]">&gt;&gt;</a>&nbsp;&nbsp;&nbsp;lcd_draw_char
</UL>
<BR>[Called By]<UL><LI><a href="#[69]">&gt;&gt;</a>&nbsp;&nbsp;&nbsp;RTC_Time_display
<LI><a href="#[4a]">&gt;&gt;</a>&nbsp;&nbsp;&nbsp;RTC_Time_model_display
</UL>

<P><STRONG><a name="[6f]"></a>lcd_dis_pic_half</STRONG> (ARM, 208 bytes, Stack size 24 bytes, lcd.o(.text), UNUSED)
<BR><BR>[Called By]<UL><LI><a href="#[37]">&gt;&gt;</a>&nbsp;&nbsp;&nbsp;change_photo_style_two
</UL>

<P><STRONG><a name="[51]"></a>lcd_dis_pic_ten</STRONG> (ARM, 156 bytes, Stack size 24 bytes, lcd.o(.text), UNUSED)
<BR><BR>[Calls]<UL><LI><a href="#[52]">&gt;&gt;</a>&nbsp;&nbsp;&nbsp;__aeabi_uidivmod
<LI><a href="#[53]">&gt;&gt;</a>&nbsp;&nbsp;&nbsp;delay_ini
</UL>
<BR>[Called By]<UL><LI><a href="#[37]">&gt;&gt;</a>&nbsp;&nbsp;&nbsp;change_photo_style_two
</UL>

<P><STRONG><a name="[54]"></a>lcd_dis_pic_four</STRONG> (ARM, 240 bytes, Stack size 24 bytes, lcd.o(.text), UNUSED)
<BR><BR>[Calls]<UL><LI><a href="#[53]">&gt;&gt;</a>&nbsp;&nbsp;&nbsp;delay_ini
</UL>
<BR>[Called By]<UL><LI><a href="#[37]">&gt;&gt;</a>&nbsp;&nbsp;&nbsp;change_photo_style_two
</UL>

<P><STRONG><a name="[a2]"></a>delay_int</STRONG> (ARM, 20 bytes, Stack size 0 bytes, irq.o(.text), UNUSED)

<P><STRONG><a name="[55]"></a>uart_interrpt</STRONG> (ARM, 876 bytes, Stack size 8 bytes, irq.o(.text), UNUSED, KEPT)
<BR><BR>[Stack]<UL><LI>Max Depth = 1176 + Unknown Stack Size
<LI>Call Chain = uart_interrpt &rArr; my_printf &rArr; vsprintf &rArr; _printf_char_common &rArr; __printf
</UL>
<BR>[Calls]<UL><LI><a href="#[56]">&gt;&gt;</a>&nbsp;&nbsp;&nbsp;strcmp
<LI><a href="#[57]">&gt;&gt;</a>&nbsp;&nbsp;&nbsp;__aeabi_memclr
<LI><a href="#[31]">&gt;&gt;</a>&nbsp;&nbsp;&nbsp;my_printf
</UL>
<BR>[Called By]<UL><LI><a href="#[6]">&gt;&gt;</a>&nbsp;&nbsp;&nbsp;do_irq
</UL>

<P><STRONG><a name="[53]"></a>delay_ini</STRONG> (ARM, 20 bytes, Stack size 0 bytes, irq.o(.text), UNUSED, KEPT)
<BR><BR>[Called By]<UL><LI><a href="#[58]">&gt;&gt;</a>&nbsp;&nbsp;&nbsp;key_interrupt
<LI><a href="#[54]">&gt;&gt;</a>&nbsp;&nbsp;&nbsp;lcd_dis_pic_four
<LI><a href="#[51]">&gt;&gt;</a>&nbsp;&nbsp;&nbsp;lcd_dis_pic_ten
</UL>

<P><STRONG><a name="[58]"></a>key_interrupt</STRONG> (ARM, 340 bytes, Stack size 4 bytes, irq.o(.text), UNUSED, KEPT)
<BR><BR>[Stack]<UL><LI>Max Depth = 4<LI>Call Chain = key_interrupt
</UL>
<BR>[Calls]<UL><LI><a href="#[53]">&gt;&gt;</a>&nbsp;&nbsp;&nbsp;delay_ini
</UL>
<BR>[Called By]<UL><LI><a href="#[6]">&gt;&gt;</a>&nbsp;&nbsp;&nbsp;do_irq
</UL>

<P><STRONG><a name="[59]"></a>timer_interrupt</STRONG> (ARM, 96 bytes, Stack size 0 bytes, irq.o(.text), UNUSED, KEPT)
<BR><BR>[Called By]<UL><LI><a href="#[6]">&gt;&gt;</a>&nbsp;&nbsp;&nbsp;do_irq
</UL>

<P><STRONG><a name="[6]"></a>do_irq</STRONG> (ARM, 48 bytes, Stack size 8 bytes, irq.o(.text), UNUSED, KEPT)
<BR><BR>[Stack]<UL><LI>Max Depth = 1184 + Unknown Stack Size
<LI>Call Chain = do_irq &rArr; uart_interrpt &rArr; my_printf &rArr; vsprintf &rArr; _printf_char_common &rArr; __printf
</UL>
<BR>[Calls]<UL><LI><a href="#[59]">&gt;&gt;</a>&nbsp;&nbsp;&nbsp;timer_interrupt
<LI><a href="#[58]">&gt;&gt;</a>&nbsp;&nbsp;&nbsp;key_interrupt
<LI><a href="#[55]">&gt;&gt;</a>&nbsp;&nbsp;&nbsp;uart_interrpt
</UL>
<BR>[Called By]<UL><LI><a href="#[5]">&gt;&gt;</a>&nbsp;&nbsp;&nbsp;delay
</UL>

<P><STRONG><a name="[2e]"></a>key_init</STRONG> (ARM, 68 bytes, Stack size 0 bytes, irq.o(.text), UNUSED)
<BR><BR>[Called By]<UL><LI><a href="#[29]">&gt;&gt;</a>&nbsp;&nbsp;&nbsp;Main
</UL>

<P><STRONG><a name="[60]"></a>MMU_SetMTT</STRONG> (ARM, 88 bytes, Stack size 20 bytes, mmu.o(.text), UNUSED)
<BR><BR>[Called By]<UL><LI><a href="#[68]">&gt;&gt;</a>&nbsp;&nbsp;&nbsp;ChangeRomCacheStatus
<LI><a href="#[2a]">&gt;&gt;</a>&nbsp;&nbsp;&nbsp;MMU_Init
</UL>

<P><STRONG><a name="[2a]"></a>MMU_Init</STRONG> (ARM, 420 bytes, Stack size 16 bytes, mmu.o(.text), UNUSED)
<BR><BR>[Calls]<UL><LI><a href="#[60]">&gt;&gt;</a>&nbsp;&nbsp;&nbsp;MMU_SetMTT
<LI><a href="#[63]">&gt;&gt;</a>&nbsp;&nbsp;&nbsp;MMU_SetProcessId
<LI><a href="#[5f]">&gt;&gt;</a>&nbsp;&nbsp;&nbsp;MMU_InvalidateTLB
<LI><a href="#[5c]">&gt;&gt;</a>&nbsp;&nbsp;&nbsp;MMU_CleanInvalidateDCacheIndex
<LI><a href="#[5d]">&gt;&gt;</a>&nbsp;&nbsp;&nbsp;MMU_InvalidateICache
<LI><a href="#[62]">&gt;&gt;</a>&nbsp;&nbsp;&nbsp;MMU_SetDomain
<LI><a href="#[61]">&gt;&gt;</a>&nbsp;&nbsp;&nbsp;MMU_SetTTBase
<LI><a href="#[5e]">&gt;&gt;</a>&nbsp;&nbsp;&nbsp;MMU_DisableMMU
<LI><a href="#[65]">&gt;&gt;</a>&nbsp;&nbsp;&nbsp;MMU_EnableMMU
<LI><a href="#[64]">&gt;&gt;</a>&nbsp;&nbsp;&nbsp;MMU_EnableAlignFault
<LI><a href="#[5a]">&gt;&gt;</a>&nbsp;&nbsp;&nbsp;MMU_DisableDCache
<LI><a href="#[67]">&gt;&gt;</a>&nbsp;&nbsp;&nbsp;MMU_EnableDCache
<LI><a href="#[5b]">&gt;&gt;</a>&nbsp;&nbsp;&nbsp;MMU_DisableICache
<LI><a href="#[66]">&gt;&gt;</a>&nbsp;&nbsp;&nbsp;MMU_EnableICache
</UL>
<BR>[Called By]<UL><LI><a href="#[29]">&gt;&gt;</a>&nbsp;&nbsp;&nbsp;Main
</UL>

<P><STRONG><a name="[68]"></a>ChangeRomCacheStatus</STRONG> (ARM, 136 bytes, Stack size 16 bytes, mmu.o(.text), UNUSED)
<BR><BR>[Calls]<UL><LI><a href="#[60]">&gt;&gt;</a>&nbsp;&nbsp;&nbsp;MMU_SetMTT
<LI><a href="#[5f]">&gt;&gt;</a>&nbsp;&nbsp;&nbsp;MMU_InvalidateTLB
<LI><a href="#[5c]">&gt;&gt;</a>&nbsp;&nbsp;&nbsp;MMU_CleanInvalidateDCacheIndex
<LI><a href="#[5d]">&gt;&gt;</a>&nbsp;&nbsp;&nbsp;MMU_InvalidateICache
<LI><a href="#[5e]">&gt;&gt;</a>&nbsp;&nbsp;&nbsp;MMU_DisableMMU
<LI><a href="#[65]">&gt;&gt;</a>&nbsp;&nbsp;&nbsp;MMU_EnableMMU
<LI><a href="#[5a]">&gt;&gt;</a>&nbsp;&nbsp;&nbsp;MMU_DisableDCache
<LI><a href="#[67]">&gt;&gt;</a>&nbsp;&nbsp;&nbsp;MMU_EnableDCache
<LI><a href="#[5b]">&gt;&gt;</a>&nbsp;&nbsp;&nbsp;MMU_DisableICache
<LI><a href="#[66]">&gt;&gt;</a>&nbsp;&nbsp;&nbsp;MMU_EnableICache
</UL>

<P><STRONG><a name="[30]"></a>time0_init</STRONG> (ARM, 76 bytes, Stack size 0 bytes, timer.o(.text), UNUSED)
<BR><BR>[Called By]<UL><LI><a href="#[29]">&gt;&gt;</a>&nbsp;&nbsp;&nbsp;Main
</UL>

<P><STRONG><a name="[6d]"></a>RTC_Time_Set</STRONG> (ARM, 76 bytes, Stack size 20 bytes, rtc.o(.text), UNUSED)
<BR><BR>[Called By]<UL><LI><a href="#[33]">&gt;&gt;</a>&nbsp;&nbsp;&nbsp;time_set
</UL>

<P><STRONG><a name="[6a]"></a>BCDToInt</STRONG> (ARM, 28 bytes, Stack size 0 bytes, rtc.o(.text), UNUSED)
<BR><BR>[Called By]<UL><LI><a href="#[69]">&gt;&gt;</a>&nbsp;&nbsp;&nbsp;RTC_Time_display
<LI><a href="#[4a]">&gt;&gt;</a>&nbsp;&nbsp;&nbsp;RTC_Time_model_display
</UL>

<P><STRONG><a name="[69]"></a>RTC_Time_display</STRONG> (ARM, 612 bytes, Stack size 64 bytes, rtc.o(.text), UNUSED)
<BR><BR>[Calls]<UL><LI><a href="#[6b]">&gt;&gt;</a>&nbsp;&nbsp;&nbsp;__aeabi_idivmod
<LI><a href="#[6a]">&gt;&gt;</a>&nbsp;&nbsp;&nbsp;BCDToInt
<LI><a href="#[50]">&gt;&gt;</a>&nbsp;&nbsp;&nbsp;lcd_draw_ch_en_str
</UL>

<P><STRONG><a name="[4a]"></a>RTC_Time_model_display</STRONG> (ARM, 852 bytes, Stack size 80 bytes, rtc.o(.text), UNUSED)
<BR><BR>[Calls]<UL><LI><a href="#[6b]">&gt;&gt;</a>&nbsp;&nbsp;&nbsp;__aeabi_idivmod
<LI><a href="#[6a]">&gt;&gt;</a>&nbsp;&nbsp;&nbsp;BCDToInt
<LI><a href="#[50]">&gt;&gt;</a>&nbsp;&nbsp;&nbsp;lcd_draw_ch_en_str
</UL>
<BR>[Called By]<UL><LI><a href="#[35]">&gt;&gt;</a>&nbsp;&nbsp;&nbsp;lcd_dis_pic_time_model
</UL>

<P><STRONG><a name="[6c]"></a>IntToBCD</STRONG> (ARM, 48 bytes, Stack size 16 bytes, rtc.o(.text), UNUSED)
<BR><BR>[Calls]<UL><LI><a href="#[6b]">&gt;&gt;</a>&nbsp;&nbsp;&nbsp;__aeabi_idivmod
</UL>
<BR>[Called By]<UL><LI><a href="#[33]">&gt;&gt;</a>&nbsp;&nbsp;&nbsp;time_set
</UL>

<P><STRONG><a name="[33]"></a>time_set</STRONG> (ARM, 568 bytes, Stack size 48 bytes, rtc.o(.text), UNUSED)
<BR><BR>[Calls]<UL><LI><a href="#[57]">&gt;&gt;</a>&nbsp;&nbsp;&nbsp;__aeabi_memclr
<LI><a href="#[6c]">&gt;&gt;</a>&nbsp;&nbsp;&nbsp;IntToBCD
<LI><a href="#[6d]">&gt;&gt;</a>&nbsp;&nbsp;&nbsp;RTC_Time_Set
<LI><a href="#[31]">&gt;&gt;</a>&nbsp;&nbsp;&nbsp;my_printf
</UL>
<BR>[Called By]<UL><LI><a href="#[29]">&gt;&gt;</a>&nbsp;&nbsp;&nbsp;Main
</UL>

<P><STRONG><a name="[36]"></a>change_photo_set</STRONG> (ARM, 120 bytes, Stack size 8 bytes, album.o(.text), UNUSED)
<BR><BR>[Calls]<UL><LI><a href="#[57]">&gt;&gt;</a>&nbsp;&nbsp;&nbsp;__aeabi_memclr
</UL>
<BR>[Called By]<UL><LI><a href="#[29]">&gt;&gt;</a>&nbsp;&nbsp;&nbsp;Main
</UL>

<P><STRONG><a name="[38]"></a>change_photo_display</STRONG> (ARM, 48 bytes, Stack size 40 bytes, album.o(.text), UNUSED)
<BR><BR>[Calls]<UL><LI><a href="#[4c]">&gt;&gt;</a>&nbsp;&nbsp;&nbsp;__aeabi_memcpy4
<LI><a href="#[6e]">&gt;&gt;</a>&nbsp;&nbsp;&nbsp;lcd_dis_pic_time
</UL>
<BR>[Called By]<UL><LI><a href="#[29]">&gt;&gt;</a>&nbsp;&nbsp;&nbsp;Main
</UL>

<P><STRONG><a name="[37]"></a>change_photo_style_two</STRONG> (ARM, 120 bytes, Stack size 40 bytes, album.o(.text), UNUSED)
<BR><BR>[Calls]<UL><LI><a href="#[4c]">&gt;&gt;</a>&nbsp;&nbsp;&nbsp;__aeabi_memcpy4
<LI><a href="#[54]">&gt;&gt;</a>&nbsp;&nbsp;&nbsp;lcd_dis_pic_four
<LI><a href="#[51]">&gt;&gt;</a>&nbsp;&nbsp;&nbsp;lcd_dis_pic_ten
<LI><a href="#[6f]">&gt;&gt;</a>&nbsp;&nbsp;&nbsp;lcd_dis_pic_half
</UL>
<BR>[Called By]<UL><LI><a href="#[29]">&gt;&gt;</a>&nbsp;&nbsp;&nbsp;Main
</UL>

<P><STRONG><a name="[2f]"></a>Uart0_Interrupt_Init</STRONG> (ARM, 40 bytes, Stack size 0 bytes, uart_irq.o(.text), UNUSED)
<BR><BR>[Called By]<UL><LI><a href="#[29]">&gt;&gt;</a>&nbsp;&nbsp;&nbsp;Main
</UL>

<P><STRONG><a name="[a3]"></a>Uart0_Interrupt_Close</STRONG> (ARM, 40 bytes, Stack size 0 bytes, uart_irq.o(.text), UNUSED)

<P><STRONG><a name="[32]"></a>led_flag</STRONG> (ARM, 188 bytes, Stack size 0 bytes, led.o(.text), UNUSED)
<BR><BR>[Called By]<UL><LI><a href="#[29]">&gt;&gt;</a>&nbsp;&nbsp;&nbsp;Main
</UL>

<P><STRONG><a name="[45]"></a>__rt_ctype_table</STRONG> (ARM, 20 bytes, Stack size 8 bytes, rt_ctype_table.o(.text))
<BR><BR>[Stack]<UL><LI>Max Depth = 8<LI>Call Chain = __rt_ctype_table
</UL>
<BR>[Calls]<UL><LI><a href="#[70]">&gt;&gt;</a>&nbsp;&nbsp;&nbsp;__rt_locale
</UL>
<BR>[Called By]<UL><LI><a href="#[41]">&gt;&gt;</a>&nbsp;&nbsp;&nbsp;toupper (via BLX)
<LI><a href="#[44]">&gt;&gt;</a>&nbsp;&nbsp;&nbsp;my_simple_strtoull
<LI><a href="#[7d]">&gt;&gt;</a>&nbsp;&nbsp;&nbsp;_wcrtomb (via BLX)
</UL>

<P><STRONG><a name="[41]"></a>toupper</STRONG> (Thumb, 30 bytes, Stack size 8 bytes, toupper.o(.text), UNUSED)
<BR><BR>[Calls]<UL><LI><a href="#[45]">&gt;&gt;</a>&nbsp;&nbsp;&nbsp;__rt_ctype_table (via BLX)
</UL>
<BR>[Called By]<UL><LI><a href="#[44]">&gt;&gt;</a>&nbsp;&nbsp;&nbsp;my_simple_strtoull (via BLX)
<LI><a href="#[40]">&gt;&gt;</a>&nbsp;&nbsp;&nbsp;my_simple_strtoul (via BLX)
</UL>

<P><STRONG><a name="[39]"></a>vsprintf</STRONG> (Thumb, 32 bytes, Stack size 16 bytes, vsprintf.o(.text), UNUSED, KEPT)
<BR><BR>[Stack]<UL><LI>Max Depth = 112 + Unknown Stack Size
<LI>Call Chain = vsprintf &rArr; _printf_char_common &rArr; __printf
</UL>
<BR>[Calls]<UL><LI><a href="#[3]">&gt;&gt;</a>&nbsp;&nbsp;&nbsp;_sputc
<LI><a href="#[71]">&gt;&gt;</a>&nbsp;&nbsp;&nbsp;_printf_char_common
</UL>
<BR>[Called By]<UL><LI><a href="#[31]">&gt;&gt;</a>&nbsp;&nbsp;&nbsp;my_printf (via BLX)
</UL>

<P><STRONG><a name="[3b]"></a>strlen</STRONG> (Thumb, 62 bytes, Stack size 12 bytes, strlen.o(.text), UNUSED, KEPT)
<BR><BR>[Stack]<UL><LI>Max Depth = 12<LI>Call Chain = strlen
</UL>
<BR>[Called By]<UL><LI><a href="#[31]">&gt;&gt;</a>&nbsp;&nbsp;&nbsp;my_printf (via BLX)
</UL>

<P><STRONG><a name="[4c]"></a>__aeabi_memcpy4</STRONG> (ARM, 0 bytes, Stack size 8 bytes, rt_memcpy_w.o(.text), UNUSED)
<BR><BR>[Called By]<UL><LI><a href="#[4e]">&gt;&gt;</a>&nbsp;&nbsp;&nbsp;lcd_draw_chinese
<LI><a href="#[4b]">&gt;&gt;</a>&nbsp;&nbsp;&nbsp;lcd_draw_char
<LI><a href="#[37]">&gt;&gt;</a>&nbsp;&nbsp;&nbsp;change_photo_style_two
<LI><a href="#[38]">&gt;&gt;</a>&nbsp;&nbsp;&nbsp;change_photo_display
</UL>

<P><STRONG><a name="[a4]"></a>__aeabi_memcpy8</STRONG> (ARM, 0 bytes, Stack size 8 bytes, rt_memcpy_w.o(.text), UNUSED)

<P><STRONG><a name="[a5]"></a>__rt_memcpy_w</STRONG> (ARM, 100 bytes, Stack size 8 bytes, rt_memcpy_w.o(.text), UNUSED)

<P><STRONG><a name="[a6]"></a>_memcpy_lastbytes_aligned</STRONG> (ARM, 0 bytes, Stack size unknown bytes, rt_memcpy_w.o(.text), UNUSED)

<P><STRONG><a name="[57]"></a>__aeabi_memclr</STRONG> (ARM, 0 bytes, Stack size 0 bytes, rt_memclr.o(.text), UNUSED, KEPT)
<BR><BR>[Called By]<UL><LI><a href="#[55]">&gt;&gt;</a>&nbsp;&nbsp;&nbsp;uart_interrpt
<LI><a href="#[33]">&gt;&gt;</a>&nbsp;&nbsp;&nbsp;time_set
<LI><a href="#[36]">&gt;&gt;</a>&nbsp;&nbsp;&nbsp;change_photo_set
</UL>

<P><STRONG><a name="[72]"></a>__rt_memclr</STRONG> (ARM, 64 bytes, Stack size 0 bytes, rt_memclr.o(.text), UNUSED)
<BR><BR>[Calls]<UL><LI><a href="#[73]">&gt;&gt;</a>&nbsp;&nbsp;&nbsp;_memset_w
</UL>

<P><STRONG><a name="[a7]"></a>_memset</STRONG> (ARM, 0 bytes, Stack size unknown bytes, rt_memclr.o(.text), UNUSED)

<P><STRONG><a name="[3c]"></a>__aeabi_memclr4</STRONG> (ARM, 0 bytes, Stack size 4 bytes, rt_memclr_w.o(.text), UNUSED, KEPT)
<BR><BR>[Stack]<UL><LI>Max Depth = 4<LI>Call Chain = __aeabi_memclr4
</UL>
<BR>[Called By]<UL><LI><a href="#[3d]">&gt;&gt;</a>&nbsp;&nbsp;&nbsp;my_scanf
<LI><a href="#[31]">&gt;&gt;</a>&nbsp;&nbsp;&nbsp;my_printf
</UL>

<P><STRONG><a name="[a8]"></a>__aeabi_memclr8</STRONG> (ARM, 0 bytes, Stack size 4 bytes, rt_memclr_w.o(.text), UNUSED)

<P><STRONG><a name="[a9]"></a>__rt_memclr_w</STRONG> (ARM, 84 bytes, Stack size 4 bytes, rt_memclr_w.o(.text), UNUSED)

<P><STRONG><a name="[73]"></a>_memset_w</STRONG> (ARM, 0 bytes, Stack size unknown bytes, rt_memclr_w.o(.text), UNUSED)
<BR><BR>[Called By]<UL><LI><a href="#[72]">&gt;&gt;</a>&nbsp;&nbsp;&nbsp;__rt_memclr
</UL>

<P><STRONG><a name="[56]"></a>strcmp</STRONG> (ARM, 156 bytes, Stack size 4 bytes, strcmp.o(.text))
<BR><BR>[Stack]<UL><LI>Max Depth = 4<LI>Call Chain = strcmp
</UL>
<BR>[Called By]<UL><LI><a href="#[2]">&gt;&gt;</a>&nbsp;&nbsp;&nbsp;_get_lc_ctype
<LI><a href="#[55]">&gt;&gt;</a>&nbsp;&nbsp;&nbsp;uart_interrpt
<LI><a href="#[99]">&gt;&gt;</a>&nbsp;&nbsp;&nbsp;_get_lc_numeric
</UL>

<P><STRONG><a name="[aa]"></a>__aeabi_idiv</STRONG> (ARM, 0 bytes, Stack size 8 bytes, aeabi_sdiv.o(.text), UNUSED)

<P><STRONG><a name="[6b]"></a>__aeabi_idivmod</STRONG> (ARM, 380 bytes, Stack size 8 bytes, aeabi_sdiv.o(.text))
<BR><BR>[Stack]<UL><LI>Max Depth = 8<LI>Call Chain = __aeabi_idivmod
</UL>
<BR>[Called By]<UL><LI><a href="#[6c]">&gt;&gt;</a>&nbsp;&nbsp;&nbsp;IntToBCD
<LI><a href="#[69]">&gt;&gt;</a>&nbsp;&nbsp;&nbsp;RTC_Time_display
<LI><a href="#[4a]">&gt;&gt;</a>&nbsp;&nbsp;&nbsp;RTC_Time_model_display
<LI><a href="#[84]">&gt;&gt;</a>&nbsp;&nbsp;&nbsp;_btod_etento (via BLX)
<LI><a href="#[8b]">&gt;&gt;</a>&nbsp;&nbsp;&nbsp;_printf_fp_hex_real (via BLX)
</UL>

<P><STRONG><a name="[70]"></a>__rt_locale</STRONG> (ARM, 12 bytes, Stack size 0 bytes, rt_locale.o(.text))
<BR><BR>[Called By]<UL><LI><a href="#[45]">&gt;&gt;</a>&nbsp;&nbsp;&nbsp;__rt_ctype_table
<LI><a href="#[88]">&gt;&gt;</a>&nbsp;&nbsp;&nbsp;_printf_fp_dec_real (via BLX)
</UL>

<P><STRONG><a name="[75]"></a>_printf_pre_padding</STRONG> (Thumb, 44 bytes, Stack size 16 bytes, _printf_pad.o(.text))
<BR><BR>[Stack]<UL><LI>Max Depth = 16<LI>Call Chain = _printf_pre_padding
</UL>
<BR>[Called By]<UL><LI><a href="#[7c]">&gt;&gt;</a>&nbsp;&nbsp;&nbsp;_printf_wctomb
<LI><a href="#[74]">&gt;&gt;</a>&nbsp;&nbsp;&nbsp;_printf_str
<LI><a href="#[8a]">&gt;&gt;</a>&nbsp;&nbsp;&nbsp;_printf_fp_infnan
<LI><a href="#[8b]">&gt;&gt;</a>&nbsp;&nbsp;&nbsp;_printf_fp_hex_real
<LI><a href="#[88]">&gt;&gt;</a>&nbsp;&nbsp;&nbsp;_printf_fp_dec_real
<LI><a href="#[7a]">&gt;&gt;</a>&nbsp;&nbsp;&nbsp;_printf_int_common
</UL>

<P><STRONG><a name="[76]"></a>_printf_post_padding</STRONG> (Thumb, 34 bytes, Stack size 16 bytes, _printf_pad.o(.text))
<BR><BR>[Stack]<UL><LI>Max Depth = 16<LI>Call Chain = _printf_post_padding
</UL>
<BR>[Called By]<UL><LI><a href="#[7c]">&gt;&gt;</a>&nbsp;&nbsp;&nbsp;_printf_wctomb
<LI><a href="#[74]">&gt;&gt;</a>&nbsp;&nbsp;&nbsp;_printf_str
<LI><a href="#[8a]">&gt;&gt;</a>&nbsp;&nbsp;&nbsp;_printf_fp_infnan
<LI><a href="#[8b]">&gt;&gt;</a>&nbsp;&nbsp;&nbsp;_printf_fp_hex_real
<LI><a href="#[88]">&gt;&gt;</a>&nbsp;&nbsp;&nbsp;_printf_fp_dec_real
<LI><a href="#[7a]">&gt;&gt;</a>&nbsp;&nbsp;&nbsp;_printf_int_common
</UL>

<P><STRONG><a name="[77]"></a>_printf_truncate_signed</STRONG> (Thumb, 22 bytes, Stack size 0 bytes, _printf_truncate.o(.text))
<BR><BR>[Called By]<UL><LI><a href="#[12]">&gt;&gt;</a>&nbsp;&nbsp;&nbsp;_printf_int_dec
</UL>

<P><STRONG><a name="[78]"></a>_printf_truncate_unsigned</STRONG> (Thumb, 22 bytes, Stack size 0 bytes, _printf_truncate.o(.text))
<BR><BR>[Called By]<UL><LI><a href="#[18]">&gt;&gt;</a>&nbsp;&nbsp;&nbsp;_printf_int_hex
<LI><a href="#[16]">&gt;&gt;</a>&nbsp;&nbsp;&nbsp;_printf_int_oct
<LI><a href="#[12]">&gt;&gt;</a>&nbsp;&nbsp;&nbsp;_printf_int_dec
</UL>

<P><STRONG><a name="[74]"></a>_printf_str</STRONG> (Thumb, 82 bytes, Stack size 16 bytes, _printf_str.o(.text))
<BR><BR>[Stack]<UL><LI>Max Depth = 32<LI>Call Chain = _printf_str &rArr; _printf_post_padding
</UL>
<BR>[Calls]<UL><LI><a href="#[76]">&gt;&gt;</a>&nbsp;&nbsp;&nbsp;_printf_post_padding
<LI><a href="#[75]">&gt;&gt;</a>&nbsp;&nbsp;&nbsp;_printf_pre_padding
</UL>
<BR>[Called By]<UL><LI><a href="#[8c]">&gt;&gt;</a>&nbsp;&nbsp;&nbsp;_printf_cs_common
</UL>

<P><STRONG><a name="[12]"></a>_printf_int_dec</STRONG> (Thumb, 90 bytes, Stack size 32 bytes, _printf_dec.o(.text))
<BR><BR>[Stack]<UL><LI>Max Depth = 88<LI>Call Chain = _printf_int_dec &rArr; _printf_int_common &rArr; _printf_post_padding
</UL>
<BR>[Calls]<UL><LI><a href="#[78]">&gt;&gt;</a>&nbsp;&nbsp;&nbsp;_printf_truncate_unsigned
<LI><a href="#[77]">&gt;&gt;</a>&nbsp;&nbsp;&nbsp;_printf_truncate_signed
<LI><a href="#[79]">&gt;&gt;</a>&nbsp;&nbsp;&nbsp;__rt_udiv10 (via BLX)
<LI><a href="#[7a]">&gt;&gt;</a>&nbsp;&nbsp;&nbsp;_printf_int_common
</UL>
<BR>[Called By]<UL><LI><a href="#[14]">&gt;&gt;</a>&nbsp;&nbsp;&nbsp;_printf_u (via Veneer)
<LI><a href="#[13]">&gt;&gt;</a>&nbsp;&nbsp;&nbsp;_printf_d (via Veneer)
<LI><a href="#[11]">&gt;&gt;</a>&nbsp;&nbsp;&nbsp;_printf_i (via Veneer)
</UL>

<P><STRONG><a name="[8]"></a>_printf_charcount</STRONG> (Thumb, 40 bytes, Stack size 0 bytes, _printf_charcount.o(.text))
<BR><BR>[Called By]<UL><LI><a href="#[7]">&gt;&gt;</a>&nbsp;&nbsp;&nbsp;_printf_n (via Veneer)
</UL>

<P><STRONG><a name="[71]"></a>_printf_char_common</STRONG> (Thumb, 32 bytes, Stack size 64 bytes, _printf_char_common.o(.text), UNUSED, KEPT)
<BR><BR>[Stack]<UL><LI>Max Depth = 96 + Unknown Stack Size
<LI>Call Chain = _printf_char_common &rArr; __printf
</UL>
<BR>[Calls]<UL><LI><a href="#[7b]">&gt;&gt;</a>&nbsp;&nbsp;&nbsp;__printf
</UL>
<BR>[Called By]<UL><LI><a href="#[39]">&gt;&gt;</a>&nbsp;&nbsp;&nbsp;vsprintf
</UL>

<P><STRONG><a name="[3]"></a>_sputc</STRONG> (Thumb, 10 bytes, Stack size 0 bytes, _sputc.o(.text))
<BR><BR>[Called By]<UL><LI><a href="#[39]">&gt;&gt;</a>&nbsp;&nbsp;&nbsp;vsprintf
</UL>
<BR>[Address Reference Count : 1]<UL><LI> vsprintf.o(.text)
</UL>
<P><STRONG><a name="[7c]"></a>_printf_wctomb</STRONG> (Thumb, 182 bytes, Stack size 56 bytes, _printf_wctomb.o(.text))
<BR><BR>[Stack]<UL><LI>Max Depth = 80<LI>Call Chain = _printf_wctomb &rArr; _wcrtomb &rArr; __rt_ctype_table
</UL>
<BR>[Calls]<UL><LI><a href="#[76]">&gt;&gt;</a>&nbsp;&nbsp;&nbsp;_printf_post_padding
<LI><a href="#[75]">&gt;&gt;</a>&nbsp;&nbsp;&nbsp;_printf_pre_padding
<LI><a href="#[7d]">&gt;&gt;</a>&nbsp;&nbsp;&nbsp;_wcrtomb
</UL>
<BR>[Called By]<UL><LI><a href="#[8e]">&gt;&gt;</a>&nbsp;&nbsp;&nbsp;_printf_lcs_common
</UL>

<P><STRONG><a name="[1a]"></a>_printf_longlong_dec</STRONG> (Thumb, 94 bytes, Stack size 32 bytes, _printf_longlong_dec.o(.text))
<BR><BR>[Stack]<UL><LI>Max Depth = 88<LI>Call Chain = _printf_longlong_dec &rArr; _printf_int_common &rArr; _printf_post_padding
</UL>
<BR>[Calls]<UL><LI><a href="#[7a]">&gt;&gt;</a>&nbsp;&nbsp;&nbsp;_printf_int_common
<LI><a href="#[7e]">&gt;&gt;</a>&nbsp;&nbsp;&nbsp;_ll_udiv10 (via BLX)
</UL>
<BR>[Called By]<UL><LI><a href="#[1c]">&gt;&gt;</a>&nbsp;&nbsp;&nbsp;_printf_llu (via Veneer)
<LI><a href="#[1b]">&gt;&gt;</a>&nbsp;&nbsp;&nbsp;_printf_lld (via Veneer)
<LI><a href="#[19]">&gt;&gt;</a>&nbsp;&nbsp;&nbsp;_printf_lli (via Veneer)
</UL>

<P><STRONG><a name="[7f]"></a>_printf_longlong_oct</STRONG> (Thumb, 68 bytes, Stack size 16 bytes, _printf_oct_int_ll.o(.text))
<BR><BR>[Stack]<UL><LI>Max Depth = 72<LI>Call Chain = _printf_longlong_oct &rArr; _printf_int_common &rArr; _printf_post_padding
</UL>
<BR>[Calls]<UL><LI><a href="#[7a]">&gt;&gt;</a>&nbsp;&nbsp;&nbsp;_printf_int_common
</UL>
<BR>[Called By]<UL><LI><a href="#[1e]">&gt;&gt;</a>&nbsp;&nbsp;&nbsp;_printf_ll_oct
<LI><a href="#[16]">&gt;&gt;</a>&nbsp;&nbsp;&nbsp;_printf_int_oct
</UL>

<P><STRONG><a name="[16]"></a>_printf_int_oct</STRONG> (Thumb, 24 bytes, Stack size 8 bytes, _printf_oct_int_ll.o(.text))
<BR><BR>[Stack]<UL><LI>Max Depth = 80<LI>Call Chain = _printf_int_oct &rArr; _printf_longlong_oct &rArr; _printf_int_common &rArr; _printf_post_padding
</UL>
<BR>[Calls]<UL><LI><a href="#[7f]">&gt;&gt;</a>&nbsp;&nbsp;&nbsp;_printf_longlong_oct
<LI><a href="#[78]">&gt;&gt;</a>&nbsp;&nbsp;&nbsp;_printf_truncate_unsigned
</UL>
<BR>[Called By]<UL><LI><a href="#[15]">&gt;&gt;</a>&nbsp;&nbsp;&nbsp;_printf_o (via Veneer)
</UL>

<P><STRONG><a name="[1e]"></a>_printf_ll_oct</STRONG> (Thumb, 10 bytes, Stack size 0 bytes, _printf_oct_int_ll.o(.text))
<BR><BR>[Stack]<UL><LI>Max Depth = 72<LI>Call Chain = _printf_ll_oct &rArr; _printf_longlong_oct &rArr; _printf_int_common &rArr; _printf_post_padding
</UL>
<BR>[Calls]<UL><LI><a href="#[7f]">&gt;&gt;</a>&nbsp;&nbsp;&nbsp;_printf_longlong_oct
</UL>
<BR>[Called By]<UL><LI><a href="#[1d]">&gt;&gt;</a>&nbsp;&nbsp;&nbsp;_printf_llo (via Veneer)
</UL>

<P><STRONG><a name="[80]"></a>_printf_longlong_hex</STRONG> (Thumb, 88 bytes, Stack size 24 bytes, _printf_hex_int_ll_ptr.o(.text))
<BR><BR>[Stack]<UL><LI>Max Depth = 80<LI>Call Chain = _printf_longlong_hex &rArr; _printf_int_common &rArr; _printf_post_padding
</UL>
<BR>[Calls]<UL><LI><a href="#[7a]">&gt;&gt;</a>&nbsp;&nbsp;&nbsp;_printf_int_common
</UL>
<BR>[Called By]<UL><LI><a href="#[a]">&gt;&gt;</a>&nbsp;&nbsp;&nbsp;_printf_hex_ptr
<LI><a href="#[20]">&gt;&gt;</a>&nbsp;&nbsp;&nbsp;_printf_ll_hex
<LI><a href="#[18]">&gt;&gt;</a>&nbsp;&nbsp;&nbsp;_printf_int_hex
</UL>

<P><STRONG><a name="[18]"></a>_printf_int_hex</STRONG> (Thumb, 28 bytes, Stack size 16 bytes, _printf_hex_int_ll_ptr.o(.text))
<BR><BR>[Stack]<UL><LI>Max Depth = 96<LI>Call Chain = _printf_int_hex &rArr; _printf_longlong_hex &rArr; _printf_int_common &rArr; _printf_post_padding
</UL>
<BR>[Calls]<UL><LI><a href="#[80]">&gt;&gt;</a>&nbsp;&nbsp;&nbsp;_printf_longlong_hex
<LI><a href="#[78]">&gt;&gt;</a>&nbsp;&nbsp;&nbsp;_printf_truncate_unsigned
</UL>
<BR>[Called By]<UL><LI><a href="#[17]">&gt;&gt;</a>&nbsp;&nbsp;&nbsp;_printf_x (via Veneer)
</UL>

<P><STRONG><a name="[20]"></a>_printf_ll_hex</STRONG> (Thumb, 10 bytes, Stack size 0 bytes, _printf_hex_int_ll_ptr.o(.text))
<BR><BR>[Stack]<UL><LI>Max Depth = 80<LI>Call Chain = _printf_ll_hex &rArr; _printf_longlong_hex &rArr; _printf_int_common &rArr; _printf_post_padding
</UL>
<BR>[Calls]<UL><LI><a href="#[80]">&gt;&gt;</a>&nbsp;&nbsp;&nbsp;_printf_longlong_hex
</UL>
<BR>[Called By]<UL><LI><a href="#[1f]">&gt;&gt;</a>&nbsp;&nbsp;&nbsp;_printf_llx (via Veneer)
</UL>

<P><STRONG><a name="[a]"></a>_printf_hex_ptr</STRONG> (Thumb, 22 bytes, Stack size 8 bytes, _printf_hex_int_ll_ptr.o(.text))
<BR><BR>[Stack]<UL><LI>Max Depth = 88<LI>Call Chain = _printf_hex_ptr &rArr; _printf_longlong_hex &rArr; _printf_int_common &rArr; _printf_post_padding
</UL>
<BR>[Calls]<UL><LI><a href="#[80]">&gt;&gt;</a>&nbsp;&nbsp;&nbsp;_printf_longlong_hex
</UL>
<BR>[Called By]<UL><LI><a href="#[9]">&gt;&gt;</a>&nbsp;&nbsp;&nbsp;_printf_p (via Veneer)
</UL>

<P><STRONG><a name="[7b]"></a>__printf</STRONG> (Thumb, 386 bytes, Stack size 32 bytes, __printf_flags_ss_wp.o(.text), UNUSED, KEPT)
<BR><BR>[Stack]<UL><LI>Max Depth = 32 + Unknown Stack Size
<LI>Call Chain = __printf
</UL>
<BR>[Calls]<UL><LI><a href="#[82]">&gt;&gt;</a>&nbsp;&nbsp;&nbsp;_printf_percent (via BLX)
<LI><a href="#[81]">&gt;&gt;</a>&nbsp;&nbsp;&nbsp;_is_digit
</UL>
<BR>[Called By]<UL><LI><a href="#[71]">&gt;&gt;</a>&nbsp;&nbsp;&nbsp;_printf_char_common
</UL>

<P><STRONG><a name="[7e]"></a>_ll_udiv10</STRONG> (ARM, 152 bytes, Stack size 12 bytes, lludiv10.o(.text))
<BR><BR>[Stack]<UL><LI>Max Depth = 12<LI>Call Chain = _ll_udiv10
</UL>
<BR>[Called By]<UL><LI><a href="#[1a]">&gt;&gt;</a>&nbsp;&nbsp;&nbsp;_printf_longlong_dec (via BLX)
<LI><a href="#[83]">&gt;&gt;</a>&nbsp;&nbsp;&nbsp;_fp_digits (via BLX)
</UL>

<P><STRONG><a name="[7a]"></a>_printf_int_common</STRONG> (Thumb, 176 bytes, Stack size 40 bytes, _printf_intcommon.o(.text))
<BR><BR>[Stack]<UL><LI>Max Depth = 56<LI>Call Chain = _printf_int_common &rArr; _printf_post_padding
</UL>
<BR>[Calls]<UL><LI><a href="#[76]">&gt;&gt;</a>&nbsp;&nbsp;&nbsp;_printf_post_padding
<LI><a href="#[75]">&gt;&gt;</a>&nbsp;&nbsp;&nbsp;_printf_pre_padding
</UL>
<BR>[Called By]<UL><LI><a href="#[80]">&gt;&gt;</a>&nbsp;&nbsp;&nbsp;_printf_longlong_hex
<LI><a href="#[7f]">&gt;&gt;</a>&nbsp;&nbsp;&nbsp;_printf_longlong_oct
<LI><a href="#[1a]">&gt;&gt;</a>&nbsp;&nbsp;&nbsp;_printf_longlong_dec
<LI><a href="#[12]">&gt;&gt;</a>&nbsp;&nbsp;&nbsp;_printf_int_dec
</UL>

<P><STRONG><a name="[ab]"></a>__lib_sel_fp_printf</STRONG> (Thumb, 2 bytes, Stack size 0 bytes, _printf_fp_dec.o(.text), UNUSED)

<P><STRONG><a name="[88]"></a>_printf_fp_dec_real</STRONG> (Thumb, 618 bytes, Stack size 96 bytes, _printf_fp_dec.o(.text))
<BR><BR>[Stack]<UL><LI>Max Depth = 312<LI>Call Chain = _printf_fp_dec_real &rArr; _fp_digits &rArr; _btod_etento &rArr; _btod_emul &rArr; _e2e
</UL>
<BR>[Calls]<UL><LI><a href="#[76]">&gt;&gt;</a>&nbsp;&nbsp;&nbsp;_printf_post_padding
<LI><a href="#[75]">&gt;&gt;</a>&nbsp;&nbsp;&nbsp;_printf_pre_padding
<LI><a href="#[70]">&gt;&gt;</a>&nbsp;&nbsp;&nbsp;__rt_locale (via BLX)
<LI><a href="#[89]">&gt;&gt;</a>&nbsp;&nbsp;&nbsp;__ARM_fpclassify (via BLX)
<LI><a href="#[8a]">&gt;&gt;</a>&nbsp;&nbsp;&nbsp;_printf_fp_infnan
<LI><a href="#[79]">&gt;&gt;</a>&nbsp;&nbsp;&nbsp;__rt_udiv10 (via BLX)
<LI><a href="#[83]">&gt;&gt;</a>&nbsp;&nbsp;&nbsp;_fp_digits
</UL>
<BR>[Called By]<UL><LI><a href="#[c]">&gt;&gt;</a>&nbsp;&nbsp;&nbsp;_printf_fp_dec (via Veneer)
</UL>

<P><STRONG><a name="[8b]"></a>_printf_fp_hex_real</STRONG> (Thumb, 712 bytes, Stack size 72 bytes, _printf_fp_hex.o(.text))
<BR><BR>[Stack]<UL><LI>Max Depth = 112<LI>Call Chain = _printf_fp_hex_real &rArr; _printf_fp_infnan &rArr; _printf_post_padding
</UL>
<BR>[Calls]<UL><LI><a href="#[76]">&gt;&gt;</a>&nbsp;&nbsp;&nbsp;_printf_post_padding
<LI><a href="#[75]">&gt;&gt;</a>&nbsp;&nbsp;&nbsp;_printf_pre_padding
<LI><a href="#[6b]">&gt;&gt;</a>&nbsp;&nbsp;&nbsp;__aeabi_idivmod (via BLX)
<LI><a href="#[89]">&gt;&gt;</a>&nbsp;&nbsp;&nbsp;__ARM_fpclassify (via BLX)
<LI><a href="#[1]">&gt;&gt;</a>&nbsp;&nbsp;&nbsp;__ieee_status (via BLX)
<LI><a href="#[8a]">&gt;&gt;</a>&nbsp;&nbsp;&nbsp;_printf_fp_infnan
</UL>
<BR>[Called By]<UL><LI><a href="#[10]">&gt;&gt;</a>&nbsp;&nbsp;&nbsp;_printf_fp_hex (via Veneer)
</UL>

<P><STRONG><a name="[8c]"></a>_printf_cs_common</STRONG> (Thumb, 22 bytes, Stack size 8 bytes, _printf_char.o(.text))
<BR><BR>[Stack]<UL><LI>Max Depth = 40<LI>Call Chain = _printf_cs_common &rArr; _printf_str &rArr; _printf_post_padding
</UL>
<BR>[Calls]<UL><LI><a href="#[74]">&gt;&gt;</a>&nbsp;&nbsp;&nbsp;_printf_str
<LI><a href="#[8d]">&gt;&gt;</a>&nbsp;&nbsp;&nbsp;_printf_mbtowc (Weak Reference)
</UL>
<BR>[Called By]<UL><LI><a href="#[24]">&gt;&gt;</a>&nbsp;&nbsp;&nbsp;_printf_string
<LI><a href="#[22]">&gt;&gt;</a>&nbsp;&nbsp;&nbsp;_printf_char
</UL>

<P><STRONG><a name="[22]"></a>_printf_char</STRONG> (Thumb, 16 bytes, Stack size 0 bytes, _printf_char.o(.text))
<BR><BR>[Stack]<UL><LI>Max Depth = 40<LI>Call Chain = _printf_char &rArr; _printf_cs_common &rArr; _printf_str &rArr; _printf_post_padding
</UL>
<BR>[Calls]<UL><LI><a href="#[8c]">&gt;&gt;</a>&nbsp;&nbsp;&nbsp;_printf_cs_common
</UL>
<BR>[Called By]<UL><LI><a href="#[21]">&gt;&gt;</a>&nbsp;&nbsp;&nbsp;_printf_c (via Veneer)
</UL>

<P><STRONG><a name="[24]"></a>_printf_string</STRONG> (Thumb, 8 bytes, Stack size 0 bytes, _printf_char.o(.text))
<BR><BR>[Stack]<UL><LI>Max Depth = 40<LI>Call Chain = _printf_string &rArr; _printf_cs_common &rArr; _printf_str &rArr; _printf_post_padding
</UL>
<BR>[Calls]<UL><LI><a href="#[8c]">&gt;&gt;</a>&nbsp;&nbsp;&nbsp;_printf_cs_common
</UL>
<BR>[Called By]<UL><LI><a href="#[23]">&gt;&gt;</a>&nbsp;&nbsp;&nbsp;_printf_s (via Veneer)
</UL>

<P><STRONG><a name="[8e]"></a>_printf_lcs_common</STRONG> (Thumb, 22 bytes, Stack size 8 bytes, _printf_wchar.o(.text))
<BR><BR>[Stack]<UL><LI>Max Depth = 88<LI>Call Chain = _printf_lcs_common &rArr; _printf_wctomb &rArr; _wcrtomb &rArr; __rt_ctype_table
</UL>
<BR>[Calls]<UL><LI><a href="#[7c]">&gt;&gt;</a>&nbsp;&nbsp;&nbsp;_printf_wctomb
<LI><a href="#[8f]">&gt;&gt;</a>&nbsp;&nbsp;&nbsp;_printf_wc (Weak Reference)
</UL>
<BR>[Called By]<UL><LI><a href="#[28]">&gt;&gt;</a>&nbsp;&nbsp;&nbsp;_printf_wstring
<LI><a href="#[26]">&gt;&gt;</a>&nbsp;&nbsp;&nbsp;_printf_wchar
</UL>

<P><STRONG><a name="[26]"></a>_printf_wchar</STRONG> (Thumb, 16 bytes, Stack size 0 bytes, _printf_wchar.o(.text))
<BR><BR>[Stack]<UL><LI>Max Depth = 88<LI>Call Chain = _printf_wchar &rArr; _printf_lcs_common &rArr; _printf_wctomb &rArr; _wcrtomb &rArr; __rt_ctype_table
</UL>
<BR>[Calls]<UL><LI><a href="#[8e]">&gt;&gt;</a>&nbsp;&nbsp;&nbsp;_printf_lcs_common
</UL>
<BR>[Called By]<UL><LI><a href="#[25]">&gt;&gt;</a>&nbsp;&nbsp;&nbsp;_printf_lc (via Veneer)
</UL>

<P><STRONG><a name="[28]"></a>_printf_wstring</STRONG> (Thumb, 8 bytes, Stack size 0 bytes, _printf_wchar.o(.text))
<BR><BR>[Stack]<UL><LI>Max Depth = 88<LI>Call Chain = _printf_wstring &rArr; _printf_lcs_common &rArr; _printf_wctomb &rArr; _wcrtomb &rArr; __rt_ctype_table
</UL>
<BR>[Calls]<UL><LI><a href="#[8e]">&gt;&gt;</a>&nbsp;&nbsp;&nbsp;_printf_lcs_common
</UL>
<BR>[Called By]<UL><LI><a href="#[27]">&gt;&gt;</a>&nbsp;&nbsp;&nbsp;_printf_ls (via Veneer)
</UL>

<P><STRONG><a name="[7d]"></a>_wcrtomb</STRONG> (Thumb, 68 bytes, Stack size 16 bytes, _wcrtomb.o(.text))
<BR><BR>[Stack]<UL><LI>Max Depth = 24<LI>Call Chain = _wcrtomb &rArr; __rt_ctype_table
</UL>
<BR>[Calls]<UL><LI><a href="#[45]">&gt;&gt;</a>&nbsp;&nbsp;&nbsp;__rt_ctype_table (via BLX)
</UL>
<BR>[Called By]<UL><LI><a href="#[7c]">&gt;&gt;</a>&nbsp;&nbsp;&nbsp;_printf_wctomb
</UL>

<P><STRONG><a name="[79]"></a>__rt_udiv10</STRONG> (ARM, 44 bytes, Stack size 0 bytes, rtudiv10.o(.text))
<BR><BR>[Called By]<UL><LI><a href="#[12]">&gt;&gt;</a>&nbsp;&nbsp;&nbsp;_printf_int_dec (via BLX)
<LI><a href="#[88]">&gt;&gt;</a>&nbsp;&nbsp;&nbsp;_printf_fp_dec_real (via BLX)
</UL>

<P><STRONG><a name="[8a]"></a>_printf_fp_infnan</STRONG> (Thumb, 120 bytes, Stack size 24 bytes, _printf_fp_infnan.o(.text))
<BR><BR>[Stack]<UL><LI>Max Depth = 40<LI>Call Chain = _printf_fp_infnan &rArr; _printf_post_padding
</UL>
<BR>[Calls]<UL><LI><a href="#[76]">&gt;&gt;</a>&nbsp;&nbsp;&nbsp;_printf_post_padding
<LI><a href="#[75]">&gt;&gt;</a>&nbsp;&nbsp;&nbsp;_printf_pre_padding
</UL>
<BR>[Called By]<UL><LI><a href="#[8b]">&gt;&gt;</a>&nbsp;&nbsp;&nbsp;_printf_fp_hex_real
<LI><a href="#[88]">&gt;&gt;</a>&nbsp;&nbsp;&nbsp;_printf_fp_dec_real
</UL>

<P><STRONG><a name="[84]"></a>_btod_etento</STRONG> (Thumb, 206 bytes, Stack size 72 bytes, bigflt0.o(.text))
<BR><BR>[Stack]<UL><LI>Max Depth = 120<LI>Call Chain = _btod_etento &rArr; _btod_emul &rArr; _e2e
</UL>
<BR>[Calls]<UL><LI><a href="#[6b]">&gt;&gt;</a>&nbsp;&nbsp;&nbsp;__aeabi_idivmod (via BLX)
<LI><a href="#[87]">&gt;&gt;</a>&nbsp;&nbsp;&nbsp;_btod_emul (via BLX)
<LI><a href="#[86]">&gt;&gt;</a>&nbsp;&nbsp;&nbsp;_btod_ediv (via BLX)
</UL>
<BR>[Called By]<UL><LI><a href="#[83]">&gt;&gt;</a>&nbsp;&nbsp;&nbsp;_fp_digits
</UL>

<P><STRONG><a name="[ac]"></a>__aeabi_uidiv</STRONG> (ARM, 0 bytes, Stack size 0 bytes, aeabi_sdiv.o(.text_udiv), UNUSED)

<P><STRONG><a name="[52]"></a>__aeabi_uidivmod</STRONG> (ARM, 36 bytes, Stack size 0 bytes, aeabi_sdiv.o(.text_udiv), UNUSED)
<BR><BR>[Calls]<UL><LI><a href="#[93]">&gt;&gt;</a>&nbsp;&nbsp;&nbsp;__arm_div_large
<LI><a href="#[90]">&gt;&gt;</a>&nbsp;&nbsp;&nbsp;__arm_div2
<LI><a href="#[91]">&gt;&gt;</a>&nbsp;&nbsp;&nbsp;__arm_div5
<LI><a href="#[92]">&gt;&gt;</a>&nbsp;&nbsp;&nbsp;__arm_div8
</UL>
<BR>[Called By]<UL><LI><a href="#[51]">&gt;&gt;</a>&nbsp;&nbsp;&nbsp;lcd_dis_pic_ten
</UL>

<P><STRONG><a name="[ad]"></a>EnterCritical</STRONG> (ARM, 0 bytes, Stack size unknown bytes, 2440slib.o(C$$code), UNUSED)

<P><STRONG><a name="[ae]"></a>ExitCritical</STRONG> (ARM, 0 bytes, Stack size unknown bytes, 2440slib.o(C$$code), UNUSED)

<P><STRONG><a name="[af]"></a>SET_IF</STRONG> (ARM, 0 bytes, Stack size unknown bytes, 2440slib.o(C$$code), UNUSED)

<P><STRONG><a name="[b0]"></a>WR_IF</STRONG> (ARM, 0 bytes, Stack size unknown bytes, 2440slib.o(C$$code), UNUSED)

<P><STRONG><a name="[b1]"></a>CLR_IF</STRONG> (ARM, 0 bytes, Stack size unknown bytes, 2440slib.o(C$$code), UNUSED)

<P><STRONG><a name="[b2]"></a>outportw</STRONG> (ARM, 4 bytes, Stack size unknown bytes, 2440slib.o(C$$code), UNUSED)

<P><STRONG><a name="[b3]"></a>inportw</STRONG> (ARM, 4 bytes, Stack size unknown bytes, 2440slib.o(C$$code), UNUSED)

<P><STRONG><a name="[66]"></a>MMU_EnableICache</STRONG> (ARM, 0 bytes, Stack size unknown bytes, 2440slib.o(C$$code), UNUSED)
<BR><BR>[Called By]<UL><LI><a href="#[68]">&gt;&gt;</a>&nbsp;&nbsp;&nbsp;ChangeRomCacheStatus
<LI><a href="#[2a]">&gt;&gt;</a>&nbsp;&nbsp;&nbsp;MMU_Init
</UL>

<P><STRONG><a name="[5b]"></a>MMU_DisableICache</STRONG> (ARM, 0 bytes, Stack size unknown bytes, 2440slib.o(C$$code), UNUSED)
<BR><BR>[Called By]<UL><LI><a href="#[68]">&gt;&gt;</a>&nbsp;&nbsp;&nbsp;ChangeRomCacheStatus
<LI><a href="#[2a]">&gt;&gt;</a>&nbsp;&nbsp;&nbsp;MMU_Init
</UL>

<P><STRONG><a name="[67]"></a>MMU_EnableDCache</STRONG> (ARM, 0 bytes, Stack size unknown bytes, 2440slib.o(C$$code), UNUSED)
<BR><BR>[Called By]<UL><LI><a href="#[68]">&gt;&gt;</a>&nbsp;&nbsp;&nbsp;ChangeRomCacheStatus
<LI><a href="#[2a]">&gt;&gt;</a>&nbsp;&nbsp;&nbsp;MMU_Init
</UL>

<P><STRONG><a name="[5a]"></a>MMU_DisableDCache</STRONG> (ARM, 0 bytes, Stack size unknown bytes, 2440slib.o(C$$code), UNUSED)
<BR><BR>[Called By]<UL><LI><a href="#[68]">&gt;&gt;</a>&nbsp;&nbsp;&nbsp;ChangeRomCacheStatus
<LI><a href="#[2a]">&gt;&gt;</a>&nbsp;&nbsp;&nbsp;MMU_Init
</UL>

<P><STRONG><a name="[64]"></a>MMU_EnableAlignFault</STRONG> (ARM, 0 bytes, Stack size unknown bytes, 2440slib.o(C$$code), UNUSED)
<BR><BR>[Called By]<UL><LI><a href="#[2a]">&gt;&gt;</a>&nbsp;&nbsp;&nbsp;MMU_Init
</UL>

<P><STRONG><a name="[b4]"></a>MMU_DisableAlignFault</STRONG> (ARM, 0 bytes, Stack size unknown bytes, 2440slib.o(C$$code), UNUSED)

<P><STRONG><a name="[65]"></a>MMU_EnableMMU</STRONG> (ARM, 0 bytes, Stack size unknown bytes, 2440slib.o(C$$code), UNUSED)
<BR><BR>[Called By]<UL><LI><a href="#[68]">&gt;&gt;</a>&nbsp;&nbsp;&nbsp;ChangeRomCacheStatus
<LI><a href="#[2a]">&gt;&gt;</a>&nbsp;&nbsp;&nbsp;MMU_Init
</UL>

<P><STRONG><a name="[5e]"></a>MMU_DisableMMU</STRONG> (ARM, 0 bytes, Stack size unknown bytes, 2440slib.o(C$$code), UNUSED)
<BR><BR>[Called By]<UL><LI><a href="#[68]">&gt;&gt;</a>&nbsp;&nbsp;&nbsp;ChangeRomCacheStatus
<LI><a href="#[2a]">&gt;&gt;</a>&nbsp;&nbsp;&nbsp;MMU_Init
</UL>

<P><STRONG><a name="[b5]"></a>MMU_SetFastBusMode</STRONG> (ARM, 0 bytes, Stack size unknown bytes, 2440slib.o(C$$code), UNUSED)

<P><STRONG><a name="[b6]"></a>MMU_SetAsyncBusMode</STRONG> (ARM, 0 bytes, Stack size unknown bytes, 2440slib.o(C$$code), UNUSED)

<P><STRONG><a name="[61]"></a>MMU_SetTTBase</STRONG> (ARM, 0 bytes, Stack size unknown bytes, 2440slib.o(C$$code), UNUSED)
<BR><BR>[Called By]<UL><LI><a href="#[2a]">&gt;&gt;</a>&nbsp;&nbsp;&nbsp;MMU_Init
</UL>

<P><STRONG><a name="[62]"></a>MMU_SetDomain</STRONG> (ARM, 0 bytes, Stack size unknown bytes, 2440slib.o(C$$code), UNUSED)
<BR><BR>[Called By]<UL><LI><a href="#[2a]">&gt;&gt;</a>&nbsp;&nbsp;&nbsp;MMU_Init
</UL>

<P><STRONG><a name="[b7]"></a>MMU_InvalidateIDCache</STRONG> (ARM, 0 bytes, Stack size unknown bytes, 2440slib.o(C$$code), UNUSED)

<P><STRONG><a name="[5d]"></a>MMU_InvalidateICache</STRONG> (ARM, 0 bytes, Stack size unknown bytes, 2440slib.o(C$$code), UNUSED)
<BR><BR>[Called By]<UL><LI><a href="#[68]">&gt;&gt;</a>&nbsp;&nbsp;&nbsp;ChangeRomCacheStatus
<LI><a href="#[2a]">&gt;&gt;</a>&nbsp;&nbsp;&nbsp;MMU_Init
</UL>

<P><STRONG><a name="[b8]"></a>MMU_InvalidateICacheMVA</STRONG> (ARM, 0 bytes, Stack size unknown bytes, 2440slib.o(C$$code), UNUSED)

<P><STRONG><a name="[b9]"></a>MMU_PrefetchICacheMVA</STRONG> (ARM, 0 bytes, Stack size unknown bytes, 2440slib.o(C$$code), UNUSED)

<P><STRONG><a name="[ba]"></a>MMU_InvalidateDCache</STRONG> (ARM, 0 bytes, Stack size unknown bytes, 2440slib.o(C$$code), UNUSED)

<P><STRONG><a name="[bb]"></a>MMU_InvalidateDCacheMVA</STRONG> (ARM, 0 bytes, Stack size unknown bytes, 2440slib.o(C$$code), UNUSED)

<P><STRONG><a name="[bc]"></a>MMU_CleanDCacheMVA</STRONG> (ARM, 0 bytes, Stack size unknown bytes, 2440slib.o(C$$code), UNUSED)

<P><STRONG><a name="[bd]"></a>MMU_CleanInvalidateDCacheMVA</STRONG> (ARM, 0 bytes, Stack size unknown bytes, 2440slib.o(C$$code), UNUSED)

<P><STRONG><a name="[be]"></a>MMU_CleanDCacheIndex</STRONG> (ARM, 0 bytes, Stack size unknown bytes, 2440slib.o(C$$code), UNUSED)

<P><STRONG><a name="[5c]"></a>MMU_CleanInvalidateDCacheIndex</STRONG> (ARM, 0 bytes, Stack size unknown bytes, 2440slib.o(C$$code), UNUSED)
<BR><BR>[Called By]<UL><LI><a href="#[68]">&gt;&gt;</a>&nbsp;&nbsp;&nbsp;ChangeRomCacheStatus
<LI><a href="#[2a]">&gt;&gt;</a>&nbsp;&nbsp;&nbsp;MMU_Init
</UL>

<P><STRONG><a name="[bf]"></a>MMU_WaitForInterrupt</STRONG> (ARM, 0 bytes, Stack size unknown bytes, 2440slib.o(C$$code), UNUSED)

<P><STRONG><a name="[5f]"></a>MMU_InvalidateTLB</STRONG> (ARM, 0 bytes, Stack size unknown bytes, 2440slib.o(C$$code), UNUSED)
<BR><BR>[Called By]<UL><LI><a href="#[68]">&gt;&gt;</a>&nbsp;&nbsp;&nbsp;ChangeRomCacheStatus
<LI><a href="#[2a]">&gt;&gt;</a>&nbsp;&nbsp;&nbsp;MMU_Init
</UL>

<P><STRONG><a name="[c0]"></a>MMU_InvalidateITLB</STRONG> (ARM, 0 bytes, Stack size unknown bytes, 2440slib.o(C$$code), UNUSED)

<P><STRONG><a name="[c1]"></a>MMU_InvalidateITLBMVA</STRONG> (ARM, 0 bytes, Stack size unknown bytes, 2440slib.o(C$$code), UNUSED)

<P><STRONG><a name="[c2]"></a>MMU_InvalidateDTLB</STRONG> (ARM, 0 bytes, Stack size unknown bytes, 2440slib.o(C$$code), UNUSED)

<P><STRONG><a name="[c3]"></a>MMU_InvalidateDTLBMVA</STRONG> (ARM, 0 bytes, Stack size unknown bytes, 2440slib.o(C$$code), UNUSED)

<P><STRONG><a name="[c4]"></a>MMU_SetDCacheLockdownBase</STRONG> (ARM, 0 bytes, Stack size unknown bytes, 2440slib.o(C$$code), UNUSED)

<P><STRONG><a name="[c5]"></a>MMU_SetICacheLockdownBase</STRONG> (ARM, 0 bytes, Stack size unknown bytes, 2440slib.o(C$$code), UNUSED)

<P><STRONG><a name="[c6]"></a>MMU_SetDTLBLockdown</STRONG> (ARM, 0 bytes, Stack size unknown bytes, 2440slib.o(C$$code), UNUSED)

<P><STRONG><a name="[c7]"></a>MMU_SetITLBLockdown</STRONG> (ARM, 0 bytes, Stack size unknown bytes, 2440slib.o(C$$code), UNUSED)

<P><STRONG><a name="[63]"></a>MMU_SetProcessId</STRONG> (ARM, 0 bytes, Stack size unknown bytes, 2440slib.o(C$$code), UNUSED)
<BR><BR>[Called By]<UL><LI><a href="#[2a]">&gt;&gt;</a>&nbsp;&nbsp;&nbsp;MMU_Init
</UL>

<P><STRONG><a name="[85]"></a>_btod_d2e</STRONG> (ARM, 56 bytes, Stack size 0 bytes, btod.o(CL$$btod_d2e))
<BR><BR>[Calls]<UL><LI><a href="#[94]">&gt;&gt;</a>&nbsp;&nbsp;&nbsp;_d2e_norm_op1
</UL>
<BR>[Called By]<UL><LI><a href="#[83]">&gt;&gt;</a>&nbsp;&nbsp;&nbsp;_fp_digits (via BLX)
</UL>

<P><STRONG><a name="[95]"></a>_d2e_denorm_low</STRONG> (ARM, 84 bytes, Stack size 0 bytes, btod.o(CL$$btod_d2e_denorm_low))
<BR><BR>[Called By]<UL><LI><a href="#[94]">&gt;&gt;</a>&nbsp;&nbsp;&nbsp;_d2e_norm_op1
</UL>

<P><STRONG><a name="[94]"></a>_d2e_norm_op1</STRONG> (ARM, 104 bytes, Stack size 0 bytes, btod.o(CL$$btod_d2e_norm_op1))
<BR><BR>[Calls]<UL><LI><a href="#[95]">&gt;&gt;</a>&nbsp;&nbsp;&nbsp;_d2e_denorm_low
</UL>
<BR>[Called By]<UL><LI><a href="#[85]">&gt;&gt;</a>&nbsp;&nbsp;&nbsp;_btod_d2e
</UL>

<P><STRONG><a name="[96]"></a>__btod_div_common</STRONG> (ARM, 712 bytes, Stack size 24 bytes, btod.o(CL$$btod_div_common))
<BR><BR>[Stack]<UL><LI>Max Depth = 24<LI>Call Chain = __btod_div_common
</UL>
<BR>[Called By]<UL><LI><a href="#[86]">&gt;&gt;</a>&nbsp;&nbsp;&nbsp;_btod_ediv
</UL>

<P><STRONG><a name="[97]"></a>_e2e</STRONG> (ARM, 220 bytes, Stack size 24 bytes, btod.o(CL$$btod_e2e))
<BR><BR>[Stack]<UL><LI>Max Depth = 24<LI>Call Chain = _e2e
</UL>
<BR>[Called By]<UL><LI><a href="#[87]">&gt;&gt;</a>&nbsp;&nbsp;&nbsp;_btod_emul
<LI><a href="#[86]">&gt;&gt;</a>&nbsp;&nbsp;&nbsp;_btod_ediv
</UL>

<P><STRONG><a name="[86]"></a>_btod_ediv</STRONG> (ARM, 48 bytes, Stack size 24 bytes, btod.o(CL$$btod_ediv))
<BR><BR>[Stack]<UL><LI>Max Depth = 48<LI>Call Chain = _btod_ediv &rArr; _e2e
</UL>
<BR>[Calls]<UL><LI><a href="#[97]">&gt;&gt;</a>&nbsp;&nbsp;&nbsp;_e2e
<LI><a href="#[96]">&gt;&gt;</a>&nbsp;&nbsp;&nbsp;__btod_div_common
</UL>
<BR>[Called By]<UL><LI><a href="#[84]">&gt;&gt;</a>&nbsp;&nbsp;&nbsp;_btod_etento (via BLX)
<LI><a href="#[83]">&gt;&gt;</a>&nbsp;&nbsp;&nbsp;_fp_digits (via BLX)
</UL>

<P><STRONG><a name="[87]"></a>_btod_emul</STRONG> (ARM, 48 bytes, Stack size 24 bytes, btod.o(CL$$btod_emul))
<BR><BR>[Stack]<UL><LI>Max Depth = 48<LI>Call Chain = _btod_emul &rArr; _e2e
</UL>
<BR>[Calls]<UL><LI><a href="#[98]">&gt;&gt;</a>&nbsp;&nbsp;&nbsp;__btod_mult_common
<LI><a href="#[97]">&gt;&gt;</a>&nbsp;&nbsp;&nbsp;_e2e
</UL>
<BR>[Called By]<UL><LI><a href="#[84]">&gt;&gt;</a>&nbsp;&nbsp;&nbsp;_btod_etento (via BLX)
<LI><a href="#[83]">&gt;&gt;</a>&nbsp;&nbsp;&nbsp;_fp_digits (via BLX)
</UL>

<P><STRONG><a name="[98]"></a>__btod_mult_common</STRONG> (ARM, 612 bytes, Stack size 16 bytes, btod.o(CL$$btod_mult_common))
<BR><BR>[Stack]<UL><LI>Max Depth = 16<LI>Call Chain = __btod_mult_common
</UL>
<BR>[Called By]<UL><LI><a href="#[87]">&gt;&gt;</a>&nbsp;&nbsp;&nbsp;_btod_emul
</UL>

<P><STRONG><a name="[89]"></a>__ARM_fpclassify</STRONG> (ARM, 44 bytes, Stack size 0 bytes, fpclassify.o(i.__ARM_fpclassify))
<BR><BR>[Called By]<UL><LI><a href="#[8b]">&gt;&gt;</a>&nbsp;&nbsp;&nbsp;_printf_fp_hex_real (via BLX)
<LI><a href="#[88]">&gt;&gt;</a>&nbsp;&nbsp;&nbsp;_printf_fp_dec_real (via BLX)
</UL>

<P><STRONG><a name="[81]"></a>_is_digit</STRONG> (Thumb, 14 bytes, Stack size 0 bytes, __printf_wp.o(i._is_digit), UNUSED, KEPT)
<BR><BR>[Called By]<UL><LI><a href="#[7b]">&gt;&gt;</a>&nbsp;&nbsp;&nbsp;__printf
</UL>

<P><STRONG><a name="[2]"></a>_get_lc_ctype</STRONG> (ARM, 72 bytes, Stack size 8 bytes, lc_ctype_c.o(locale$$code))
<BR><BR>[Stack]<UL><LI>Max Depth = 12<LI>Call Chain = _get_lc_ctype &rArr; strcmp
</UL>
<BR>[Calls]<UL><LI><a href="#[56]">&gt;&gt;</a>&nbsp;&nbsp;&nbsp;strcmp
</UL>
<BR>[Address Reference Count : 1]<UL><LI> rt_ctype_table.o(.text)
</UL>
<P><STRONG><a name="[99]"></a>_get_lc_numeric</STRONG> (ARM, 72 bytes, Stack size 8 bytes, lc_numeric_c.o(locale$$code), UNUSED)
<BR><BR>[Calls]<UL><LI><a href="#[56]">&gt;&gt;</a>&nbsp;&nbsp;&nbsp;strcmp
</UL>

<P><STRONG><a name="[1]"></a>__ieee_status</STRONG> (ARM, 8 bytes, Stack size 0 bytes, istatus.o(x$fpl$ieeestatus))
<BR><BR>[Called By]<UL><LI><a href="#[8b]">&gt;&gt;</a>&nbsp;&nbsp;&nbsp;_printf_fp_hex_real (via BLX)
<LI><a href="#[83]">&gt;&gt;</a>&nbsp;&nbsp;&nbsp;_fp_digits (via BLX)
</UL>

<P><STRONG><a name="[c]"></a>_printf_fp_dec</STRONG> (ARM, 4 bytes, Stack size 0 bytes, printf1.o(x$fpl$printf1))
<BR><BR>[Stack]<UL><LI>Max Depth = 312<LI>Call Chain = _printf_fp_dec &rArr; _printf_fp_dec_real &rArr; _fp_digits &rArr; _btod_etento &rArr; _btod_emul &rArr; _e2e
</UL>
<BR>[Calls]<UL><LI><a href="#[88]">&gt;&gt;</a>&nbsp;&nbsp;&nbsp;_printf_fp_dec_real (via Veneer)
</UL>
<BR>[Called By]<UL><LI><a href="#[e]">&gt;&gt;</a>&nbsp;&nbsp;&nbsp;_printf_g
<LI><a href="#[d]">&gt;&gt;</a>&nbsp;&nbsp;&nbsp;_printf_e
<LI><a href="#[b]">&gt;&gt;</a>&nbsp;&nbsp;&nbsp;_printf_f
</UL>

<P><STRONG><a name="[10]"></a>_printf_fp_hex</STRONG> (ARM, 4 bytes, Stack size 0 bytes, printf2.o(x$fpl$printf2))
<BR><BR>[Stack]<UL><LI>Max Depth = 112<LI>Call Chain = _printf_fp_hex &rArr; _printf_fp_hex_real &rArr; _printf_fp_infnan &rArr; _printf_post_padding
</UL>
<BR>[Calls]<UL><LI><a href="#[8b]">&gt;&gt;</a>&nbsp;&nbsp;&nbsp;_printf_fp_hex_real (via Veneer)
</UL>
<BR>[Called By]<UL><LI><a href="#[f]">&gt;&gt;</a>&nbsp;&nbsp;&nbsp;_printf_a
</UL>
<P>
<H3>
Local Symbols
</H3>
<P><STRONG><a name="[47]"></a>my_skip_atoi</STRONG> (ARM, 72 bytes, Stack size 4 bytes, my_vsprintf.o(.text), UNUSED)
<BR><BR>[Calls]<UL><LI><a href="#[43]">&gt;&gt;</a>&nbsp;&nbsp;&nbsp;is_digit
</UL>
<BR>[Called By]<UL><LI><a href="#[3f]">&gt;&gt;</a>&nbsp;&nbsp;&nbsp;my_vsscanf
</UL>

<P><STRONG><a name="[92]"></a>__arm_div8</STRONG> (ARM, 0 bytes, Stack size unknown bytes, aeabi_sdiv.o(.text), UNUSED)
<BR><BR>[Called By]<UL><LI><a href="#[52]">&gt;&gt;</a>&nbsp;&nbsp;&nbsp;__aeabi_uidivmod
</UL>

<P><STRONG><a name="[91]"></a>__arm_div5</STRONG> (ARM, 0 bytes, Stack size unknown bytes, aeabi_sdiv.o(.text), UNUSED)
<BR><BR>[Called By]<UL><LI><a href="#[52]">&gt;&gt;</a>&nbsp;&nbsp;&nbsp;__aeabi_uidivmod
</UL>

<P><STRONG><a name="[90]"></a>__arm_div2</STRONG> (ARM, 0 bytes, Stack size unknown bytes, aeabi_sdiv.o(.text), UNUSED)
<BR><BR>[Called By]<UL><LI><a href="#[52]">&gt;&gt;</a>&nbsp;&nbsp;&nbsp;__aeabi_uidivmod
</UL>

<P><STRONG><a name="[93]"></a>__arm_div_large</STRONG> (ARM, 0 bytes, Stack size unknown bytes, aeabi_sdiv.o(.text), UNUSED)
<BR><BR>[Called By]<UL><LI><a href="#[52]">&gt;&gt;</a>&nbsp;&nbsp;&nbsp;__aeabi_uidivmod
</UL>

<P><STRONG><a name="[4]"></a>_printf_input_char</STRONG> (Thumb, 10 bytes, Stack size 0 bytes, _printf_char_common.o(.text))
<BR>[Address Reference Count : 1]<UL><LI> _printf_char_common.o(.text)
</UL>
<P><STRONG><a name="[83]"></a>_fp_digits</STRONG> (Thumb, 410 bytes, Stack size 96 bytes, _printf_fp_dec.o(.text))
<BR><BR>[Stack]<UL><LI>Max Depth = 216<LI>Call Chain = _fp_digits &rArr; _btod_etento &rArr; _btod_emul &rArr; _e2e
</UL>
<BR>[Calls]<UL><LI><a href="#[1]">&gt;&gt;</a>&nbsp;&nbsp;&nbsp;__ieee_status (via BLX)
<LI><a href="#[87]">&gt;&gt;</a>&nbsp;&nbsp;&nbsp;_btod_emul (via BLX)
<LI><a href="#[86]">&gt;&gt;</a>&nbsp;&nbsp;&nbsp;_btod_ediv (via BLX)
<LI><a href="#[85]">&gt;&gt;</a>&nbsp;&nbsp;&nbsp;_btod_d2e (via BLX)
<LI><a href="#[84]">&gt;&gt;</a>&nbsp;&nbsp;&nbsp;_btod_etento
<LI><a href="#[7e]">&gt;&gt;</a>&nbsp;&nbsp;&nbsp;_ll_udiv10 (via BLX)
</UL>
<BR>[Called By]<UL><LI><a href="#[88]">&gt;&gt;</a>&nbsp;&nbsp;&nbsp;_printf_fp_dec_real
</UL>
<P>
<H3>
Undefined Global Symbols
</H3>
<P><STRONG><a name="[8d]"></a>_printf_mbtowc</STRONG> (ARM, 0 bytes, Stack size 0 bytes, UNDEFINED)
<BR><BR>[Called By]<UL><LI><a href="#[8c]">&gt;&gt;</a>&nbsp;&nbsp;&nbsp;_printf_cs_common
</UL>

<P><STRONG><a name="[8f]"></a>_printf_wc</STRONG> (ARM, 0 bytes, Stack size 0 bytes, UNDEFINED)
<BR><BR>[Called By]<UL><LI><a href="#[8e]">&gt;&gt;</a>&nbsp;&nbsp;&nbsp;_printf_lcs_common
</UL>
<HR></body></html>
