ARM Linker, 5.03 [Build 24] [MDK-ARM Standard]

==============================================================================

Section Cross References

    min2451_led.o(Init) refers to clock.o(.text) for clock_init
    min2451_led.o(Init) refers to main.o(.text) for Main
    min2451_led.o(Init) refers to irq.o(.text) for do_irq
    main.o(.text) refers to mmu.o(.text) for MMU_Init
    main.o(.text) refers to uart.o(.text) for uart_init
    main.o(.text) refers to lcd.o(.text) for lcd_init
    main.o(.text) refers to irq.o(.text) for key_init
    main.o(.text) refers to uart_irq.o(.text) for Uart0_Interrupt_Init
    main.o(.text) refers to timer.o(.text) for time0_init
    main.o(.text) refers to printf.o(.text) for my_printf
    main.o(.text) refers to led.o(.text) for led_flag
    main.o(.text) refers to rtc.o(.text) for time_set
    main.o(.text) refers to album.o(.text) for change_photo_set
    main.o(.text) refers to main.o(.data) for IntoTimeFlag
    main.o(.text) refers to tu8.o(.constdata) for gImage_tu8
    printf.o(.text) refers to vsprintf.o(.text) for vsprintf
    printf.o(.text) refers to uart.o(.text) for putchar
    printf.o(.text) refers to strlen.o(.text) for strlen
    printf.o(.text) refers to rt_memclr_w.o(.text) for __aeabi_memclr4
    printf.o(.text) refers to my_vsprintf.o(.text) for my_vsscanf
    my_vsprintf.o(.text) refers to toupper.o(.text) for toupper
    my_vsprintf.o(.text) refers to rt_ctype_table.o(.text) for __rt_ctype_table
    lcd.o(.text) refers to rtc.o(.text) for RTC_Time_model_display
    lcd.o(.text) refers to rt_memcpy_w.o(.text) for __aeabi_memcpy4
    lcd.o(.text) refers to aeabi_sdiv.o(.text_udiv) for __aeabi_uidivmod
    lcd.o(.text) refers to irq.o(.text) for delay_ini
    lcd.o(.text) refers to lcd.o(.bss) for FRAME_BUFFER
    lcd.o(.text) refers to lcd.o(.constdata) for .constdata
    lcd.o(.text) refers to char.o(.constdata) for ab
    lcd.o(.text) refers to gbk.o(.constdata) for font
    lcd.o(.constdata) refers to tu1.o(.constdata) for gImage_tu1
    lcd.o(.constdata) refers to tu2.o(.constdata) for gImage_tu2
    lcd.o(.constdata) refers to tu3.o(.constdata) for gImage_tu3
    lcd.o(.constdata) refers to tu4.o(.constdata) for gImage_tu4
    lcd.o(.constdata) refers to tu5.o(.constdata) for gImage_tu5
    lcd.o(.constdata) refers to tu6.o(.constdata) for gImage_tu6
    lcd.o(.constdata) refers to tu7.o(.constdata) for gImage_tu7
    lcd.o(.constdata) refers to tu8.o(.constdata) for gImage_tu8
    irq.o(.text) refers to printf.o(.text) for my_printf
    irq.o(.text) refers to strcmp.o(.text) for strcmp
    irq.o(.text) refers to rt_memclr.o(.text) for __aeabi_memclr
    irq.o(.text) refers to irq.o(.data) for ch_i
    irq.o(.text) refers to irq.o(.bss) for temp
    irq.o(.text) refers to main.o(.data) for KeyOrAutoFlag
    mmu.o(.text) refers to 2440slib.o(C$$code) for MMU_DisableDCache
    rtc.o(.text) refers to aeabi_sdiv.o(.text) for __aeabi_idivmod
    rtc.o(.text) refers to lcd.o(.text) for lcd_draw_ch_en_str
    rtc.o(.text) refers to printf.o(.text) for my_printf
    rtc.o(.text) refers to rt_memclr.o(.text) for __aeabi_memclr
    rtc.o(.text) refers to main.o(.data) for KeyOrAutoFlag
    rtc.o(.text) refers to irq.o(.data) for UartRcvFlag
    rtc.o(.text) refers to irq.o(.bss) for temp
    album.o(.text) refers to rt_memclr.o(.text) for __aeabi_memclr
    album.o(.text) refers to rt_memcpy_w.o(.text) for __aeabi_memcpy4
    album.o(.text) refers to lcd.o(.text) for lcd_dis_pic_time
    album.o(.text) refers to irq.o(.data) for UartRcvFlag
    album.o(.text) refers to irq.o(.bss) for temp
    album.o(.text) refers to main.o(.data) for ChangePhotoTime
    album.o(.text) refers to album.o(.constdata) for .constdata
    album.o(.constdata) refers to tu1.o(.constdata) for gImage_tu1
    album.o(.constdata) refers to tu2.o(.constdata) for gImage_tu2
    album.o(.constdata) refers to tu3.o(.constdata) for gImage_tu3
    album.o(.constdata) refers to tu4.o(.constdata) for gImage_tu4
    album.o(.constdata) refers to tu5.o(.constdata) for gImage_tu5
    album.o(.constdata) refers to tu6.o(.constdata) for gImage_tu6
    album.o(.constdata) refers to tu7.o(.constdata) for gImage_tu7
    led.o(.text) refers to main.o(.data) for IntoTimeFlag
    rt_ctype_table.o(.text) refers to rt_locale.o(.text) for __rt_locale
    rt_ctype_table.o(.text) refers to lc_ctype_c.o(locale$$code) for _get_lc_ctype
    toupper.o(.text) refers to rt_ctype_table.o(.text) for __rt_ctype_table
    vsprintf.o(.text) refers (Special) to _printf_a.o(.ARM.Collect$$_printf_percent$$00000006) for _printf_a
    vsprintf.o(.text) refers (Special) to _printf_c.o(.ARM.Collect$$_printf_percent$$00000013) for _printf_c
    vsprintf.o(.text) refers (Special) to _printf_charcount.o(.text) for _printf_charcount
    vsprintf.o(.text) refers (Special) to _printf_d.o(.ARM.Collect$$_printf_percent$$00000009) for _printf_d
[...]
    __printf_flags_ss_wp.o(.text) refers to _printf_percent.o(.ARM.Collect$$_printf_percent$$00000000) for _printf_percent
    __printf_flags_ss_wp.o(.text) refers to __printf_flags_ss_wp.o(.constdata) for .constdata
    _printf_c.o(.ARM.Collect$$_printf_percent$$00000013) refers (Weak) to _printf_char.o(.text) for _printf_char
    _printf_s.o(.ARM.Collect$$_printf_percent$$00000014) refers (Weak) to _printf_char.o(.text) for _printf_string
    _printf_n.o(.ARM.Collect$$_printf_percent$$00000001) refers (Weak) to _printf_charcount.o(.text) for _printf_charcount
    _printf_x.o(.ARM.Collect$$_printf_percent$$0000000C) refers (Weak) to _printf_hex_int_ll_ptr.o(.text) for _printf_int_hex
    _printf_p.o(.ARM.Collect$$_printf_percent$$00000002) refers (Weak) to _printf_hex_int_ll_ptr.o(.text) for _printf_hex_ptr
    _printf_o.o(.ARM.Collect$$_printf_percent$$0000000B) refers (Weak) to _printf_oct_int_ll.o(.text) for _printf_int_oct
    _printf_i.o(.ARM.Collect$$_printf_percent$$00000008) refers (Weak) to _printf_dec.o(.text) for _printf_int_dec
    _printf_d.o(.ARM.Collect$$_printf_percent$$00000009) refers (Weak) to _printf_dec.o(.text) for _printf_int_dec
    _printf_u.o(.ARM.Collect$$_printf_percent$$0000000A) refers (Weak) to _printf_dec.o(.text) for _printf_int_dec
    _printf_f.o(.ARM.Collect$$_printf_percent$$00000003) refers (Weak) to printf1.o(x$fpl$printf1) for _printf_fp_dec
    _printf_e.o(.ARM.Collect$$_printf_percent$$00000004) refers (Weak) to printf1.o(x$fpl$printf1) for _printf_fp_dec
    _printf_g.o(.ARM.Collect$$_printf_percent$$00000005) refers (Weak) to printf1.o(x$fpl$printf1) for _printf_fp_dec
    _printf_a.o(.ARM.Collect$$_printf_percent$$00000006) refers (Weak) to printf2.o(x$fpl$printf2) for _printf_fp_hex
    _printf_percent.o(.ARM.Collect$$_printf_percent$$00000000) refers (Special) to _printf_percent_end.o(.ARM.Collect$$_printf_percent$$00000017) for _printf_percent_end
    _printf_lli.o(.ARM.Collect$$_printf_percent$$0000000D) refers (Special) to _printf_ll.o(.ARM.Collect$$_printf_percent$$00000007) for _printf_ll
    _printf_lli.o(.ARM.Collect$$_printf_percent$$0000000D) refers (Weak) to _printf_longlong_dec.o(.text) for _printf_longlong_dec
    _printf_lld.o(.ARM.Collect$$_printf_percent$$0000000E) refers (Special) to _printf_ll.o(.ARM.Collect$$_printf_percent$$00000007) for _printf_ll
    _printf_lld.o(.ARM.Collect$$_printf_percent$$0000000E) refers (Weak) to _printf_longlong_dec.o(.text) for _printf_longlong_dec
    _printf_llu.o(.ARM.Collect$$_printf_percent$$0000000F) refers (Special) to _printf_ll.o(.ARM.Collect$$_printf_percent$$00000007) for _printf_ll
    _printf_llu.o(.ARM.Collect$$_printf_percent$$0000000F) refers (Weak) to _printf_longlong_dec.o(.text) for _printf_longlong_dec
    _printf_lc.o(.ARM.Collect$$_printf_percent$$00000015) refers (Special) to _printf_l.o(.ARM.Collect$$_printf_percent$$00000012) for _printf_l
    _printf_lc.o(.ARM.Collect$$_printf_percent$$00000015) refers (Weak) to _printf_wchar.o(.text) for _printf_wchar
    _printf_ls.o(.ARM.Collect$$_printf_percent$$00000016) refers (Special) to _printf_l.o(.ARM.Collect$$_printf_percent$$00000012) for _printf_l
    _printf_ls.o(.ARM.Collect$$_printf_percent$$00000016) refers (Weak) to _printf_wchar.o(.text) for _printf_wstring
    _printf_llo.o(.ARM.Collect$$_printf_percent$$00000010) refers (Special) to _printf_ll.o(.ARM.Collect$$_printf_percent$$00000007) for _printf_ll
    _printf_llo.o(.ARM.Collect$$_printf_percent$$00000010) refers (Weak) to _printf_oct_int_ll.o(.text) for _printf_ll_oct
    _printf_llx.o(.ARM.Collect$$_printf_percent$$00000011) refers (Special) to _printf_ll.o(.ARM.Collect$$_printf_percent$$00000007) for _printf_ll
    _printf_llx.o(.ARM.Collect$$_printf_percent$$00000011) refers (Weak) to _printf_hex_int_ll_ptr.o(.text) for _printf_ll_hex
    lc_ctype_c.o(locale$$data) refers (Special) to libinit2.o(.ARM.Collect$$libinit$$00000011) for __rt_lib_init_lc_ctype_2
    lc_ctype_c.o(locale$$code) refers (Special) to libinit2.o(.ARM.Collect$$libinit$$00000011) for __rt_lib_init_lc_ctype_2
    lc_ctype_c.o(locale$$code) refers to strcmp.o(.text) for strcmp
    lc_ctype_c.o(locale$$code) refers to lc_ctype_c.o(locale$$data) for __lcctype_c_name
    printf1.o(x$fpl$printf1) refers to _printf_fp_dec.o(.text) for _printf_fp_dec_real
    printf2.o(x$fpl$printf2) refers to _printf_fp_hex.o(.text) for _printf_fp_hex_real
    printf2b.o(x$fpl$printf2) refers to _printf_fp_hex.o(.text) for _printf_fp_hex_real
    libspace.o(.text) refers to libspace.o(.bss) for __libspace_start
    rt_div0.o(.text) refers to defsig_fpe_outer.o(.text) for __rt_SIGFPE
    _printf_intcommon.o(.text) refers (Weak) to _printf_pad.o(.text) for _printf_pre_padding
    _printf_intcommon.o(.text) refers (Weak) to _printf_pad.o(.text) for _printf_pre_padding
    _printf_intcommon.o(.text) refers (Weak) to _printf_pad.o(.text) for _printf_post_padding
    _printf_fp_dec.o(.text) refers (Special) to usenofp.o(x$fpl$usenofp) for __I$use$fp
    _printf_fp_dec.o(.text) refers (Special) to lc_numeric_c.o(locale$$code) for _get_lc_numeric
    _printf_fp_dec.o(.text) refers to istatus.o(x$fpl$ieeestatus) for __ieee_status
    _printf_fp_dec.o(.text) refers to bigflt0.o(.text) for _btod_etento
    _printf_fp_dec.o(.text) refers to btod.o(CL$$btod_d2e) for _btod_d2e
    _printf_fp_dec.o(.text) refers to btod.o(CL$$btod_ediv) for _btod_ediv
    _printf_fp_dec.o(.text) refers to btod.o(CL$$btod_emul) for _btod_emul
    _printf_fp_dec.o(.text) refers to lludiv10.o(.text) for _ll_udiv10
    _printf_fp_dec.o(.text) refers to fpclassify.o(i.__ARM_fpclassify) for __ARM_fpclassify
    _printf_fp_dec.o(.text) refers to _printf_fp_infnan.o(.text) for _printf_fp_infnan
    _printf_fp_dec.o(.text) refers to rtudiv10.o(.text) for __rt_udiv10
    _printf_fp_dec.o(.text) refers (Weak) to _printf_pad.o(.text) for _printf_pre_padding
    _printf_fp_dec.o(.text) refers (Weak) to _printf_pad.o(.text) for _printf_pre_padding
    _printf_fp_dec.o(.text) refers to rt_locale.o(.text) for __rt_locale
    _printf_fp_dec.o(.text) refers (Weak) to _printf_pad.o(.text) for _printf_post_padding
    _printf_fp_hex.o(.text) refers (Special) to usenofp.o(x$fpl$usenofp) for __I$use$fp
    _printf_fp_hex.o(.text) refers to fpclassify.o(i.__ARM_fpclassify) for __ARM_fpclassify
    _printf_fp_hex.o(.text) refers to _printf_fp_infnan.o(.text) for _printf_fp_infnan
    _printf_fp_hex.o(.text) refers to istatus.o(x$fpl$ieeestatus) for __ieee_status
    _printf_fp_hex.o(.text) refers to aeabi_sdiv.o(.text) for __aeabi_idivmod
    _printf_fp_hex.o(.text) refers (Weak) to _printf_pad.o(.text) for _printf_pre_padding
    _printf_fp_hex.o(.text) refers (Weak) to _printf_pad.o(.text) for _printf_pre_padding
    _printf_fp_hex.o(.text) refers (Weak) to _printf_pad.o(.text) for _printf_post_padding
    _printf_fp_hex.o(.text) refers to _printf_fp_hex.o(.constdata) for .constdata
    _printf_fp_hex.o(.constdata) refers (Special) to usenofp.o(x$fpl$usenofp) for __I$use$fp
    _printf_char.o(.text) refers (Weak) to _printf_str.o(.text) for _printf_str
    _printf_wchar.o(.text) refers (Weak) to _printf_wctomb.o(.text) for _printf_wctomb
    _wcrtomb.o(.text) refers to rt_ctype_table.o(.text) for __rt_ctype_table
    libinit2.o(.ARM.Collect$$libinit$$00000001) refers to fpinit.o(x$fpl$fpinit) for _fp_init
    libinit2.o(.ARM.Collect$$libinit$$0000000D) refers (Weak) to rt_locale.o(.text) for __rt_locale
    libinit2.o(.ARM.Collect$$libinit$$0000000E) refers to libinit2.o(.ARM.Collect$$libinit$$0000000D) for .ARM.Collect$$libinit$$0000000D
    libinit2.o(.ARM.Collect$$libinit$$00000010) refers to libinit2.o(.ARM.Collect$$libinit$$0000000D) for .ARM.Collect$$libinit$$0000000D
    libinit2.o(.ARM.Collect$$libinit$$00000010) refers (Weak) to lc_ctype_c.o(locale$$code) for _get_lc_ctype
    libinit2.o(.ARM.Collect$$libinit$$00000012) refers to libinit2.o(.ARM.Collect$$libinit$$0000000D) for .ARM.Collect$$libinit$$0000000D
    libinit2.o(.ARM.Collect$$libinit$$00000014) refers to libinit2.o(.ARM.Collect$$libinit$$0000000D) for .ARM.Collect$$libinit$$0000000D
    libinit2.o(.ARM.Collect$$libinit$$00000014) refers (Weak) to lc_numeric_c.o(locale$$code) for _get_lc_numeric
    libinit2.o(.ARM.Collect$$libinit$$00000016) refers to libinit2.o(.ARM.Collect$$libinit$$0000000D) for .ARM.Collect$$libinit$$0000000D
    libinit2.o(.ARM.Collect$$libinit$$00000024) refers to argv_veneer.o(.emb_text) for __ARM_argv_veneer
    libinit2.o(.ARM.Collect$$libinit$$00000025) refers to argv_veneer.o(.emb_text) for __ARM_argv_veneer
    _printf_fp_infnan.o(.text) refers (Weak) to _printf_pad.o(.text) for _printf_pre_padding
    _printf_fp_infnan.o(.text) refers (Weak) to _printf_pad.o(.text) for _printf_post_padding
    bigflt0.o(.text) refers (Special) to usenofp.o(x$fpl$usenofp) for __I$use$fp
    bigflt0.o(.text) refers to aeabi_sdiv.o(.text) for __aeabi_idivmod
    bigflt0.o(.text) refers to btod.o(CL$$btod_emul) for _btod_emul
    bigflt0.o(.text) refers to btod.o(CL$$btod_ediv) for _btod_ediv
    bigflt0.o(.text) refers to bigflt0.o(.constdata) for .constdata
    bigflt0.o(.constdata) refers (Special) to usenofp.o(x$fpl$usenofp) for __I$use$fp
    btod.o(CL$$btod_d2e) refers (Special) to usenofp.o(x$fpl$usenofp) for __I$use$fp
    btod.o(CL$$btod_d2e) refers to btod.o(CL$$btod_d2e_norm_op1) for _d2e_norm_op1
    btod.o(CL$$btod_d2e_norm_op1) refers (Special) to usenofp.o(x$fpl$usenofp) for __I$use$fp
    btod.o(CL$$btod_d2e_norm_op1) refers to btod.o(CL$$btod_d2e_denorm_low) for _d2e_denorm_low
    btod.o(CL$$btod_d2e_denorm_low) refers (Special) to usenofp.o(x$fpl$usenofp) for __I$use$fp
    btod.o(CL$$btod_emul) refers (Special) to usenofp.o(x$fpl$usenofp) for __I$use$fp
    btod.o(CL$$btod_emul) refers to btod.o(CL$$btod_mult_common) for __btod_mult_common
    btod.o(CL$$btod_emul) refers to btod.o(CL$$btod_e2e) for _e2e
    btod.o(CL$$btod_ediv) refers (Special) to usenofp.o(x$fpl$usenofp) for __I$use$fp
    btod.o(CL$$btod_ediv) refers to btod.o(CL$$btod_div_common) for __btod_div_common
    btod.o(CL$$btod_ediv) refers to btod.o(CL$$btod_e2e) for _e2e
    btod.o(CL$$btod_emuld) refers (Special) to usenofp.o(x$fpl$usenofp) for __I$use$fp
    btod.o(CL$$btod_emuld) refers to btod.o(CL$$btod_mult_common) for __btod_mult_common
    btod.o(CL$$btod_emuld) refers to btod.o(CL$$btod_e2d) for _e2d
    btod.o(CL$$btod_edivd) refers (Special) to usenofp.o(x$fpl$usenofp) for __I$use$fp
    btod.o(CL$$btod_edivd) refers to btod.o(CL$$btod_div_common) for __btod_div_common
    btod.o(CL$$btod_edivd) refers to btod.o(CL$$btod_e2d) for _e2d
    btod.o(CL$$btod_e2e) refers (Special) to usenofp.o(x$fpl$usenofp) for __I$use$fp
    btod.o(CL$$btod_e2d) refers (Special) to usenofp.o(x$fpl$usenofp) for __I$use$fp
    btod.o(CL$$btod_e2d) refers to btod.o(CL$$btod_e2e) for _e2e
    btod.o(CL$$btod_mult_common) refers (Special) to usenofp.o(x$fpl$usenofp) for __I$use$fp
    btod.o(CL$$btod_div_common) refers (Special) to usenofp.o(x$fpl$usenofp) for __I$use$fp
    lc_numeric_c.o(locale$$data) refers (Special) to libinit2.o(.ARM.Collect$$libinit$$00000015) for __rt_lib_init_lc_numeric_2
    lc_numeric_c.o(locale$$code) refers (Special) to libinit2.o(.ARM.Collect$$libinit$$00000015) for __rt_lib_init_lc_numeric_2
    lc_numeric_c.o(locale$$code) refers to strcmp.o(.text) for strcmp
    lc_numeric_c.o(locale$$code) refers to lc_numeric_c.o(locale$$data) for __lcnum_c_name
    defsig_fpe_outer.o(.text) refers to defsig_fpe_inner.o(.text) for __rt_SIGFPE_inner
    defsig_fpe_outer.o(.text) refers to defsig_exit.o(.text) for __sig_exit
    defsig_fpe_formal.o(.text) refers to rt_raise.o(.text) for __rt_raise
    argv_veneer.o(.emb_text) refers to _get_argv_nomalloc.o(.text) for __ARM_get_argv
    istatus.o(x$fpl$ieeestatus) refers (Special) to usenofp.o(x$fpl$usenofp) for __I$use$fp
    fpclassify.o(i.__ARM_fpclassify) refers (Special) to usenofp.o(x$fpl$usenofp) for __I$use$fp
    rt_raise.o(.text) refers to __raise.o(.text) for __raise
    rt_raise.o(.text) refers to sys_exit.o(.text) for _sys_exit
    defsig_exit.o(.text) refers to sys_exit.o(.text) for _sys_exit
    defsig_fpe_inner.o(.text) refers to defsig_general.o(.text) for __default_signal_display
    _get_argv_nomalloc.o(.text) refers (Special) to hrguard.o(.text) for __heap_region$guard
    _get_argv_nomalloc.o(.text) refers to defsig_rtmem_outer.o(.text) for __rt_SIGRTMEM
    _get_argv_nomalloc.o(.text) refers to sys_command.o(.text) for _sys_command_string
    sys_command.o(.text) refers (Special) to use_no_semi.o(.text) for __I$use$semihosting
    sys_command.o(.text) refers (Special) to indicate_semi.o(.text) for __semihosting_library_function
    sys_exit.o(.text) refers (Special) to use_no_semi.o(.text) for __I$use$semihosting
    sys_exit.o(.text) refers (Special) to indicate_semi.o(.text) for __semihosting_library_function
    __raise.o(.text) refers to defsig.o(CL$$defsig) for __default_signal_handler
    defsig_general.o(.text) refers to sys_wrch.o(.text) for _ttywrch
    defsig_rtmem_outer.o(.text) refers to defsig_rtmem_inner.o(.text) for __rt_SIGRTMEM_inner
    defsig_rtmem_outer.o(.text) refers to defsig_exit.o(.text) for __sig_exit
    defsig_rtmem_formal.o(.text) refers to rt_raise.o(.text) for __rt_raise
    sys_wrch.o(.text) refers (Special) to use_no_semi.o(.text) for __I$use$semihosting
    sys_wrch.o(.text) refers (Special) to indicate_semi.o(.text) for __semihosting_library_function
    defsig_rtmem_inner.o(.text) refers to defsig_general.o(.text) for __default_signal_display
    defsig.o(CL$$defsig) refers to defsig_fpe_inner.o(.text) for __rt_SIGFPE_inner
    defsig.o(CL$$defsig) refers to defsig_rtmem_inner.o(.text) for __rt_SIGRTMEM_inner
    defsig_abrt_inner.o(.text) refers to defsig_general.o(.text) for __default_signal_display
    defsig_rtred_inner.o(.text) refers to defsig_general.o(.text) for __default_signal_display
    defsig_stak_inner.o(.text) refers to defsig_general.o(.text) for __default_signal_display
    defsig_pvfn_inner.o(.text) refers to defsig_general.o(.text) for __default_signal_display
    defsig_cppl_inner.o(.text) refers to defsig_general.o(.text) for __default_signal_display
    defsig_segv_inner.o(.text) refers to defsig_general.o(.text) for __default_signal_display
    defsig_other.o(.text) refers to defsig_general.o(.text) for __default_signal_display


==============================================================================

Removing Unused input sections from the image.

    Removing main.o(.constdata), (32 bytes).
    Removing nand.o(.text), (836 bytes).
    Removing fanbingbing.o(.constdata), (522240 bytes).

3 unused section(s) (total 523108 bytes) removed from the image.

==============================================================================

Adding Veneers to the image

    Adding AT veneer (8 bytes, Inline) for call to '_printf_int_dec' from _printf_i.o(.ARM.Collect$$_printf_percent$$00000008).
    Adding AT veneer (8 bytes, Inline) for call to '_printf_charcount' from _printf_n.o(.ARM.Collect$$_printf_percent$$00000001).
    Adding AT veneer (8 bytes, Inline) for call to '_printf_longlong_dec' from _printf_lli.o(.ARM.Collect$$_printf_percent$$0000000D).
    Adding AT veneer (8 bytes, Inline) for call to '_printf_int_oct' from _printf_o.o(.ARM.Collect$$_printf_percent$$0000000B).
    Adding AT veneer (8 bytes, Inline) for call to '_printf_hex_ptr' from _printf_p.o(.ARM.Collect$$_printf_percent$$00000002).
    Adding AT veneer (8 bytes, Inline) for call to '_printf_fp_hex_real' from printf2.o(x$fpl$printf2).
    Adding AT veneer (8 bytes, Inline) for call to '_printf_char' from _printf_c.o(.ARM.Collect$$_printf_percent$$00000013).
    Adding AT veneer (8 bytes, Inline) for call to '_printf_wchar' from _printf_lc.o(.ARM.Collect$$_printf_percent$$00000015).
    Adding AT veneer (8 bytes, Long) for call to '_printf_int_hex' from _printf_x.o(.ARM.Collect$$_printf_percent$$0000000C).
    Adding AT veneer (8 bytes, Long) for call to '_printf_ll_oct' from _printf_llo.o(.ARM.Collect$$_printf_percent$$00000010).
    Adding AT veneer (8 bytes, Long) for call to '_printf_ll_hex' from _printf_llx.o(.ARM.Collect$$_printf_percent$$00000011).
    Adding AT veneer (8 bytes, Long) for call to '_printf_string' from _printf_s.o(.ARM.Collect$$_printf_percent$$00000014).
    Adding AT veneer (8 bytes, Long) for call to '_printf_wstring' from _printf_ls.o(.ARM.Collect$$_printf_percent$$00000016).
    Adding AT veneer (8 bytes, Long) for call to '_printf_fp_dec_real' from printf1.o(x$fpl$printf1).

14 Veneer(s) (total 112 bytes) added to the image.

==============================================================================

Image Symbol Table

    Local Symbols

    Symbol Name                              Value     Ov Type        Size  Object(Section)

    ../clib/angel/rt.s                       0x00000000   Number         0  rt_locale_intlibspace.o ABSOLUTE
    ../clib/angel/rt.s                       0x00000000   Number         0  rt_raise.o ABSOLUTE
    ../clib/angel/rt.s                       0x00000000   Number         0  rt_ctype_table.o ABSOLUTE
    ../clib/angel/rt.s                       0x00000000   Number         0  rt_div0.o ABSOLUTE
    ../clib/angel/rt.s                       0x00000000   Number         0  rt_locale.o ABSOLUTE
    ../clib/angel/rt.s                       0x00000000   Number         0  aeabi_idiv0_sigfpe.o ABSOLUTE
    ../clib/angel/rt.s                       0x00000000   Number         0  aeabi_idiv0.o ABSOLUTE
    ../clib/angel/sys.s                      0x00000000   Number         0  libspace.o ABSOLUTE
    ../clib/angel/sys.s                      0x00000000   Number         0  indicate_semi.o ABSOLUTE
    ../clib/angel/sys.s                      0x00000000   Number         0  use_no_semi.o ABSOLUTE
    ../clib/angel/sysapp.c                   0x00000000   Number         0  sys_wrch.o ABSOLUTE
    ../clib/angel/sysapp.c                   0x00000000   Number         0  sys_command.o ABSOLUTE
    ../clib/angel/sysapp.c                   0x00000000   Number         0  sys_exit.o ABSOLUTE
    ../clib/armsys.c                         0x00000000   Number         0  argv_veneer.o ABSOLUTE
    ../clib/armsys.c                         0x00000000   Number         0  argv_veneer.o ABSOLUTE
    ../clib/armsys.c                         0x00000000   Number         0  _get_argv_nomalloc.o ABSOLUTE
    ../clib/armsys.c                         0x00000000   Number         0  no_argv.o ABSOLUTE
    ../clib/bigflt.c                         0x00000000   Number         0  bigflt0.o ABSOLUTE
    ../clib/btod.s                           0x00000000   Number         0  btod.o ABSOLUTE
    ../clib/ctype.c                          0x00000000   Number         0  toupper.o ABSOLUTE
    ../clib/division.s                       0x00000000   Number         0  aeabi_sdiv_div0.o ABSOLUTE
    ../clib/division.s                       0x00000000   Number         0  rtudiv10.o ABSOLUTE
    ../clib/division.s                       0x00000000   Number         0  aeabi_sdiv.o ABSOLUTE
    ../clib/divrt.s                          0x00000000   Number         0  divrt_9e.o ABSOLUTE
    ../clib/divrt.s                          0x00000000   Number         0  divrt_9e_div0.o ABSOLUTE
    ../clib/heapalloc.c                      0x00000000   Number         0  hrguard.o ABSOLUTE
    ../clib/libinit.s                        0x00000000   Number         0  libinit2.o ABSOLUTE
    ../clib/locale.c                         0x00000000   Number         0  _wcrtomb.o ABSOLUTE
    ../clib/locale.s                         0x00000000   Number         0  lc_ctype_c.o ABSOLUTE
    ../clib/locale.s                         0x00000000   Number         0  lc_numeric_c.o ABSOLUTE
    ../clib/longlong.s                       0x00000000   Number         0  lludiv10.o ABSOLUTE
    ../clib/memcpset.s                       0x00000000   Number         0  strcmp.o ABSOLUTE
    ../clib/memcpset.s                       0x00000000   Number         0  rt_memcpy_w.o ABSOLUTE
    ../clib/memcpset.s                       0x00000000   Number         0  rt_memclr.o ABSOLUTE
    ../clib/memcpset.s                       0x00000000   Number         0  rt_memclr_w.o ABSOLUTE
    ../clib/misc.s                           0x00000000   Number         0  printf_stubs.o ABSOLUTE
    ../clib/printf.c                         0x00000000   Number         0  _printf_hex_ptr.o ABSOLUTE
    ../clib/printf.c                         0x00000000   Number         0  _printf_hex_int_ptr.o ABSOLUTE
    ../clib/printf.c                         0x00000000   Number         0  _printf_hex_ll_ptr.o ABSOLUTE
    ../clib/printf.c                         0x00000000   Number         0  _printf_hex_int_ll_ptr.o ABSOLUTE
    ../clib/printf.c                         0x00000000   Number         0  __printf_flags.o ABSOLUTE
    ../clib/printf.c                         0x00000000   Number         0  __printf_ss.o ABSOLUTE
    ../clib/printf.c                         0x00000000   Number         0  __printf_flags_ss.o ABSOLUTE
    ../clib/printf.c                         0x00000000   Number         0  __printf_wp.o ABSOLUTE
    ../clib/printf.c                         0x00000000   Number         0  __printf_flags_wp.o ABSOLUTE
    ../clib/printf.c                         0x00000000   Number         0  __printf_ss_wp.o ABSOLUTE
    ../clib/printf.c                         0x00000000   Number         0  __printf_flags_ss_wp.o ABSOLUTE
    ../clib/printf.c                         0x00000000   Number         0  _printf_oct_int.o ABSOLUTE
    ../clib/printf.c                         0x00000000   Number         0  vsprintf.o ABSOLUTE
    ../clib/printf.c                         0x00000000   Number         0  _printf_fp_infnan.o ABSOLUTE
    ../clib/printf.c                         0x00000000   Number         0  _printf_truncate.o ABSOLUTE
    ../clib/printf.c                         0x00000000   Number         0  _printf_str.o ABSOLUTE
    ../clib/printf.c                         0x00000000   Number         0  _printf_dec.o ABSOLUTE
    ../clib/printf.c                         0x00000000   Number         0  _printf_charcount.o ABSOLUTE
    ../clib/printf.c                         0x00000000   Number         0  _printf_char_common.o ABSOLUTE
    ../clib/printf.c                         0x00000000   Number         0  _printf_wchar.o ABSOLUTE
    ../clib/printf.c                         0x00000000   Number         0  _printf_char.o ABSOLUTE
    ../clib/printf.c                         0x00000000   Number         0  __printf_nopercent.o ABSOLUTE
    ../clib/printf.c                         0x00000000   Number         0  _printf_fp_hex.o ABSOLUTE
    ../clib/printf.c                         0x00000000   Number         0  _printf_fp_dec.o ABSOLUTE
    ../clib/printf.c                         0x00000000   Number         0  _sputc.o ABSOLUTE
    ../clib/printf.c                         0x00000000   Number         0  _printf_wctomb.o ABSOLUTE
    ../clib/printf.c                         0x00000000   Number         0  _printf_longlong_dec.o ABSOLUTE
    ../clib/printf.c                         0x00000000   Number         0  _printf_oct_ll.o ABSOLUTE
    ../clib/printf.c                         0x00000000   Number         0  _printf_oct_int_ll.o ABSOLUTE
    ../clib/printf.c                         0x00000000   Number         0  _printf_intcommon.o ABSOLUTE
    ../clib/printf.c                         0x00000000   Number         0  _printf_hex_ll.o ABSOLUTE
    ../clib/printf.c                         0x00000000   Number         0  _printf_hex_int.o ABSOLUTE
    ../clib/printf.c                         0x00000000   Number         0  _printf_hex_int_ll.o ABSOLUTE
    ../clib/printf.c                         0x00000000   Number         0  __printf.o ABSOLUTE
    ../clib/printf.c                         0x00000000   Number         0  _printf_pad.o ABSOLUTE
    ../clib/printf_percent.s                 0x00000000   Number         0  _printf_x.o ABSOLUTE
    ../clib/printf_percent.s                 0x00000000   Number         0  _printf_c.o ABSOLUTE
    ../clib/printf_percent.s                 0x00000000   Number         0  _printf_n.o ABSOLUTE
    ../clib/printf_percent.s                 0x00000000   Number         0  _printf_i.o ABSOLUTE
    ../clib/printf_percent.s                 0x00000000   Number         0  _printf_d.o ABSOLUTE
    ../clib/printf_percent.s                 0x00000000   Number         0  _printf_u.o ABSOLUTE
    ../clib/printf_percent.s                 0x00000000   Number         0  _printf_percent_end.o ABSOLUTE
    ../clib/printf_percent.s                 0x00000000   Number         0  _printf_f.o ABSOLUTE
    ../clib/printf_percent.s                 0x00000000   Number         0  _printf_e.o ABSOLUTE
    ../clib/printf_percent.s                 0x00000000   Number         0  _printf_g.o ABSOLUTE
    ../clib/printf_percent.s                 0x00000000   Number         0  _printf_o.o ABSOLUTE
    ../clib/printf_percent.s                 0x00000000   Number         0  _printf_a.o ABSOLUTE
    ../clib/printf_percent.s                 0x00000000   Number         0  _printf_s.o ABSOLUTE
    ../clib/printf_percent.s                 0x00000000   Number         0  _printf_percent.o ABSOLUTE
    ../clib/printf_percent.s                 0x00000000   Number         0  _printf_ls.o ABSOLUTE
    ../clib/printf_percent.s                 0x00000000   Number         0  _printf_lli.o ABSOLUTE
    ../clib/printf_percent.s                 0x00000000   Number         0  _printf_lld.o ABSOLUTE
    ../clib/printf_percent.s                 0x00000000   Number         0  _printf_p.o ABSOLUTE
    ../clib/printf_percent.s                 0x00000000   Number         0  _printf_llu.o ABSOLUTE
    ../clib/printf_percent.s                 0x00000000   Number         0  _printf_ll.o ABSOLUTE
    ../clib/printf_percent.s                 0x00000000   Number         0  _printf_l.o ABSOLUTE
    ../clib/printf_percent.s                 0x00000000   Number         0  _printf_lc.o ABSOLUTE
    ../clib/printf_percent.s                 0x00000000   Number         0  _printf_llo.o ABSOLUTE
    ../clib/printf_percent.s                 0x00000000   Number         0  _printf_llx.o ABSOLUTE
    ../clib/signal.c                         0x00000000   Number         0  defsig_cppl_inner.o ABSOLUTE
    ../clib/signal.c                         0x00000000   Number         0  defsig_segv_inner.o ABSOLUTE
    ../clib/signal.c                         0x00000000   Number         0  defsig_other.o ABSOLUTE
    ../clib/signal.c                         0x00000000   Number         0  defsig_fpe_outer.o ABSOLUTE
    ../clib/signal.c                         0x00000000   Number         0  defsig_fpe_formal.o ABSOLUTE
    ../clib/signal.c                         0x00000000   Number         0  defsig_exit.o ABSOLUTE
    ../clib/signal.c                         0x00000000   Number         0  defsig_fpe_inner.o ABSOLUTE
    ../clib/signal.c                         0x00000000   Number         0  __raise.o ABSOLUTE
    ../clib/signal.c                         0x00000000   Number         0  defsig_general.o ABSOLUTE
    ../clib/signal.c                         0x00000000   Number         0  defsig_rtmem_outer.o ABSOLUTE
    ../clib/signal.c                         0x00000000   Number         0  defsig_rtmem_formal.o ABSOLUTE
    ../clib/signal.c                         0x00000000   Number         0  defsig_rtmem_inner.o ABSOLUTE
    ../clib/signal.c                         0x00000000   Number         0  defsig_abrt_inner.o ABSOLUTE
    ../clib/signal.c                         0x00000000   Number         0  defsig_rtred_inner.o ABSOLUTE
    ../clib/signal.c                         0x00000000   Number         0  defsig_stak_inner.o ABSOLUTE
    ../clib/signal.c                         0x00000000   Number         0  defsig_pvfn_inner.o ABSOLUTE
    ../clib/signal.s                         0x00000000   Number         0  defsig.o ABSOLUTE
    ../clib/string.c                         0x00000000   Number         0  strlen.o ABSOLUTE
    ../fplib/fpinit.s                        0x00000000   Number         0  fpinit.o ABSOLUTE
    ../fplib/istatus.s                       0x00000000   Number         0  istatus.o ABSOLUTE
    ../fplib/printf1.s                       0x00000000   Number         0  printf1.o ABSOLUTE
    ../fplib/printf2.s                       0x00000000   Number         0  printf2.o ABSOLUTE
    ../fplib/printf2a.s                      0x00000000   Number         0  printf2a.o ABSOLUTE
    ../fplib/printf2b.s                      0x00000000   Number         0  printf2b.o ABSOLUTE
    ../fplib/usenofp.s                       0x00000000   Number         0  usenofp.o ABSOLUTE
    ../mathlib/fpclassify.c                  0x00000000   Number         0  fpclassify.o ABSOLUTE
    2440slib.s                               0x00000000   Number         0  2440slib.o ABSOLUTE
    RTC.c                                    0x00000000   Number         0  rtc.o ABSOLUTE
    album.c                                  0x00000000   Number         0  album.o ABSOLUTE
    char.c                                   0x00000000   Number         0  char.o ABSOLUTE
    clock.c                                  0x00000000   Number         0  clock.o ABSOLUTE
    dc.s                                     0x00000000   Number         0  dc.o ABSOLUTE
    fanbingbing.c                            0x00000000   Number         0  fanbingbing.o ABSOLUTE
    gbk.c                                    0x00000000   Number         0  gbk.o ABSOLUTE
    irq.c                                    0x00000000   Number         0  irq.o ABSOLUTE
    lcd.c                                    0x00000000   Number         0  lcd.o ABSOLUTE
    led.c                                    0x00000000   Number         0  led.o ABSOLUTE
    main.c                                   0x00000000   Number         0  main.o ABSOLUTE
    min2451_led.s                            0x00000000   Number         0  min2451_led.o ABSOLUTE
    mmu.c                                    0x00000000   Number         0  mmu.o ABSOLUTE
    my_vsprintf.c                            0x00000000   Number         0  my_vsprintf.o ABSOLUTE
    nand.c                                   0x00000000   Number         0  nand.o ABSOLUTE
    printf.c                                 0x00000000   Number         0  printf.o ABSOLUTE
    timer.c                                  0x00000000   Number         0  timer.o ABSOLUTE
    tu1.c                                    0x00000000   Number         0  tu1.o ABSOLUTE
    tu2.c                                    0x00000000   Number         0  tu2.o ABSOLUTE
    tu3.c                                    0x00000000   Number         0  tu3.o ABSOLUTE
    tu4.c                                    0x00000000   Number         0  tu4.o ABSOLUTE
    tu5.c                                    0x00000000   Number         0  tu5.o ABSOLUTE
    tu6.c                                    0x00000000   Number         0  tu6.o ABSOLUTE
    tu7.c                                    0x00000000   Number         0  tu7.o ABSOLUTE
    tu8.c                                    0x00000000   Number         0  tu8.o ABSOLUTE
    uart.c                                   0x00000000   Number         0  uart.o ABSOLUTE
    uart_irq.c                               0x00000000   Number         0  uart_irq.o ABSOLUTE
    Init                                     0x30000000   Section      176  min2451_led.o(Init)
    .ARM.Collect$$_printf_percent$$00000000  0x300000b0   Section        0  _printf_percent.o(.ARM.Collect$$_printf_percent$$00000000)
    .ARM.Collect$$_printf_percent$$00000001  0x300000b0   Section        8  _printf_n.o(.ARM.Collect$$_printf_percent$$00000001)
    .ARM.Collect$$_printf_percent$$00000002  0x300000b8   Section        8  _printf_p.o(.ARM.Collect$$_printf_percent$$00000002)
    .ARM.Collect$$_printf_percent$$00000003  0x300000c0   Section        8  _printf_f.o(.ARM.Collect$$_printf_percent$$00000003)
    .ARM.Collect$$_printf_percent$$00000004  0x300000c8   Section        8  _printf_e.o(.ARM.Collect$$_printf_percent$$00000004)
    .ARM.Collect$$_printf_percent$$00000005  0x300000d0   Section        8  _printf_g.o(.ARM.Collect$$_printf_percent$$00000005)
    .ARM.Collect$$_printf_percent$$00000006  0x300000d8   Section        8  _printf_a.o(.ARM.Collect$$_printf_percent$$00000006)
    .ARM.Collect$$_printf_percent$$00000007  0x300000e0   Section       12  _printf_ll.o(.ARM.Collect$$_printf_percent$$00000007)
    .ARM.Collect$$_printf_percent$$00000008  0x300000ec   Section        8  _printf_i.o(.ARM.Collect$$_printf_percent$$00000008)
    .ARM.Collect$$_printf_percent$$00000009  0x300000f4   Section        8  _printf_d.o(.ARM.Collect$$_printf_percent$$00000009)
    .ARM.Collect$$_printf_percent$$0000000A  0x300000fc   Section        8  _printf_u.o(.ARM.Collect$$_printf_percent$$0000000A)
    .ARM.Collect$$_printf_percent$$0000000B  0x30000104   Section        8  _printf_o.o(.ARM.Collect$$_printf_percent$$0000000B)
    .ARM.Collect$$_printf_percent$$0000000C  0x3000010c   Section        8  _printf_x.o(.ARM.Collect$$_printf_percent$$0000000C)
    .ARM.Collect$$_printf_percent$$0000000D  0x30000114   Section        8  _printf_lli.o(.ARM.Collect$$_printf_percent$$0000000D)
    .ARM.Collect$$_printf_percent$$0000000E  0x3000011c   Section        8  _printf_lld.o(.ARM.Collect$$_printf_percent$$0000000E)
    .ARM.Collect$$_printf_percent$$0000000F  0x30000124   Section        8  _printf_llu.o(.ARM.Collect$$_printf_percent$$0000000F)
    .ARM.Collect$$_printf_percent$$00000010  0x3000012c   Section        8  _printf_llo.o(.ARM.Collect$$_printf_percent$$00000010)
    .ARM.Collect$$_printf_percent$$00000011  0x30000134   Section        8  _printf_llx.o(.ARM.Collect$$_printf_percent$$00000011)
    .ARM.Collect$$_printf_percent$$00000012  0x3000013c   Section       12  _printf_l.o(.ARM.Collect$$_printf_percent$$00000012)
    .ARM.Collect$$_printf_percent$$00000013  0x30000148   Section        8  _printf_c.o(.ARM.Collect$$_printf_percent$$00000013)
    .ARM.Collect$$_printf_percent$$00000014  0x30000150   Section        8  _printf_s.o(.ARM.Collect$$_printf_percent$$00000014)
    .ARM.Collect$$_printf_percent$$00000015  0x30000158   Section        8  _printf_lc.o(.ARM.Collect$$_printf_percent$$00000015)
    .ARM.Collect$$_printf_percent$$00000016  0x30000160   Section        8  _printf_ls.o(.ARM.Collect$$_printf_percent$$00000016)
    .ARM.Collect$$_printf_percent$$00000017  0x30000168   Section        8  _printf_percent_end.o(.ARM.Collect$$_printf_percent$$00000017)
    .ARM.Collect$$libinit$$00000011          0x30000170   Section        0  libinit2.o(.ARM.Collect$$libinit$$00000011)
    .ARM.Collect$$libinit$$00000015          0x30000170   Section        0  libinit2.o(.ARM.Collect$$libinit$$00000015)
    .text                                    0x30000170   Section        0  main.o(.text)
    .text                                    0x30000440   Section        0  clock.o(.text)
    .text                                    0x30000474   Section        0  uart.o(.text)
    .text                                    0x300004f8   Section        0  printf.o(.text)
    .text                                    0x300005ec   Section        0  my_vsprintf.o(.text)
    my_skip_atoi                             0x30000914   ARM Code      72  my_vsprintf.o(.text)
    .text                                    0x3000113c   Section        0  lcd.o(.text)
    .text                                    0x30001d54   Section        0  irq.o(.text)
    .text                                    0x30002328   Section        0  mmu.o(.text)
    .text                                    0x300025d8   Section        0  timer.o(.text)
    .text                                    0x30002628   Section        0  rtc.o(.text)
    .text                                    0x30002f00   Section        0  album.o(.text)
    .text                                    0x30003038   Section        0  uart_irq.o(.text)
    .text                                    0x30003088   Section        0  led.o(.text)
    .text                                    0x3000314c   Section       20  rt_ctype_table.o(.text)
    .text                                    0x30003160   Section        0  toupper.o(.text)
    .text                                    0x30003180   Section        0  vsprintf.o(.text)
    .text                                    0x300031a4   Section        0  strlen.o(.text)
    .text                                    0x300031e8   Section      100  rt_memcpy_w.o(.text)
    .text                                    0x3000324c   Section       64  rt_memclr.o(.text)
    .text                                    0x3000328c   Section       84  rt_memclr_w.o(.text)
    .text                                    0x300032e0   Section      160  strcmp.o(.text)
    .text                                    0x30003380   Section      380  aeabi_sdiv.o(.text)
    __arm_div8                               0x300033ac   ARM Code       0  aeabi_sdiv.o(.text)
    __arm_div5                               0x300033d0   ARM Code       0  aeabi_sdiv.o(.text)
    __arm_div2                               0x300033f4   ARM Code       0  aeabi_sdiv.o(.text)
    __arm_div_large                          0x30003430   ARM Code       0  aeabi_sdiv.o(.text)
    .text                                    0x300034fc   Section       12  rt_locale.o(.text)
    .text                                    0x30003508   Section        0  _printf_pad.o(.text)
    .text                                    0x30003556   Section        0  _printf_truncate.o(.text)
    .text                                    0x30003582   Section        0  _printf_str.o(.text)
    .text                                    0x300035dc   Section        0  _printf_dec.o(.text)
    .text                                    0x30003650   Section        0  _printf_charcount.o(.text)
    .text                                    0x30003678   Section        0  _printf_char_common.o(.text)
    _printf_input_char                       0x30003679   Thumb Code    10  _printf_char_common.o(.text)
    .text                                    0x300036a8   Section        0  _sputc.o(.text)
    .text                                    0x300036b4   Section        0  _printf_wctomb.o(.text)
    .text                                    0x30003778   Section        0  _printf_longlong_dec.o(.text)
    .text                                    0x300037f0   Section        0  _printf_oct_int_ll.o(.text)
    _printf_longlong_oct_internal            0x300037f1   Thumb Code     0  _printf_oct_int_ll.o(.text)
    .text                                    0x30003868   Section        0  _printf_hex_int_ll_ptr.o(.text)
    _printf_hex_common                       0x30003869   Thumb Code     0  _printf_hex_int_ll_ptr.o(.text)
    .text                                    0x30003900   Section        0  __printf_flags_ss_wp.o(.text)
    .text                                    0x30003a88   Section      152  lludiv10.o(.text)
    .text                                    0x30003b20   Section        0  _printf_intcommon.o(.text)
    .text                                    0x30003bd0   Section        0  _printf_fp_dec.o(.text)
    _fp_digits                               0x30003bd3   Thumb Code   410  _printf_fp_dec.o(.text)
    .text                                    0x30003fec   Section        0  _printf_fp_hex.o(.text)
    .text                                    0x300042c4   Section        0  _printf_char.o(.text)
    .text                                    0x300042fc   Section        0  _printf_wchar.o(.text)
    .text                                    0x3000432a   Section        0  _wcrtomb.o(.text)
    .text                                    0x30004370   Section       44  rtudiv10.o(.text)
    .text                                    0x3000439c   Section        0  _printf_fp_infnan.o(.text)
    .text                                    0x30004424   Section        0  bigflt0.o(.text)
    .text_udiv                               0x300044f8   Section       36  aeabi_sdiv.o(.text_udiv)
    C$$code                                  0x3000451c   Section      436  2440slib.o(C$$code)
    CL$$btod_d2e                             0x300046d0   Section       56  btod.o(CL$$btod_d2e)
    CL$$btod_d2e_denorm_low                  0x30004708   Section       84  btod.o(CL$$btod_d2e_denorm_low)
    CL$$btod_d2e_norm_op1                    0x3000475c   Section      104  btod.o(CL$$btod_d2e_norm_op1)
    CL$$btod_div_common                      0x300047c4   Section      840  btod.o(CL$$btod_div_common)
    CL$$btod_e2e                             0x30004b0c   Section      220  btod.o(CL$$btod_e2e)
    CL$$btod_ediv                            0x30004be8   Section       48  btod.o(CL$$btod_ediv)
    CL$$btod_emul                            0x30004c18   Section       48  btod.o(CL$$btod_emul)
    CL$$btod_mult_common                     0x30004c48   Section      612  btod.o(CL$$btod_mult_common)
    i.__ARM_fpclassify                       0x30004edc   Section        0  fpclassify.o(i.__ARM_fpclassify)
    i._is_digit                              0x30004f0c   Section        0  __printf_wp.o(i._is_digit)
    locale$$code                             0x30004f1c   Section       72  lc_ctype_c.o(locale$$code)
    locale$$code                             0x30004f64   Section       72  lc_numeric_c.o(locale$$code)
    x$fpl$ieeestatus                         0x30004fac   Section        8  istatus.o(x$fpl$ieeestatus)
    x$fpl$printf1                            0x30004fb4   Section        4  printf1.o(x$fpl$printf1)
    x$fpl$printf2                            0x30004fb8   Section        4  printf2.o(x$fpl$printf2)
    .constdata                               0x30004fbc   Section       64  lcd.o(.constdata)
    x$fpl$usenofp                            0x30004fbc   Section        0  usenofp.o(x$fpl$usenofp)
    .constdata                               0x30004ffc   Section     1520  char.o(.constdata)
    .constdata                               0x300055ec   Section    229942  gbk.o(.constdata)
    .constdata                               0x3003d822   Section    522248  tu1.o(.constdata)
    .constdata                               0x300bd02a   Section    522248  tu2.o(.constdata)
    .constdata                               0x3013c832   Section    522248  tu3.o(.constdata)
    .constdata                               0x301bc03a   Section    522248  tu4.o(.constdata)
    .constdata                               0x3023b842   Section    522248  tu5.o(.constdata)
    .constdata                               0x302bb04a   Section    522248  tu6.o(.constdata)
    .constdata                               0x3033a852   Section    522248  tu7.o(.constdata)
    .constdata                               0x303ba05c   Section       56  album.o(.constdata)
    .constdata                               0x303ba094   Section    522248  tu8.o(.constdata)
    .constdata                               0x3043989c   Section        8  _printf_wctomb.o(.constdata)
    initial_mbstate                          0x3043989c   Data           8  _printf_wctomb.o(.constdata)
    .constdata                               0x304398a4   Section       40  _printf_hex_int_ll_ptr.o(.constdata)
    uc_hextab                                0x304398a4   Data          20  _printf_hex_int_ll_ptr.o(.constdata)
    lc_hextab                                0x304398b8   Data          20  _printf_hex_int_ll_ptr.o(.constdata)
    .constdata                               0x304398cc   Section       17  __printf_flags_ss_wp.o(.constdata)
    maptable                                 0x304398cc   Data          17  __printf_flags_ss_wp.o(.constdata)
    .constdata                               0x304398dd   Section       38  _printf_fp_hex.o(.constdata)
    lc_hextab                                0x304398dd   Data          19  _printf_fp_hex.o(.constdata)
    uc_hextab                                0x304398f0   Data          19  _printf_fp_hex.o(.constdata)
    .constdata                               0x30439904   Section      148  bigflt0.o(.constdata)
    tenpwrs_x                                0x30439904   Data          60  bigflt0.o(.constdata)
    tenpwrs_i                                0x30439940   Data          64  bigflt0.o(.constdata)
    locale$$data                             0x30439998   Section      272  lc_ctype_c.o(locale$$data)
    __lcctype_c_name                         0x3043999c   Data           2  lc_ctype_c.o(locale$$data)
    __lcctype_c_start                        0x304399a4   Data           0  lc_ctype_c.o(locale$$data)
    locale$$data                             0x30439aa8   Section       28  lc_numeric_c.o(locale$$data)
    __lcctype_c_end                          0x30439aa8   Data           0  lc_ctype_c.o(locale$$data)
    __lcnum_c_name                           0x30439aac   Data           2  lc_numeric_c.o(locale$$data)
    __lcnum_c_start                          0x30439ab4   Data           0  lc_numeric_c.o(locale$$data)
    __lcnum_c_point                          0x30439ac0   Data           0  lc_numeric_c.o(locale$$data)
    __lcnum_c_thousands                      0x30439ac2   Data           0  lc_numeric_c.o(locale$$data)
    __lcnum_c_grouping                       0x30439ac3   Data           0  lc_numeric_c.o(locale$$data)
    __lcnum_c_end                            0x30439ac4   Data           0  lc_numeric_c.o(locale$$data)
    .data                                    0x31000000   Section       40  main.o(.data)
    .data                                    0x31000028   Section       12  irq.o(.data)
    .bss                                     0x31000034   Section    522240  lcd.o(.bss)
    .bss                                     0x3107f834   Section       30  irq.o(.bss)
    .bss                                     0x3107f854   Section       20  rt_locale.o(.bss)
    __rt_locale_data                         0x3107f854   Data          20  rt_locale.o(.bss)

    Global Symbols

    Symbol Name                              Value     Ov Type        Size  Object(Section)

    BuildAttributes$$THM_ISAv2$ARM_ISAv5$E$P$J$S$PE$A:L22$X:L11$S22$IEEE1$IW$~IW$USESV6$~STKCKD$USESV7$~SHL$OTIME$ROPI$IEEEJ$EBA8$STANDARDLIB$REQ8$PRES8$EABIv2 0x00000000   Number         0  anon$$obj.o ABSOLUTE
    _printf_flags                            0x00000000   Number         0  printf_stubs.o ABSOLUTE
    _printf_return_value                     0x00000000   Number         0  printf_stubs.o ABSOLUTE
    _printf_sizespec                         0x00000000   Number         0  printf_stubs.o ABSOLUTE
    _printf_widthprec                        0x00000000   Number         0  printf_stubs.o ABSOLUTE
    __ARM_exceptions_init                     - Undefined Weak Reference
    __alloca_initialize                       - Undefined Weak Reference
    __cpp_initialize__aeabi_                  - Undefined Weak Reference
    __sigvec_lookup                           - Undefined Weak Reference
    _atexit_init                              - Undefined Weak Reference
    _clock_init                               - Undefined Weak Reference
    _fp_trap_init                             - Undefined Weak Reference
    _get_lc_collate                           - Undefined Weak Reference
    _get_lc_monetary                          - Undefined Weak Reference
    _get_lc_time                              - Undefined Weak Reference
    _getenv_init                              - Undefined Weak Reference
    _handle_redirection                       - Undefined Weak Reference
    _init_alloc                               - Undefined Weak Reference
    _init_user_alloc                          - Undefined Weak Reference
    _initio                                   - Undefined Weak Reference
    _printf_mbtowc                            - Undefined Weak Reference
    _printf_wc                                - Undefined Weak Reference
    _rand_init                                - Undefined Weak Reference
    _signal_init                              - Undefined Weak Reference
    delay                                    0x30000070   ARM Code       0  min2451_led.o(Init)
    _printf_n                                0x300000b0   ARM Code       0  _printf_n.o(.ARM.Collect$$_printf_percent$$00000001)
    _printf_percent                          0x300000b0   ARM Code       0  _printf_percent.o(.ARM.Collect$$_printf_percent$$00000000)
    _printf_p                                0x300000b8   ARM Code       0  _printf_p.o(.ARM.Collect$$_printf_percent$$00000002)
    _printf_f                                0x300000c0   ARM Code       0  _printf_f.o(.ARM.Collect$$_printf_percent$$00000003)
    _printf_e                                0x300000c8   ARM Code       0  _printf_e.o(.ARM.Collect$$_printf_percent$$00000004)
    _printf_g                                0x300000d0   ARM Code       0  _printf_g.o(.ARM.Collect$$_printf_percent$$00000005)
    _printf_a                                0x300000d8   ARM Code       0  _printf_a.o(.ARM.Collect$$_printf_percent$$00000006)
    _printf_ll                               0x300000e0   ARM Code       0  _printf_ll.o(.ARM.Collect$$_printf_percent$$00000007)
    _printf_i                                0x300000ec   ARM Code       0  _printf_i.o(.ARM.Collect$$_printf_percent$$00000008)
    _printf_d                                0x300000f4   ARM Code       0  _printf_d.o(.ARM.Collect$$_printf_percent$$00000009)
    _printf_u                                0x300000fc   ARM Code       0  _printf_u.o(.ARM.Collect$$_printf_percent$$0000000A)
    _printf_o                                0x30000104   ARM Code       0  _printf_o.o(.ARM.Collect$$_printf_percent$$0000000B)
    _printf_x                                0x3000010c   ARM Code       0  _printf_x.o(.ARM.Collect$$_printf_percent$$0000000C)
    _printf_lli                              0x30000114   ARM Code       0  _printf_lli.o(.ARM.Collect$$_printf_percent$$0000000D)
    _printf_lld                              0x3000011c   ARM Code       0  _printf_lld.o(.ARM.Collect$$_printf_percent$$0000000E)
    _printf_llu                              0x30000124   ARM Code       0  _printf_llu.o(.ARM.Collect$$_printf_percent$$0000000F)
    _printf_llo                              0x3000012c   ARM Code       0  _printf_llo.o(.ARM.Collect$$_printf_percent$$00000010)
    _printf_llx                              0x30000134   ARM Code       0  _printf_llx.o(.ARM.Collect$$_printf_percent$$00000011)
    _printf_l                                0x3000013c   ARM Code       0  _printf_l.o(.ARM.Collect$$_printf_percent$$00000012)
    _printf_c                                0x30000148   ARM Code       0  _printf_c.o(.ARM.Collect$$_printf_percent$$00000013)
    _printf_s                                0x30000150   ARM Code       0  _printf_s.o(.ARM.Collect$$_printf_percent$$00000014)
    _printf_lc                               0x30000158   ARM Code       0  _printf_lc.o(.ARM.Collect$$_printf_percent$$00000015)
    _printf_ls                               0x30000160   ARM Code       0  _printf_ls.o(.ARM.Collect$$_printf_percent$$00000016)
    _printf_percent_end                      0x30000168   ARM Code       0  _printf_percent_end.o(.ARM.Collect$$_printf_percent$$00000017)
    Main                                     0x30000170   ARM Code     720  main.o(.text)
    __rt_lib_init_lc_ctype_2                 0x30000171   Thumb Code     0  libinit2.o(.ARM.Collect$$libinit$$00000011)
    __rt_lib_init_lc_numeric_2               0x30000171   Thumb Code     0  libinit2.o(.ARM.Collect$$libinit$$00000015)
    clock_init                               0x30000440   ARM Code      40  clock.o(.text)
    uart_init                                0x30000474   ARM Code      68  uart.o(.text)
    putchar                                  0x300004b8   ARM Code      32  uart.o(.text)
    getchar                                  0x300004d8   ARM Code      32  uart.o(.text)
    my_printf                                0x300004f8   ARM Code     104  printf.o(.text)
    my_scanf                                 0x30000560   ARM Code     140  printf.o(.text)
    is_digit                                 0x300005ec   ARM Code      36  my_vsprintf.o(.text)
    is_xdigit                                0x30000610   ARM Code      68  my_vsprintf.o(.text)
    iss_pace                                 0x30000654   ARM Code      72  my_vsprintf.o(.text)
    my_simple_strtoul                        0x3000069c   ARM Code     236  my_vsprintf.o(.text)
    my_simple_strtoull                       0x30000788   ARM Code     320  my_vsprintf.o(.text)
    my_simple_strtoll                        0x300008c8   ARM Code      76  my_vsprintf.o(.text)
    my_simple_strtol                         0x3000095c   ARM Code      72  my_vsprintf.o(.text)
    my_vsscanf                               0x300009a4   ARM Code    1944  my_vsprintf.o(.text)
    lcd_init                                 0x3000113c   ARM Code     292  lcd.o(.text)
    chear_test                               0x30001260   ARM Code      64  lcd.o(.text)
    lcd_dis_pic_time                         0x300012a0   ARM Code     116  lcd.o(.text)
    lcd_dis_pic                              0x30001314   ARM Code     116  lcd.o(.text)
    lcd_dis_pic_time_model                   0x30001388   ARM Code     128  lcd.o(.text)
    lcd_draw_cline                           0x30001408   ARM Code      76  lcd.o(.text)
    lcd_draw_squ                             0x30001454   ARM Code     264  lcd.o(.text)
    lcd_draw_char                            0x3000155c   ARM Code     288  lcd.o(.text)
    lcd_draw_str                             0x3000167c   ARM Code     120  lcd.o(.text)
    lcd_draw_chinese                         0x300016f4   ARM Code     492  lcd.o(.text)
    lcd_draw_chinese_str                     0x300018e0   ARM Code     196  lcd.o(.text)
    lcd_draw_ch_en_str                       0x300019a4   ARM Code     280  lcd.o(.text)
    lcd_dis_pic_half                         0x30001abc   ARM Code     208  lcd.o(.text)
    lcd_dis_pic_ten                          0x30001b8c   ARM Code     156  lcd.o(.text)
    lcd_dis_pic_four                         0x30001c28   ARM Code     240  lcd.o(.text)
    delay_int                                0x30001d54   ARM Code      20  irq.o(.text)
    uart_interrpt                            0x30001d68   ARM Code     876  irq.o(.text)
    delay_ini                                0x300020d4   ARM Code      20  irq.o(.text)
    key_interrupt                            0x300020e8   ARM Code     340  irq.o(.text)
    timer_interrupt                          0x3000223c   ARM Code      96  irq.o(.text)
    do_irq                                   0x3000229c   ARM Code      48  irq.o(.text)
    key_init                                 0x300022cc   ARM Code      68  irq.o(.text)
    MMU_SetMTT                               0x30002328   ARM Code      88  mmu.o(.text)
    MMU_Init                                 0x30002380   ARM Code     420  mmu.o(.text)
    ChangeRomCacheStatus                     0x30002524   ARM Code     136  mmu.o(.text)
    time0_init                               0x300025d8   ARM Code      76  timer.o(.text)
    RTC_Time_Set                             0x30002628   ARM Code      76  rtc.o(.text)
    BCDToInt                                 0x30002674   ARM Code      28  rtc.o(.text)
    RTC_Time_display                         0x30002690   ARM Code     612  rtc.o(.text)
    RTC_Time_model_display                   0x300028f4   ARM Code     852  rtc.o(.text)
    IntToBCD                                 0x30002c48   ARM Code      48  rtc.o(.text)
    time_set                                 0x30002c78   ARM Code     568  rtc.o(.text)
    change_photo_set                         0x30002f00   ARM Code     120  album.o(.text)
    change_photo_display                     0x30002f78   ARM Code      48  album.o(.text)
    change_photo_style_two                   0x30002fa8   ARM Code     120  album.o(.text)
    Uart0_Interrupt_Init                     0x30003038   ARM Code      40  uart_irq.o(.text)
    Uart0_Interrupt_Close                    0x30003060   ARM Code      40  uart_irq.o(.text)
    led_flag                                 0x30003088   ARM Code     188  led.o(.text)
    __rt_ctype_table                         0x3000314c   ARM Code      20  rt_ctype_table.o(.text)
    toupper                                  0x30003161   Thumb Code    30  toupper.o(.text)
    vsprintf                                 0x30003181   Thumb Code    32  vsprintf.o(.text)
    strlen                                   0x300031a5   Thumb Code    62  strlen.o(.text)
    __aeabi_memcpy4                          0x300031e8   ARM Code       0  rt_memcpy_w.o(.text)
    __aeabi_memcpy8                          0x300031e8   ARM Code       0  rt_memcpy_w.o(.text)
    __rt_memcpy_w                            0x300031e8   ARM Code     100  rt_memcpy_w.o(.text)
    _memcpy_lastbytes_aligned                0x30003234   ARM Code       0  rt_memcpy_w.o(.text)
    __aeabi_memclr                           0x3000324c   ARM Code       0  rt_memclr.o(.text)
    __rt_memclr                              0x3000324c   ARM Code      64  rt_memclr.o(.text)
    _memset                                  0x30003250   ARM Code       0  rt_memclr.o(.text)
    __aeabi_memclr4                          0x3000328c   ARM Code       0  rt_memclr_w.o(.text)
    __aeabi_memclr8                          0x3000328c   ARM Code       0  rt_memclr_w.o(.text)
    __rt_memclr_w                            0x3000328c   ARM Code      84  rt_memclr_w.o(.text)
    _memset_w                                0x30003290   ARM Code       0  rt_memclr_w.o(.text)
    strcmp                                   0x300032e0   ARM Code     156  strcmp.o(.text)
    __aeabi_idiv                             0x30003380   ARM Code       0  aeabi_sdiv.o(.text)
    __aeabi_idivmod                          0x30003380   ARM Code     380  aeabi_sdiv.o(.text)
    __rt_locale                              0x300034fc   ARM Code      12  rt_locale.o(.text)
    _printf_pre_padding                      0x30003509   Thumb Code    44  _printf_pad.o(.text)
    _printf_post_padding                     0x30003535   Thumb Code    34  _printf_pad.o(.text)
    _printf_truncate_signed                  0x30003557   Thumb Code    22  _printf_truncate.o(.text)
    _printf_truncate_unsigned                0x3000356d   Thumb Code    22  _printf_truncate.o(.text)
    _printf_str                              0x30003583   Thumb Code    82  _printf_str.o(.text)
    Inline ARM to Thumb Veneer to _printf_int_dec 0x300035d4   ARM Code       8  _printf_dec.o(.text)
    _printf_int_dec                          0x300035dd   Thumb Code    90  _printf_dec.o(.text)
    Inline ARM to Thumb Veneer to _printf_charcount 0x30003648   ARM Code       8  _printf_charcount.o(.text)
    _printf_charcount                        0x30003651   Thumb Code    40  _printf_charcount.o(.text)
    _printf_char_common                      0x30003683   Thumb Code    32  _printf_char_common.o(.text)
    _sputc                                   0x300036a9   Thumb Code    10  _sputc.o(.text)
    _printf_wctomb                           0x300036b5   Thumb Code   182  _printf_wctomb.o(.text)
    Inline ARM to Thumb Veneer to _printf_longlong_dec 0x30003770   ARM Code       8  _printf_longlong_dec.o(.text)
    _printf_longlong_dec                     0x30003779   Thumb Code    94  _printf_longlong_dec.o(.text)
    Inline ARM to Thumb Veneer to _printf_int_oct 0x300037e8   ARM Code       8  _printf_oct_int_ll.o(.text)
    _printf_longlong_oct                     0x300037f1   Thumb Code    68  _printf_oct_int_ll.o(.text)
    _printf_int_oct                          0x30003835   Thumb Code    24  _printf_oct_int_ll.o(.text)
    _printf_ll_oct                           0x3000384d   Thumb Code    10  _printf_oct_int_ll.o(.text)
    Inline ARM to Thumb Veneer to _printf_hex_ptr 0x30003860   ARM Code       8  _printf_hex_int_ll_ptr.o(.text)
    _printf_longlong_hex                     0x30003869   Thumb Code    88  _printf_hex_int_ll_ptr.o(.text)
    _printf_int_hex                          0x300038c1   Thumb Code    28  _printf_hex_int_ll_ptr.o(.text)
    _printf_ll_hex                           0x300038dd   Thumb Code    10  _printf_hex_int_ll_ptr.o(.text)
    _printf_hex_ptr                          0x300038e7   Thumb Code    22  _printf_hex_int_ll_ptr.o(.text)
    __printf                                 0x30003901   Thumb Code   386  __printf_flags_ss_wp.o(.text)
    _ll_udiv10                               0x30003a88   ARM Code     152  lludiv10.o(.text)
    _printf_int_common                       0x30003b21   Thumb Code   176  _printf_intcommon.o(.text)
    __lib_sel_fp_printf                      0x30003bd1   Thumb Code     2  _printf_fp_dec.o(.text)
    _printf_fp_dec_real                      0x30003d6d   Thumb Code   618  _printf_fp_dec.o(.text)
    Inline ARM to Thumb Veneer to _printf_fp_hex_real 0x30003fe4   ARM Code       8  _printf_fp_hex.o(.text)
    _printf_fp_hex_real                      0x30003fed   Thumb Code   712  _printf_fp_hex.o(.text)
    Inline ARM to Thumb Veneer to _printf_char 0x300042bc   ARM Code       8  _printf_char.o(.text)
    _printf_cs_common                        0x300042c5   Thumb Code    22  _printf_char.o(.text)
    _printf_char                             0x300042db   Thumb Code    16  _printf_char.o(.text)
    _printf_string                           0x300042eb   Thumb Code     8  _printf_char.o(.text)
    Inline ARM to Thumb Veneer to _printf_wchar 0x300042f4   ARM Code       8  _printf_wchar.o(.text)
    _printf_lcs_common                       0x300042fd   Thumb Code    22  _printf_wchar.o(.text)
    _printf_wchar                            0x30004313   Thumb Code    16  _printf_wchar.o(.text)
    _printf_wstring                          0x30004323   Thumb Code     8  _printf_wchar.o(.text)
    _wcrtomb                                 0x3000432b   Thumb Code    68  _wcrtomb.o(.text)
    __rt_udiv10                              0x30004370   ARM Code      44  rtudiv10.o(.text)
    _printf_fp_infnan                        0x3000439d   Thumb Code   120  _printf_fp_infnan.o(.text)
    _btod_etento                             0x30004425   Thumb Code   206  bigflt0.o(.text)
    __aeabi_uidiv                            0x300044f8   ARM Code       0  aeabi_sdiv.o(.text_udiv)
    __aeabi_uidivmod                         0x300044f8   ARM Code      36  aeabi_sdiv.o(.text_udiv)
    EnterCritical                            0x3000451c   ARM Code       0  2440slib.o(C$$code)
    ExitCritical                             0x30004530   ARM Code       0  2440slib.o(C$$code)
    SET_IF                                   0x3000453c   ARM Code       0  2440slib.o(C$$code)
    WR_IF                                    0x30004550   ARM Code       0  2440slib.o(C$$code)
    CLR_IF                                   0x30004558   ARM Code       0  2440slib.o(C$$code)
    outportw                                 0x30004568   ARM Code       4  2440slib.o(C$$code)
    inportw                                  0x30004570   ARM Code       4  2440slib.o(C$$code)
    MMU_EnableICache                         0x30004578   ARM Code       0  2440slib.o(C$$code)
    MMU_DisableICache                        0x30004588   ARM Code       0  2440slib.o(C$$code)
    MMU_EnableDCache                         0x30004598   ARM Code       0  2440slib.o(C$$code)
    MMU_DisableDCache                        0x300045a8   ARM Code       0  2440slib.o(C$$code)
    MMU_EnableAlignFault                     0x300045b8   ARM Code       0  2440slib.o(C$$code)
    MMU_DisableAlignFault                    0x300045c8   ARM Code       0  2440slib.o(C$$code)
    MMU_EnableMMU                            0x300045d8   ARM Code       0  2440slib.o(C$$code)
    MMU_DisableMMU                           0x300045e8   ARM Code       0  2440slib.o(C$$code)
    MMU_SetFastBusMode                       0x300045f8   ARM Code       0  2440slib.o(C$$code)
    MMU_SetAsyncBusMode                      0x30004608   ARM Code       0  2440slib.o(C$$code)
    MMU_SetTTBase                            0x30004618   ARM Code       0  2440slib.o(C$$code)
    MMU_SetDomain                            0x30004620   ARM Code       0  2440slib.o(C$$code)
    MMU_InvalidateIDCache                    0x30004628   ARM Code       0  2440slib.o(C$$code)
    MMU_InvalidateICache                     0x30004630   ARM Code       0  2440slib.o(C$$code)
    MMU_InvalidateICacheMVA                  0x30004638   ARM Code       0  2440slib.o(C$$code)
    MMU_PrefetchICacheMVA                    0x30004640   ARM Code       0  2440slib.o(C$$code)
    MMU_InvalidateDCache                     0x30004648   ARM Code       0  2440slib.o(C$$code)
    MMU_InvalidateDCacheMVA                  0x30004650   ARM Code       0  2440slib.o(C$$code)
    MMU_CleanDCacheMVA                       0x30004658   ARM Code       0  2440slib.o(C$$code)
    MMU_CleanInvalidateDCacheMVA             0x30004660   ARM Code       0  2440slib.o(C$$code)
    MMU_CleanDCacheIndex                     0x30004668   ARM Code       0  2440slib.o(C$$code)
    MMU_CleanInvalidateDCacheIndex           0x30004670   ARM Code       0  2440slib.o(C$$code)
    MMU_WaitForInterrupt                     0x30004678   ARM Code       0  2440slib.o(C$$code)
    MMU_InvalidateTLB                        0x30004680   ARM Code       0  2440slib.o(C$$code)
    MMU_InvalidateITLB                       0x30004688   ARM Code       0  2440slib.o(C$$code)
    MMU_InvalidateITLBMVA                    0x30004690   ARM Code       0  2440slib.o(C$$code)
    MMU_InvalidateDTLB                       0x30004698   ARM Code       0  2440slib.o(C$$code)
    MMU_InvalidateDTLBMVA                    0x300046a0   ARM Code       0  2440slib.o(C$$code)
    MMU_SetDCacheLockdownBase                0x300046a8   ARM Code       0  2440slib.o(C$$code)
    MMU_SetICacheLockdownBase                0x300046b0   ARM Code       0  2440slib.o(C$$code)
    MMU_SetDTLBLockdown                      0x300046b8   ARM Code       0  2440slib.o(C$$code)
    MMU_SetITLBLockdown                      0x300046c0   ARM Code       0  2440slib.o(C$$code)
    MMU_SetProcessId                         0x300046c8   ARM Code       0  2440slib.o(C$$code)
    _btod_d2e                                0x300046d0   ARM Code      56  btod.o(CL$$btod_d2e)
    _d2e_denorm_low                          0x30004708   ARM Code      84  btod.o(CL$$btod_d2e_denorm_low)
    _d2e_norm_op1                            0x3000475c   ARM Code     104  btod.o(CL$$btod_d2e_norm_op1)
    __btod_div_common                        0x300047c4   ARM Code     712  btod.o(CL$$btod_div_common)
    _e2e                                     0x30004b0c   ARM Code     220  btod.o(CL$$btod_e2e)
    _btod_ediv                               0x30004be8   ARM Code      48  btod.o(CL$$btod_ediv)
    _btod_emul                               0x30004c18   ARM Code      48  btod.o(CL$$btod_emul)
    __btod_mult_common                       0x30004c48   ARM Code     612  btod.o(CL$$btod_mult_common)
    Long ARM to Thumb Veneer to _printf_int_hex 0x30004eac   ARM Code       8  anon$$obj.o(Veneer$$Code)
    Long ARM to Thumb Veneer to _printf_ll_oct 0x30004eb4   ARM Code       8  anon$$obj.o(Veneer$$Code)
    Long ARM to Thumb Veneer to _printf_ll_hex 0x30004ebc   ARM Code       8  anon$$obj.o(Veneer$$Code)
    Long ARM to Thumb Veneer to _printf_string 0x30004ec4   ARM Code       8  anon$$obj.o(Veneer$$Code)
    Long ARM to Thumb Veneer to _printf_wstring 0x30004ecc   ARM Code       8  anon$$obj.o(Veneer$$Code)
    Long ARM to Thumb Veneer to _printf_fp_dec_real 0x30004ed4   ARM Code       8  anon$$obj.o(Veneer$$Code)
    __ARM_fpclassify                         0x30004edc   ARM Code      44  fpclassify.o(i.__ARM_fpclassify)
    _is_digit                                0x30004f0d   Thumb Code    14  __printf_wp.o(i._is_digit)
    _get_lc_ctype                            0x30004f1c   ARM Code      72  lc_ctype_c.o(locale$$code)
    _get_lc_numeric                          0x30004f64   ARM Code      72  lc_numeric_c.o(locale$$code)
    __ieee_status                            0x30004fac   ARM Code       8  istatus.o(x$fpl$ieeestatus)
    _printf_fp_dec                           0x30004fb4   ARM Code       4  printf1.o(x$fpl$printf1)
    _printf_fp_hex                           0x30004fb8   ARM Code       4  printf2.o(x$fpl$printf2)
    __I$use$fp                               0x30004fbc   Number         0  usenofp.o(x$fpl$usenofp)
    ab                                       0x30004ffc   Data        1520  char.o(.constdata)
    font                                     0x300055ec   Data       229942  gbk.o(.constdata)
    gImage_tu1                               0x3003d822   Data       522248  tu1.o(.constdata)
    gImage_tu2                               0x300bd02a   Data       522248  tu2.o(.constdata)
    gImage_tu3                               0x3013c832   Data       522248  tu3.o(.constdata)
    gImage_tu4                               0x301bc03a   Data       522248  tu4.o(.constdata)
    gImage_tu5                               0x3023b842   Data       522248  tu5.o(.constdata)
    gImage_tu6                               0x302bb04a   Data       522248  tu6.o(.constdata)
    gImage_tu7                               0x3033a852   Data       522248  tu7.o(.constdata)
    gImage_tu8                               0x303ba094   Data       522248  tu8.o(.constdata)
    __ctype                                  0x304399a5   Data           0  lc_ctype_c.o(locale$$data)
    Image$$ER_ROM1$$RO$$Limit                0x30439ac4   Number         0  lc_numeric_c.o(locale$$data)
    AutoNextPhoto                            0x31000000   Data           4  main.o(.data)
    Image$$RW_RAM1$$RW$$Base                 0x31000000   Number         0  main.o(.data)
    KeyNextPhoto                             0x31000004   Data           4  main.o(.data)
    KeyOrAutoFlag                            0x31000008   Data           4  main.o(.data)
    ChangePhotoStyleFlag                     0x3100000c   Data           4  main.o(.data)
    AutoNextPhotoFlag                        0x31000010   Data           4  main.o(.data)
    KeyNextPhotoFlagPlus                     0x31000014   Data           4  main.o(.data)
    KeyNextPhotoFlagSub                      0x31000018   Data           4  main.o(.data)
    PhotoModel                               0x3100001c   Data           4  main.o(.data)
    ChangePhotoTime                          0x31000020   Data           4  main.o(.data)
    IntoTimeFlag                             0x31000024   Data           4  main.o(.data)
    IrqTimeCount                             0x31000028   Data           4  irq.o(.data)
    ch_i                                     0x3100002c   Data           4  irq.o(.data)
    UartRcvFlag                              0x31000030   Data           4  irq.o(.data)
    FRAME_BUFFER                             0x31000034   Data       522240  lcd.o(.bss)
    Image$$RW_RAM1$$ZI$$Base                 0x31000034   Number         0  lcd.o(.bss)
    temp                                     0x3107f834   Data          30  irq.o(.bss)
    Image$$RW_RAM1$$ZI$$Limit                0x3107f868   Number         0  rt_locale.o(.bss)



==============================================================================

Memory Map of the image

  Image Entry point : 0x30000000

  Load Region LR_ROM1 (Base: 0x30000000, Size: 0x00439af8, Max: 0x01000000, ABSOLUTE)

    Execution Region ER_ROM1 (Base: 0x30000000, Size: 0x00439ac4, Max: 0x01000000, ABSOLUTE)

    Base Addr    Size         Type   Attr      Idx    E Section Name        Object

    0x30000000   0x000000b0   Code   RO            1  * Init                min2451_led.o
    0x300000b0   0x00000000   Code   RO          458    .ARM.Collect$$_printf_percent$$00000000  c_5.l(_printf_percent.o)
    0x300000b0   0x00000008   Code   RO          447    .ARM.Collect$$_printf_percent$$00000001  c_5.l(_printf_n.o)
    0x300000b8   0x00000008   Code   RO          449    .ARM.Collect$$_printf_percent$$00000002  c_5.l(_printf_p.o)
    0x300000c0   0x00000008   Code   RO          454    .ARM.Collect$$_printf_percent$$00000003  c_5.l(_printf_f.o)
    0x300000c8   0x00000008   Code   RO          455    .ARM.Collect$$_printf_percent$$00000004  c_5.l(_printf_e.o)
    0x300000d0   0x00000008   Code   RO          456    .ARM.Collect$$_printf_percent$$00000005  c_5.l(_printf_g.o)
    0x300000d8   0x00000008   Code   RO          457    .ARM.Collect$$_printf_percent$$00000006  c_5.l(_printf_a.o)
    0x300000e0   0x0000000c   Code   RO          462    .ARM.Collect$$_printf_percent$$00000007  c_5.l(_printf_ll.o)
    0x300000ec   0x00000008   Code   RO          451    .ARM.Collect$$_printf_percent$$00000008  c_5.l(_printf_i.o)
    0x300000f4   0x00000008   Code   RO          452    .ARM.Collect$$_printf_percent$$00000009  c_5.l(_printf_d.o)
    0x300000fc   0x00000008   Code   RO          453    .ARM.Collect$$_printf_percent$$0000000A  c_5.l(_printf_u.o)
    0x30000104   0x00000008   Code   RO          450    .ARM.Collect$$_printf_percent$$0000000B  c_5.l(_printf_o.o)
    0x3000010c   0x00000008   Code   RO          448    .ARM.Collect$$_printf_percent$$0000000C  c_5.l(_printf_x.o)
    0x30000114   0x00000008   Code   RO          459    .ARM.Collect$$_printf_percent$$0000000D  c_5.l(_printf_lli.o)
    0x3000011c   0x00000008   Code   RO          460    .ARM.Collect$$_printf_percent$$0000000E  c_5.l(_printf_lld.o)
    0x30000124   0x00000008   Code   RO          461    .ARM.Collect$$_printf_percent$$0000000F  c_5.l(_printf_llu.o)
    0x3000012c   0x00000008   Code   RO          466    .ARM.Collect$$_printf_percent$$00000010  c_5.l(_printf_llo.o)
    0x30000134   0x00000008   Code   RO          467    .ARM.Collect$$_printf_percent$$00000011  c_5.l(_printf_llx.o)
    0x3000013c   0x0000000c   Code   RO          463    .ARM.Collect$$_printf_percent$$00000012  c_5.l(_printf_l.o)
    0x30000148   0x00000008   Code   RO          445    .ARM.Collect$$_printf_percent$$00000013  c_5.l(_printf_c.o)
    0x30000150   0x00000008   Code   RO          446    .ARM.Collect$$_printf_percent$$00000014  c_5.l(_printf_s.o)
    0x30000158   0x00000008   Code   RO          464    .ARM.Collect$$_printf_percent$$00000015  c_5.l(_printf_lc.o)
    0x30000160   0x00000008   Code   RO          465    .ARM.Collect$$_printf_percent$$00000016  c_5.l(_printf_ls.o)
    0x30000168   0x00000008   Code   RO          499    .ARM.Collect$$_printf_percent$$00000017  c_5.l(_printf_percent_end.o)
    0x30000170   0x00000000   Code   RO          517    .ARM.Collect$$libinit$$00000011  c_5.l(libinit2.o)
    0x30000170   0x00000000   Code   RO          521    .ARM.Collect$$libinit$$00000015  c_5.l(libinit2.o)
    0x30000170   0x000002d0   Code   RO            6    .text               main.o
    0x30000440   0x00000034   Code   RO           66    .text               clock.o
    0x30000474   0x00000084   Code   RO           78    .text               uart.o
    0x300004f8   0x000000f4   Code   RO           90    .text               printf.o
    0x300005ec   0x00000b50   Code   RO          102    .text               my_vsprintf.o
    0x3000113c   0x00000c18   Code   RO          133    .text               lcd.o
    0x30001d54   0x000005d4   Code   RO          169    .text               irq.o
    0x30002328   0x000002b0   Code   RO          189    .text               mmu.o
    0x300025d8   0x00000050   Code   RO          207    .text               timer.o
    0x30002628   0x000008d8   Code   RO          219    .text               rtc.o
    0x30002f00   0x00000138   Code   RO          288    .text               album.o
    0x30003038   0x00000050   Code   RO          302    .text               uart_irq.o
    0x30003088   0x000000c4   Code   RO          321    .text               led.o
    0x3000314c   0x00000014   Code   RO          336    .text               c_5.l(rt_ctype_table.o)
    0x30003160   0x0000001e   Code   RO          338    .text               c_5.l(toupper.o)
    0x3000317e   0x00000002   PAD
    0x30003180   0x00000024   Code   RO          340    .text               c_5.l(vsprintf.o)
    0x300031a4   0x00000044   Code   RO          342    .text               c_5.l(strlen.o)
    0x300031e8   0x00000064   Code   RO          344    .text               c_5.l(rt_memcpy_w.o)
    0x3000324c   0x00000040   Code   RO          346    .text               c_5.l(rt_memclr.o)
    0x3000328c   0x00000054   Code   RO          348    .text               c_5.l(rt_memclr_w.o)
    0x300032e0   0x000000a0   Code   RO          350    .text               c_5.l(strcmp.o)
    0x30003380   0x0000017c   Code   RO          352    .text               c_5.l(aeabi_sdiv.o)
    0x300034fc   0x0000000c   Code   RO          372    .text               c_5.l(rt_locale.o)
    0x30003508   0x0000004e   Code   RO          379    .text               c_5.l(_printf_pad.o)
    0x30003556   0x0000002c   Code   RO          381    .text               c_5.l(_printf_truncate.o)
    0x30003582   0x00000052   Code   RO          383    .text               c_5.l(_printf_str.o)
    0x300035d4   0x00000008   Ven    RO          385    .text               c_5.l(_printf_dec.o)
    0x300035dc   0x0000006c   Code   RO          385    .text               c_5.l(_printf_dec.o)
    0x30003648   0x00000008   Ven    RO          387    .text               c_5.l(_printf_charcount.o)
    0x30003650   0x00000028   Code   RO          387    .text               c_5.l(_printf_charcount.o)
    0x30003678   0x00000030   Code   RO          389    .text               c_5.l(_printf_char_common.o)
    0x300036a8   0x0000000a   Code   RO          391    .text               c_5.l(_sputc.o)
    0x300036b2   0x00000002   PAD
    0x300036b4   0x000000bc   Code   RO          393    .text               c_5.l(_printf_wctomb.o)
    0x30003770   0x00000008   Ven    RO          396    .text               c_5.l(_printf_longlong_dec.o)
    0x30003778   0x00000070   Code   RO          396    .text               c_5.l(_printf_longlong_dec.o)
    0x300037e8   0x00000008   Ven    RO          402    .text               c_5.l(_printf_oct_int_ll.o)
    0x300037f0   0x00000070   Code   RO          402    .text               c_5.l(_printf_oct_int_ll.o)
    0x30003860   0x00000008   Ven    RO          422    .text               c_5.l(_printf_hex_int_ll_ptr.o)
    0x30003868   0x00000098   Code   RO          422    .text               c_5.l(_printf_hex_int_ll_ptr.o)
    0x30003900   0x00000188   Code   RO          442    .text               c_5.l(__printf_flags_ss_wp.o)
    0x30003a88   0x00000098   Code   RO          484    .text               c_5.l(lludiv10.o)
    0x30003b20   0x000000b0   Code   RO          486    .text               c_5.l(_printf_intcommon.o)
    0x30003bd0   0x00000414   Code   RO          488    .text               c_5.l(_printf_fp_dec.o)
    0x30003fe4   0x00000008   Ven    RO          490    .text               c_5.l(_printf_fp_hex.o)
    0x30003fec   0x000002d0   Code   RO          490    .text               c_5.l(_printf_fp_hex.o)
    0x300042bc   0x00000008   Ven    RO          495    .text               c_5.l(_printf_char.o)
    0x300042c4   0x0000002e   Code   RO          495    .text               c_5.l(_printf_char.o)
    0x300042f2   0x00000002   PAD
    0x300042f4   0x00000008   Ven    RO          497    .text               c_5.l(_printf_wchar.o)
    0x300042fc   0x0000002e   Code   RO          497    .text               c_5.l(_printf_wchar.o)
    0x3000432a   0x00000044   Code   RO          500    .text               c_5.l(_wcrtomb.o)
    0x3000436e   0x00000002   PAD
    0x30004370   0x0000002c   Code   RO          502    .text               c_5.l(rtudiv10.o)
    0x3000439c   0x00000088   Code   RO          547    .text               c_5.l(_printf_fp_infnan.o)
    0x30004424   0x000000d4   Code   RO          549    .text               c_5.l(bigflt0.o)
    0x300044f8   0x00000024   Code   RO          353    .text_udiv          c_5.l(aeabi_sdiv.o)
    0x3000451c   0x000001b4   Code   RO          186    C$$code             2440slib.o
    0x300046d0   0x00000038   Code   RO          552    CL$$btod_d2e        c_5.l(btod.o)
    0x30004708   0x00000054   Code   RO          554    CL$$btod_d2e_denorm_low  c_5.l(btod.o)
    0x3000475c   0x00000068   Code   RO          553    CL$$btod_d2e_norm_op1  c_5.l(btod.o)
    0x300047c4   0x00000348   Code   RO          562    CL$$btod_div_common  c_5.l(btod.o)
    0x30004b0c   0x000000dc   Code   RO          559    CL$$btod_e2e        c_5.l(btod.o)
    0x30004be8   0x00000030   Code   RO          556    CL$$btod_ediv       c_5.l(btod.o)
    0x30004c18   0x00000030   Code   RO          555    CL$$btod_emul       c_5.l(btod.o)
    0x30004c48   0x00000264   Code   RO          561    CL$$btod_mult_common  c_5.l(btod.o)
    0x30004eac   0x00000008   Ven    RO          646    Veneer$$Code        anon$$obj.o
    0x30004eb4   0x00000008   Ven    RO          647    Veneer$$Code        anon$$obj.o
    0x30004ebc   0x00000008   Ven    RO          648    Veneer$$Code        anon$$obj.o
    0x30004ec4   0x00000008   Ven    RO          649    Veneer$$Code        anon$$obj.o
    0x30004ecc   0x00000008   Ven    RO          650    Veneer$$Code        anon$$obj.o
    0x30004ed4   0x00000008   Ven    RO          651    Veneer$$Code        anon$$obj.o
    0x30004edc   0x00000030   Code   RO          588    i.__ARM_fpclassify  m_5s.l(fpclassify.o)
    0x30004f0c   0x0000000e   Code   RO          435    i._is_digit         c_5.l(__printf_wp.o)
    0x30004f1a   0x00000002   PAD
    0x30004f1c   0x00000048   Code   RO          469    locale$$code        c_5.l(lc_ctype_c.o)
    0x30004f64   0x00000048   Code   RO          575    locale$$code        c_5.l(lc_numeric_c.o)
    0x30004fac   0x00000008   Code   RO          585    x$fpl$ieeestatus    fz_5s.l(istatus.o)
    0x30004fb4   0x00000004   Code   RO          471    x$fpl$printf1       fz_5s.l(printf1.o)
    0x30004fb8   0x00000004   Code   RO          473    x$fpl$printf2       fz_5s.l(printf2.o)
    0x30004fbc   0x00000000   Code   RO          587    x$fpl$usenofp       fz_5s.l(usenofp.o)
    0x30004fbc   0x00000040   Data   RO          135    .constdata          lcd.o
    0x30004ffc   0x000005f0   Data   RO          162    .constdata          char.o
    0x300055ec   0x00038236   Data   RO          232    .constdata          gbk.o
    0x3003d822   0x0007f808   Data   RO          239    .constdata          tu1.o
    0x300bd02a   0x0007f808   Data   RO          246    .constdata          tu2.o
    0x3013c832   0x0007f808   Data   RO          253    .constdata          tu3.o
    0x301bc03a   0x0007f808   Data   RO          260    .constdata          tu4.o
    0x3023b842   0x0007f808   Data   RO          267    .constdata          tu5.o
    0x302bb04a   0x0007f808   Data   RO          274    .constdata          tu6.o
    0x3033a852   0x0007f808   Data   RO          281    .constdata          tu7.o
    0x303ba05a   0x00000002   PAD
    0x303ba05c   0x00000038   Data   RO          289    .constdata          album.o
    0x303ba094   0x0007f808   Data   RO          314    .constdata          tu8.o
    0x3043989c   0x00000008   Data   RO          394    .constdata          c_5.l(_printf_wctomb.o)
    0x304398a4   0x00000028   Data   RO          423    .constdata          c_5.l(_printf_hex_int_ll_ptr.o)
    0x304398cc   0x00000011   Data   RO          443    .constdata          c_5.l(__printf_flags_ss_wp.o)
    0x304398dd   0x00000026   Data   RO          491    .constdata          c_5.l(_printf_fp_hex.o)
    0x30439903   0x00000001   PAD
    0x30439904   0x00000094   Data   RO          550    .constdata          c_5.l(bigflt0.o)
    0x30439998   0x00000110   Data   RO          468    locale$$data        c_5.l(lc_ctype_c.o)
    0x30439aa8   0x0000001c   Data   RO          574    locale$$data        c_5.l(lc_numeric_c.o)


    Execution Region RW_RAM1 (Base: 0x31000000, Size: 0x0007f868, Max: 0x01000000, ABSOLUTE)

    Base Addr    Size         Type   Attr      Idx    E Section Name        Object

    0x31000000   0x00000028   Data   RW            8    .data               main.o
    0x31000028   0x0000000c   Data   RW          171    .data               irq.o
    0x31000034   0x0007f800   Zero   RW          134    .bss                lcd.o
    0x3107f834   0x0000001e   Zero   RW          170    .bss                irq.o
    0x3107f852   0x00000002   PAD
    0x3107f854   0x00000014   Zero   RW          373    .bss                c_5.l(rt_locale.o)


    Execution Region RW_IRAM1 (Base: 0x40000000, Size: 0x00000000, Max: 0x00001000, ABSOLUTE)

    **** No section assigned to this execution region ****


==============================================================================

Image component sizes


      Code (inc. data)   RO Data    RW Data    ZI Data      Debug   Object Name

       436          0          0          0          0        360   2440slib.o
       312         24         56          0          0        979   album.o
         0          0       1520          0          0        385   char.o
        52         12          0          0          0        393   clock.o
         0          0     229942          0          0        439   gbk.o
      1492        264          0         12         30       2694   irq.o
      3096         60         64          0     522240       5919   lcd.o
       196          8          0          0          0        419   led.o
       720         84          0         40          0       3534   main.o
       176         24          0          0          0        276   min2451_led.o
       688         44          0          0          0       1147   mmu.o
      2896          8          0          0          0       5277   my_vsprintf.o
       244          0          0          0          0        973   printf.o
      2264         80          0          0          0       2854   rtc.o
        80          4          0          0          0        401   timer.o
         0          0     522248          0          0        393   tu1.o
         0          0     522248          0          0        393   tu2.o
         0          0     522248          0          0        393   tu3.o
         0          0     522248          0          0        393   tu4.o
         0          0     522248          0          0        393   tu5.o
         0          0     522248          0          0        393   tu6.o
         0          0     522248          0          0        393   tu7.o
         0          0     522248          0          0        393   tu8.o
       132          0          0          0          0        708   uart.o
        80          0          0          0          0        529   uart_irq.o

    ----------------------------------------------------------------------
     12912        636    4409568         52     522272      30431   Object Totals
        48         24          0          0          0          0   (incl. Generated)
         0          0          2          0          2          0   (incl. Padding)

    ----------------------------------------------------------------------

      Code (inc. data)   RO Data    RW Data    ZI Data      Debug   Library Member Name

       392          6         17          0          0         76   __printf_flags_ss_wp.o
        14          0          0          0          0         60   __printf_wp.o
         8          0          0          0          0          0   _printf_a.o
         8          0          0          0          0          0   _printf_c.o
        54          0          0          0          0        100   _printf_char.o
        48          6          0          0          0         88   _printf_char_common.o
        48          0          0          0          0         60   _printf_charcount.o
         8          0          0          0          0          0   _printf_d.o
       116         18          0          0          0         76   _printf_dec.o
         8          0          0          0          0          0   _printf_e.o
         8          0          0          0          0          0   _printf_f.o
      1044         14          0          0          0        172   _printf_fp_dec.o
       728          8         38          0          0         84   _printf_fp_hex.o
       136         16          0          0          0         76   _printf_fp_infnan.o
         8          0          0          0          0          0   _printf_g.o
       160          4         40          0          0        148   _printf_hex_int_ll_ptr.o
         8          0          0          0          0          0   _printf_i.o
       176          0          0          0          0         80   _printf_intcommon.o
        12          0          0          0          0          0   _printf_l.o
         8          0          0          0          0          0   _printf_lc.o
        12          0          0          0          0          0   _printf_ll.o
         8          0          0          0          0          0   _printf_lld.o
         8          0          0          0          0          0   _printf_lli.o
         8          0          0          0          0          0   _printf_llo.o
         8          0          0          0          0          0   _printf_llu.o
         8          0          0          0          0          0   _printf_llx.o
       120         18          0          0          0         76   _printf_longlong_dec.o
         8          0          0          0          0          0   _printf_ls.o
         8          0          0          0          0          0   _printf_n.o
         8          0          0          0          0          0   _printf_o.o
       120         10          0          0          0        112   _printf_oct_int_ll.o
         8          0          0          0          0          0   _printf_p.o
        78          0          0          0          0        100   _printf_pad.o
         0          0          0          0          0          0   _printf_percent.o
         8          0          0          0          0          0   _printf_percent_end.o
         8          0          0          0          0          0   _printf_s.o
        82          0          0          0          0         72   _printf_str.o
        44          0          0          0          0         76   _printf_truncate.o
         8          0          0          0          0          0   _printf_u.o
        54          0          0          0          0        100   _printf_wchar.o
       188          6          8          0          0         80   _printf_wctomb.o
         8          0          0          0          0          0   _printf_x.o
        10          0          0          0          0         60   _sputc.o
        68          0          0          0          0         72   _wcrtomb.o
       416          0          0          0          0        144   aeabi_sdiv.o
       212          6        148          0          0         80   bigflt0.o
      2012        128          0          0          0        672   btod.o
        72          8        272          0          0         76   lc_ctype_c.o
        72          8         28          0          0         76   lc_numeric_c.o
         0          0          0          0          0          0   libinit2.o
       152          0          0          0          0         80   lludiv10.o
        20          4          0          0          0         76   rt_ctype_table.o
        12          4          0          0         20         68   rt_locale.o
        64          0          0          0          0         68   rt_memclr.o
        84          0          0          0          0         80   rt_memclr_w.o
       100          0          0          0          0         80   rt_memcpy_w.o
        44          0          0          0          0         68   rtudiv10.o
       160          4          0          0          0         80   strcmp.o
        68          6          0          0          0         72   strlen.o
        30          0          0          0          0         68   toupper.o
        36          4          0          0          0         68   vsprintf.o
         8          0          0          0          0         68   istatus.o
         4          0          0          0          0         68   printf1.o
         4          0          0          0          0         68   printf2.o
         0          0          0          0          0          0   usenofp.o
        48          4          0          0          0         68   fpclassify.o

    ----------------------------------------------------------------------
      7500        282        552          0         20       3896   Library Totals
        10          0          1          0          0          0   (incl. Padding)

    ----------------------------------------------------------------------

      Code (inc. data)   RO Data    RW Data    ZI Data      Debug   Library Name

      7426        278        551          0         20       3624   c_5.l
        16          0          0          0          0        204   fz_5s.l
        48          4          0          0          0         68   m_5s.l

    ----------------------------------------------------------------------
      7500        282        552          0         20       3896   Library Totals

    ----------------------------------------------------------------------

==============================================================================


      Code (inc. data)   RO Data    RW Data    ZI Data      Debug   

     20412        918    4410120         52     522292      31339   Grand Totals
     20412        918    4410120         52     522292      31339   ELF Image Totals
     20412        918    4410120         52          0          0   ROM Totals

==============================================================================

    Total RO  Size (Code + RO Data)              4430532 (4326.69kB)
    Total RW  Size (RW Data + ZI Data)            522344 ( 510.10kB)
    Total ROM Size (Code + RO Data + RW Data)    4430584 (4326.74kB)

==============================================================================

